Archive member included to satisfy reference by file (symbol)

c:/st/stm32cubeide_1.7.0/stm32cubeide/plugins/com.st.stm32cube.ide.mcu.externaltools.gnu-tools-for-stm32.10.3-2021.10.win32_1.0.0.202111181127/tools/bin/../lib/gcc/arm-none-eabi/10.3.1/../../../../arm-none-eabi/lib/thumb/v7-m/nofp\libc_nano.a(lib_a-errno.o)
                              ./Core/Src/syscalls.o (__errno)
c:/st/stm32cubeide_1.7.0/stm32cubeide/plugins/com.st.stm32cube.ide.mcu.externaltools.gnu-tools-for-stm32.10.3-2021.10.win32_1.0.0.202111181127/tools/bin/../lib/gcc/arm-none-eabi/10.3.1/../../../../arm-none-eabi/lib/thumb/v7-m/nofp\libc_nano.a(lib_a-exit.o)
                              c:/st/stm32cubeide_1.7.0/stm32cubeide/plugins/com.st.stm32cube.ide.mcu.externaltools.gnu-tools-for-stm32.10.3-2021.10.win32_1.0.0.202111181127/tools/bin/../lib/gcc/arm-none-eabi/10.3.1/../../../../arm-none-eabi/lib/thumb/v7-m/nofp/crt0.o (exit)
c:/st/stm32cubeide_1.7.0/stm32cubeide/plugins/com.st.stm32cube.ide.mcu.externaltools.gnu-tools-for-stm32.10.3-2021.10.win32_1.0.0.202111181127/tools/bin/../lib/gcc/arm-none-eabi/10.3.1/../../../../arm-none-eabi/lib/thumb/v7-m/nofp\libc_nano.a(lib_a-impure.o)
                              c:/st/stm32cubeide_1.7.0/stm32cubeide/plugins/com.st.stm32cube.ide.mcu.externaltools.gnu-tools-for-stm32.10.3-2021.10.win32_1.0.0.202111181127/tools/bin/../lib/gcc/arm-none-eabi/10.3.1/../../../../arm-none-eabi/lib/thumb/v7-m/nofp\libc_nano.a(lib_a-exit.o) (_global_impure_ptr)
c:/st/stm32cubeide_1.7.0/stm32cubeide/plugins/com.st.stm32cube.ide.mcu.externaltools.gnu-tools-for-stm32.10.3-2021.10.win32_1.0.0.202111181127/tools/bin/../lib/gcc/arm-none-eabi/10.3.1/../../../../arm-none-eabi/lib/thumb/v7-m/nofp\libc_nano.a(lib_a-init.o)
                              c:/st/stm32cubeide_1.7.0/stm32cubeide/plugins/com.st.stm32cube.ide.mcu.externaltools.gnu-tools-for-stm32.10.3-2021.10.win32_1.0.0.202111181127/tools/bin/../lib/gcc/arm-none-eabi/10.3.1/../../../../arm-none-eabi/lib/thumb/v7-m/nofp/crt0.o (__libc_init_array)
c:/st/stm32cubeide_1.7.0/stm32cubeide/plugins/com.st.stm32cube.ide.mcu.externaltools.gnu-tools-for-stm32.10.3-2021.10.win32_1.0.0.202111181127/tools/bin/../lib/gcc/arm-none-eabi/10.3.1/../../../../arm-none-eabi/lib/thumb/v7-m/nofp\libc_nano.a(lib_a-malloc.o)
                              ./Core/Src/MS_Screen.o (malloc)
c:/st/stm32cubeide_1.7.0/stm32cubeide/plugins/com.st.stm32cube.ide.mcu.externaltools.gnu-tools-for-stm32.10.3-2021.10.win32_1.0.0.202111181127/tools/bin/../lib/gcc/arm-none-eabi/10.3.1/../../../../arm-none-eabi/lib/thumb/v7-m/nofp\libc_nano.a(lib_a-memset.o)
                              c:/st/stm32cubeide_1.7.0/stm32cubeide/plugins/com.st.stm32cube.ide.mcu.externaltools.gnu-tools-for-stm32.10.3-2021.10.win32_1.0.0.202111181127/tools/bin/../lib/gcc/arm-none-eabi/10.3.1/../../../../arm-none-eabi/lib/thumb/v7-m/nofp/crt0.o (memset)
c:/st/stm32cubeide_1.7.0/stm32cubeide/plugins/com.st.stm32cube.ide.mcu.externaltools.gnu-tools-for-stm32.10.3-2021.10.win32_1.0.0.202111181127/tools/bin/../lib/gcc/arm-none-eabi/10.3.1/../../../../arm-none-eabi/lib/thumb/v7-m/nofp\libc_nano.a(lib_a-nano-freer.o)
                              c:/st/stm32cubeide_1.7.0/stm32cubeide/plugins/com.st.stm32cube.ide.mcu.externaltools.gnu-tools-for-stm32.10.3-2021.10.win32_1.0.0.202111181127/tools/bin/../lib/gcc/arm-none-eabi/10.3.1/../../../../arm-none-eabi/lib/thumb/v7-m/nofp\libc_nano.a(lib_a-malloc.o) (_free_r)
c:/st/stm32cubeide_1.7.0/stm32cubeide/plugins/com.st.stm32cube.ide.mcu.externaltools.gnu-tools-for-stm32.10.3-2021.10.win32_1.0.0.202111181127/tools/bin/../lib/gcc/arm-none-eabi/10.3.1/../../../../arm-none-eabi/lib/thumb/v7-m/nofp\libc_nano.a(lib_a-nano-mallocr.o)
                              c:/st/stm32cubeide_1.7.0/stm32cubeide/plugins/com.st.stm32cube.ide.mcu.externaltools.gnu-tools-for-stm32.10.3-2021.10.win32_1.0.0.202111181127/tools/bin/../lib/gcc/arm-none-eabi/10.3.1/../../../../arm-none-eabi/lib/thumb/v7-m/nofp\libc_nano.a(lib_a-malloc.o) (_malloc_r)
c:/st/stm32cubeide_1.7.0/stm32cubeide/plugins/com.st.stm32cube.ide.mcu.externaltools.gnu-tools-for-stm32.10.3-2021.10.win32_1.0.0.202111181127/tools/bin/../lib/gcc/arm-none-eabi/10.3.1/../../../../arm-none-eabi/lib/thumb/v7-m/nofp\libc_nano.a(lib_a-printf.o)
                              ./Core/Src/GUI_Paint.o (printf)
c:/st/stm32cubeide_1.7.0/stm32cubeide/plugins/com.st.stm32cube.ide.mcu.externaltools.gnu-tools-for-stm32.10.3-2021.10.win32_1.0.0.202111181127/tools/bin/../lib/gcc/arm-none-eabi/10.3.1/../../../../arm-none-eabi/lib/thumb/v7-m/nofp\libc_nano.a(lib_a-puts.o)
                              ./Core/Src/GUI_Paint.o (puts)
c:/st/stm32cubeide_1.7.0/stm32cubeide/plugins/com.st.stm32cube.ide.mcu.externaltools.gnu-tools-for-stm32.10.3-2021.10.win32_1.0.0.202111181127/tools/bin/../lib/gcc/arm-none-eabi/10.3.1/../../../../arm-none-eabi/lib/thumb/v7-m/nofp\libc_nano.a(lib_a-sbrkr.o)
[...]
Memory Configuration

Name             Origin             Length             Attributes
RAM              0x0000000020000000 0x0000000000020000 xrw
FLASH            0x0000000008000000 0x0000000000100000 xr
*default*        0x0000000000000000 0xffffffffffffffff

Linker script and memory map

LOAD c:/st/stm32cubeide_1.7.0/stm32cubeide/plugins/com.st.stm32cube.ide.mcu.externaltools.gnu-tools-for-stm32.10.3-2021.10.win32_1.0.0.202111181127/tools/bin/../lib/gcc/arm-none-eabi/10.3.1/thumb/v7-m/nofp/crti.o
LOAD c:/st/stm32cubeide_1.7.0/stm32cubeide/plugins/com.st.stm32cube.ide.mcu.externaltools.gnu-tools-for-stm32.10.3-2021.10.win32_1.0.0.202111181127/tools/bin/../lib/gcc/arm-none-eabi/10.3.1/thumb/v7-m/nofp/crtbegin.o
LOAD c:/st/stm32cubeide_1.7.0/stm32cubeide/plugins/com.st.stm32cube.ide.mcu.externaltools.gnu-tools-for-stm32.10.3-2021.10.win32_1.0.0.202111181127/tools/bin/../lib/gcc/arm-none-eabi/10.3.1/../../../../arm-none-eabi/lib/thumb/v7-m/nofp/crt0.o
LOAD ./Core/Src/GUI_Paint.o
LOAD ./Core/Src/MS_Screen.o
LOAD ./Core/Src/Screen.o
LOAD ./Core/Src/ScreenConfig.o
LOAD ./Core/Src/main.o
LOAD ./Core/Src/stm32f2xx_hal_msp.o
LOAD ./Core/Src/stm32f2xx_it.o
LOAD ./Core/Src/syscalls.o
LOAD ./Core/Src/sysmem.o
LOAD ./Core/Src/system_stm32f2xx.o
LOAD ./Core/Src/fonts/font12.o
LOAD ./Core/Src/fonts/font12CN.o
LOAD ./Core/Src/fonts/font16.o
LOAD ./Core/Src/fonts/font20.o
LOAD ./Core/Src/fonts/font24.o
LOAD ./Core/Src/fonts/font24CN.o
LOAD ./Core/Src/fonts/font8.o
LOAD ./Core/Startup/startup_stm32f207vgtx.o
LOAD ./Drivers/STM32F2xx_HAL_Driver/Src/stm32f2xx_hal.o
LOAD ./Drivers/STM32F2xx_HAL_Driver/Src/stm32f2xx_hal_cortex.o
LOAD ./Drivers/STM32F2xx_HAL_Driver/Src/stm32f2xx_hal_dma.o
LOAD ./Drivers/STM32F2xx_HAL_Driver/Src/stm32f2xx_hal_dma_ex.o
LOAD ./Drivers/STM32F2xx_HAL_Driver/Src/stm32f2xx_hal_exti.o
LOAD ./Drivers/STM32F2xx_HAL_Driver/Src/stm32f2xx_hal_flash.o
LOAD ./Drivers/STM32F2xx_HAL_Driver/Src/stm32f2xx_hal_flash_ex.o
LOAD ./Drivers/STM32F2xx_HAL_Driver/Src/stm32f2xx_hal_gpio.o
LOAD ./Drivers/STM32F2xx_HAL_Driver/Src/stm32f2xx_hal_pwr.o
LOAD ./Drivers/STM32F2xx_HAL_Driver/Src/stm32f2xx_hal_pwr_ex.o
LOAD ./Drivers/STM32F2xx_HAL_Driver/Src/stm32f2xx_hal_rcc.o
LOAD ./Drivers/STM32F2xx_HAL_Driver/Src/stm32f2xx_hal_rcc_ex.o
LOAD ./Drivers/STM32F2xx_HAL_Driver/Src/stm32f2xx_hal_spi.o
LOAD ./Drivers/STM32F2xx_HAL_Driver/Src/stm32f2xx_hal_tim.o
LOAD ./Drivers/STM32F2xx_HAL_Driver/Src/stm32f2xx_hal_tim_ex.o
START GROUP
LOAD c:/st/stm32cubeide_1.7.0/stm32cubeide/plugins/com.st.stm32cube.ide.mcu.externaltools.gnu-tools-for-stm32.10.3-2021.10.win32_1.0.0.202111181127/tools/bin/../lib/gcc/arm-none-eabi/10.3.1/../../../../arm-none-eabi/lib/thumb/v7-m/nofp\libc_nano.a
LOAD c:/st/stm32cubeide_1.7.0/stm32cubeide/plugins/com.st.stm32cube.ide.mcu.externaltools.gnu-tools-for-stm32.10.3-2021.10.win32_1.0.0.202111181127/tools/bin/../lib/gcc/arm-none-eabi/10.3.1/../../../../arm-none-eabi/lib/thumb/v7-m/nofp\libm.a
END GROUP
START GROUP
LOAD c:/st/stm32cubeide_1.7.0/stm32cubeide/plugins/com.st.stm32cube.ide.mcu.externaltools.gnu-tools-for-stm32.10.3-2021.10.win32_1.0.0.202111181127/tools/bin/../lib/gcc/arm-none-eabi/10.3.1/thumb/v7-m/nofp\libgcc.a
LOAD c:/st/stm32cubeide_1.7.0/stm32cubeide/plugins/com.st.stm32cube.ide.mcu.externaltools.gnu-tools-for-stm32.10.3-2021.10.win32_1.0.0.202111181127/tools/bin/../lib/gcc/arm-none-eabi/10.3.1/../../../../arm-none-eabi/lib/thumb/v7-m/nofp\libc_nano.a
END GROUP
START GROUP
LOAD c:/st/stm32cubeide_1.7.0/stm32cubeide/plugins/com.st.stm32cube.ide.mcu.externaltools.gnu-tools-for-stm32.10.3-2021.10.win32_1.0.0.202111181127/tools/bin/../lib/gcc/arm-none-eabi/10.3.1/thumb/v7-m/nofp\libgcc.a
LOAD c:/st/stm32cubeide_1.7.0/stm32cubeide/plugins/com.st.stm32cube.ide.mcu.externaltools.gnu-tools-for-stm32.10.3-2021.10.win32_1.0.0.202111181127/tools/bin/../lib/gcc/arm-none-eabi/10.3.1/../../../../arm-none-eabi/lib/thumb/v7-m/nofp\libc_nano.a
LOAD c:/st/stm32cubeide_1.7.0/stm32cubeide/plugins/com.st.stm32cube.ide.mcu.externaltools.gnu-tools-for-stm32.10.3-2021.10.win32_1.0.0.202111181127/tools/bin/../lib/gcc/arm-none-eabi/10.3.1/../../../../arm-none-eabi/lib/thumb/v7-m/nofp\libnosys.a
END GROUP
START GROUP
LOAD c:/st/stm32cubeide_1.7.0/stm32cubeide/plugins/com.st.stm32cube.ide.mcu.externaltools.gnu-tools-for-stm32.10.3-2021.10.win32_1.0.0.202111181127/tools/bin/../lib/gcc/arm-none-eabi/10.3.1/thumb/v7-m/nofp\libgcc.a
LOAD c:/st/stm32cubeide_1.7.0/stm32cubeide/plugins/com.st.stm32cube.ide.mcu.externaltools.gnu-tools-for-stm32.10.3-2021.10.win32_1.0.0.202111181127/tools/bin/../lib/gcc/arm-none-eabi/10.3.1/../../../../arm-none-eabi/lib/thumb/v7-m/nofp\libc_nano.a
LOAD c:/st/stm32cubeide_1.7.0/stm32cubeide/plugins/com.st.stm32cube.ide.mcu.externaltools.gnu-tools-for-stm32.10.3-2021.10.win32_1.0.0.202111181127/tools/bin/../lib/gcc/arm-none-eabi/10.3.1/../../../../arm-none-eabi/lib/thumb/v7-m/nofp\libnosys.a
END GROUP
LOAD c:/st/stm32cubeide_1.7.0/stm32cubeide/plugins/com.st.stm32cube.ide.mcu.externaltools.gnu-tools-for-stm32.10.3-2021.10.win32_1.0.0.202111181127/tools/bin/../lib/gcc/arm-none-eabi/10.3.1/thumb/v7-m/nofp/crtend.o
LOAD c:/st/stm32cubeide_1.7.0/stm32cubeide/plugins/com.st.stm32cube.ide.mcu.externaltools.gnu-tools-for-stm32.10.3-2021.10.win32_1.0.0.202111181127/tools/bin/../lib/gcc/arm-none-eabi/10.3.1/thumb/v7-m/nofp/crtn.o
                0x0000000020020000                _estack = (ORIGIN (RAM) + LENGTH (RAM))
                0x0000000000000200                _Min_Heap_Size = 0x200
                0x0000000000000400                _Min_Stack_Size = 0x400

.isr_vector     0x0000000008000000      0x184
                0x0000000008000000                . = ALIGN (0x4)
 *(.isr_vector)
 .isr_vector    0x0000000008000000      0x184 ./Core/Startup/startup_stm32f207vgtx.o
                0x0000000008000000                g_pfnVectors
                0x0000000008000184                . = ALIGN (0x4)

.text           0x0000000008000184     0x3a20
                0x0000000008000184                . = ALIGN (0x4)
 *(.text)
 .text          0x0000000008000184       0x40 c:/st/stm32cubeide_1.7.0/stm32cubeide/plugins/com.st.stm32cube.ide.mcu.externaltools.gnu-tools-for-stm32.10.3-2021.10.win32_1.0.0.202111181127/tools/bin/../lib/gcc/arm-none-eabi/10.3.1/thumb/v7-m/nofp/crtbegin.o
 .text          0x00000000080001c4       0x30 c:/st/stm32cubeide_1.7.0/stm32cubeide/plugins/com.st.stm32cube.ide.mcu.externaltools.gnu-tools-for-stm32.10.3-2021.10.win32_1.0.0.202111181127/tools/bin/../lib/gcc/arm-none-eabi/10.3.1/thumb/v7-m/nofp\libgcc.a(_aeabi_uldivmod.o)
                0x00000000080001c4                __aeabi_uldivmod
 .text          0x00000000080001f4      0x2d4 c:/st/stm32cubeide_1.7.0/stm32cubeide/plugins/com.st.stm32cube.ide.mcu.externaltools.gnu-tools-for-stm32.10.3-2021.10.win32_1.0.0.202111181127/tools/bin/../lib/gcc/arm-none-eabi/10.3.1/thumb/v7-m/nofp\libgcc.a(_udivmoddi4.o)
                0x00000000080001f4                __udivmoddi4
 .text          0x00000000080004c8        0x4 c:/st/stm32cubeide_1.7.0/stm32cubeide/plugins/com.st.stm32cube.ide.mcu.externaltools.gnu-tools-for-stm32.10.3-2021.10.win32_1.0.0.202111181127/tools/bin/../lib/gcc/arm-none-eabi/10.3.1/thumb/v7-m/nofp\libgcc.a(_dvmd_tls.o)
                0x00000000080004c8                __aeabi_idiv0
                0x00000000080004c8                __aeabi_ldiv0
 *(.text*)
 .text.Paint_NewImage
                0x00000000080004cc       0xa8 ./Core/Src/GUI_Paint.o
                0x00000000080004cc                Paint_NewImage
 .text.Paint_SelectImage
                0x0000000008000574       0x1c ./Core/Src/GUI_Paint.o
                0x0000000008000574                Paint_SelectImage
 .text.Paint_SetScale
                0x0000000008000590       0xd4 ./Core/Src/GUI_Paint.o
                0x0000000008000590                Paint_SetScale
 .text.Paint_SetPixel
                0x0000000008000664      0x298 ./Core/Src/GUI_Paint.o
                0x0000000008000664                Paint_SetPixel
 .text.Paint_Clear
                0x00000000080008fc       0xd4 ./Core/Src/GUI_Paint.o
                0x00000000080008fc                Paint_Clear
 .text.Paint_ClearWindows
                0x00000000080009d0       0x5c ./Core/Src/GUI_Paint.o
                0x00000000080009d0                Paint_ClearWindows
 .text.Paint_DrawChar
                0x0000000008000a2c      0x150 ./Core/Src/GUI_Paint.o
                0x0000000008000a2c                Paint_DrawChar
 .text.Paint_DrawString_EN
                0x0000000008000b7c       0xa8 ./Core/Src/GUI_Paint.o
                0x0000000008000b7c                Paint_DrawString_EN
 .text.Paint_DrawNum
                0x0000000008000c24      0x1a4 ./Core/Src/GUI_Paint.o
                0x0000000008000c24                Paint_DrawNum
 .text.Screen_Static_Init
                0x0000000008000dc8       0x18 ./Core/Src/MS_Screen.o
                0x0000000008000dc8                Screen_Static_Init
 .text.Static_Display
                0x0000000008000de0       0x16 ./Core/Src/MS_Screen.o
                0x0000000008000de0                Static_Display
 .text.Screen_Dynamic_Init
                0x0000000008000df6       0x18 ./Core/Src/MS_Screen.o
                0x0000000008000df6                Screen_Dynamic_Init
 .text.Dynamic_Display
                0x0000000008000e0e       0x16 ./Core/Src/MS_Screen.o
                0x0000000008000e0e                Dynamic_Display
 .text.Canvas_Init
                0x0000000008000e24       0x2c ./Core/Src/MS_Screen.o
                0x0000000008000e24                Canvas_Init
 .text.Screen_Startup
                0x0000000008000e50       0xac ./Core/Src/MS_Screen.o
                0x0000000008000e50                Screen_Startup
 .text.Dynamic_Counter
                0x0000000008000efc       0x70 ./Core/Src/MS_Screen.o
                0x0000000008000efc                Dynamic_Counter
 .text.Screen_Reset
                0x0000000008000f6c       0x40 ./Core/Src/Screen.o
 .text.Screen_SendCommand
                0x0000000008000fac       0x3c ./Core/Src/Screen.o
 .text.Screen_SendData
                0x0000000008000fe8       0x3c ./Core/Src/Screen.o
 .text.Screen_ReadBusy_HIGH
                0x0000000008001024       0x40 ./Core/Src/Screen.o
 .text.Screen_Load_LUT
                0x0000000008001064       0x98 ./Core/Src/Screen.o
                0x0000000008001064                Screen_Load_LUT
 .text.Screen_4Gray_Init
                0x00000000080010fc      0x154 ./Core/Src/Screen.o
                0x00000000080010fc                Screen_4Gray_Init
 .text.Screen_1Gray_Init
                0x0000000008001250      0x154 ./Core/Src/Screen.o
                0x0000000008001250                Screen_1Gray_Init
 .text.Screen_4Gray_Clear
                0x00000000080013a4       0xf0 ./Core/Src/Screen.o
                0x00000000080013a4                Screen_4Gray_Clear
 .text.Screen_1Gray_Clear
                0x0000000008001494       0x68 ./Core/Src/Screen.o
                0x0000000008001494                Screen_1Gray_Clear
 .text.Screen_4Gray_Display
                0x00000000080014fc      0x230 ./Core/Src/Screen.o
                0x00000000080014fc                Screen_4Gray_Display
 .text.Screen_1Gray_Display
                0x000000000800172c       0x72 ./Core/Src/Screen.o
                0x000000000800172c                Screen_1Gray_Display
 *fill*         0x000000000800179e        0x2 
 .text.Screen_WriteByte
                0x00000000080017a0       0x2c ./Core/Src/ScreenConfig.o
                0x00000000080017a0                Screen_WriteByte
 .text.Screen_Digital_Write
                0x00000000080017cc       0x30 ./Core/Src/ScreenConfig.o
                0x00000000080017cc                Screen_Digital_Write
 .text.Screen_Digital_Read
                0x00000000080017fc       0x20 ./Core/Src/ScreenConfig.o
                0x00000000080017fc                Screen_Digital_Read
 .text.Screen_Init
                0x000000000800181c       0x30 ./Core/Src/ScreenConfig.o
                0x000000000800181c                Screen_Init
 .text.main     0x000000000800184c       0x74 ./Core/Src/main.o
                0x000000000800184c                main
 .text.SystemClock_Config
                0x00000000080018c0       0x76 ./Core/Src/main.o
                0x00000000080018c0                SystemClock_Config
 *fill*         0x0000000008001936        0x2 
 .text.MX_SPI1_Init
                0x0000000008001938       0x6c ./Core/Src/main.o
 .text.MX_GPIO_Init
                0x00000000080019a4      0x114 ./Core/Src/main.o
 .text.Error_Handler
                0x0000000008001ab8        0xa ./Core/Src/main.o
                0x0000000008001ab8                Error_Handler
 *fill*         0x0000000008001ac2        0x2 
 .text.HAL_MspInit
                0x0000000008001ac4       0x4c ./Core/Src/stm32f2xx_hal_msp.o
                0x0000000008001ac4                HAL_MspInit
 .text.HAL_SPI_MspInit
                0x0000000008001b10       0x90 ./Core/Src/stm32f2xx_hal_msp.o
                0x0000000008001b10                HAL_SPI_MspInit
 .text.NMI_Handler
                0x0000000008001ba0        0x6 ./Core/Src/stm32f2xx_it.o
                0x0000000008001ba0                NMI_Handler
 .text.HardFault_Handler
                0x0000000008001ba6        0x6 ./Core/Src/stm32f2xx_it.o
                0x0000000008001ba6                HardFault_Handler
 .text.MemManage_Handler
                0x0000000008001bac        0x6 ./Core/Src/stm32f2xx_it.o
                0x0000000008001bac                MemManage_Handler
 .text.BusFault_Handler
                0x0000000008001bb2        0x6 ./Core/Src/stm32f2xx_it.o
                0x0000000008001bb2                BusFault_Handler
 .text.UsageFault_Handler
                0x0000000008001bb8        0x6 ./Core/Src/stm32f2xx_it.o
                0x0000000008001bb8                UsageFault_Handler
 .text.SVC_Handler
                0x0000000008001bbe        0xc ./Core/Src/stm32f2xx_it.o
                0x0000000008001bbe                SVC_Handler
 .text.DebugMon_Handler
                0x0000000008001bca        0xc ./Core/Src/stm32f2xx_it.o
                0x0000000008001bca                DebugMon_Handler
 .text.PendSV_Handler
                0x0000000008001bd6        0xc ./Core/Src/stm32f2xx_it.o
                0x0000000008001bd6                PendSV_Handler
 .text.SysTick_Handler
                0x0000000008001be2        0xc ./Core/Src/stm32f2xx_it.o
                0x0000000008001be2                SysTick_Handler
 .text._read    0x0000000008001bee       0x3a ./Core/Src/syscalls.o
                0x0000000008001bee                _read
 .text._write   0x0000000008001c28       0x38 ./Core/Src/syscalls.o
                0x0000000008001c28                _write
 .text._close   0x0000000008001c60       0x16 ./Core/Src/syscalls.o
                0x0000000008001c60                _close
 .text._fstat   0x0000000008001c76       0x1e ./Core/Src/syscalls.o
                0x0000000008001c76                _fstat
 .text._isatty  0x0000000008001c94       0x14 ./Core/Src/syscalls.o
                0x0000000008001c94                _isatty
 .text._lseek   0x0000000008001ca8       0x18 ./Core/Src/syscalls.o
                0x0000000008001ca8                _lseek
 .text._sbrk    0x0000000008001cc0       0x6c ./Core/Src/sysmem.o
                0x0000000008001cc0                _sbrk
 .text.SystemInit
                0x0000000008001d2c        0xc ./Core/Src/system_stm32f2xx.o
                0x0000000008001d2c                SystemInit
 .text.Reset_Handler
                0x0000000008001d38       0x50 ./Core/Startup/startup_stm32f207vgtx.o
                0x0000000008001d38                Reset_Handler
 .text.Default_Handler
                0x0000000008001d88        0x2 ./Core/Startup/startup_stm32f207vgtx.o
                0x0000000008001d88                RTC_Alarm_IRQHandler
                0x0000000008001d88                HASH_RNG_IRQHandler
                0x0000000008001d88                EXTI2_IRQHandler
                0x0000000008001d88                TIM8_CC_IRQHandler
                0x0000000008001d88                TIM1_CC_IRQHandler
                0x0000000008001d88                DMA2_Stream5_IRQHandler
                0x0000000008001d88                DMA1_Stream5_IRQHandler
                0x0000000008001d88                PVD_IRQHandler
                0x0000000008001d88                SDIO_IRQHandler
                0x0000000008001d88                TAMP_STAMP_IRQHandler
                0x0000000008001d88                CAN2_RX1_IRQHandler
                0x0000000008001d88                EXTI3_IRQHandler
                0x0000000008001d88                TIM8_TRG_COM_TIM14_IRQHandler
                0x0000000008001d88                TIM1_UP_TIM10_IRQHandler
                0x0000000008001d88                TIM8_UP_TIM13_IRQHandler
                0x0000000008001d88                I2C3_ER_IRQHandler
                0x0000000008001d88                EXTI0_IRQHandler
                0x0000000008001d88                I2C2_EV_IRQHandler
                0x0000000008001d88                DMA1_Stream2_IRQHandler
                0x0000000008001d88                CAN1_RX0_IRQHandler
                0x0000000008001d88                OTG_HS_WKUP_IRQHandler
                0x0000000008001d88                CAN2_SCE_IRQHandler
                0x0000000008001d88                DMA2_Stream2_IRQHandler
                0x0000000008001d88                SPI1_IRQHandler
                0x0000000008001d88                TIM6_DAC_IRQHandler
                0x0000000008001d88                TIM1_BRK_TIM9_IRQHandler
                0x0000000008001d88                DCMI_IRQHandler
                0x0000000008001d88                CAN2_RX0_IRQHandler
                0x0000000008001d88                DMA2_Stream3_IRQHandler
                0x0000000008001d88                USART6_IRQHandler
                0x0000000008001d88                USART3_IRQHandler
                0x0000000008001d88                CAN1_RX1_IRQHandler
                0x0000000008001d88                UART5_IRQHandler
                0x0000000008001d88                DMA2_Stream0_IRQHandler
                0x0000000008001d88                TIM4_IRQHandler
                0x0000000008001d88                I2C1_EV_IRQHandler
                0x0000000008001d88                DMA1_Stream6_IRQHandler
                0x0000000008001d88                DMA1_Stream1_IRQHandler
                0x0000000008001d88                UART4_IRQHandler
                0x0000000008001d88                TIM3_IRQHandler
                0x0000000008001d88                RCC_IRQHandler
                0x0000000008001d88                TIM8_BRK_TIM12_IRQHandler
                0x0000000008001d88                Default_Handler
                0x0000000008001d88                EXTI15_10_IRQHandler
                0x0000000008001d88                ADC_IRQHandler
                0x0000000008001d88                DMA1_Stream7_IRQHandler
                0x0000000008001d88                TIM7_IRQHandler
                0x0000000008001d88                CAN2_TX_IRQHandler
                0x0000000008001d88                TIM5_IRQHandler
                0x0000000008001d88                DMA2_Stream7_IRQHandler
                0x0000000008001d88                I2C3_EV_IRQHandler
                0x0000000008001d88                EXTI9_5_IRQHandler
                0x0000000008001d88                RTC_WKUP_IRQHandler
                0x0000000008001d88                ETH_WKUP_IRQHandler
                0x0000000008001d88                SPI2_IRQHandler
                0x0000000008001d88                OTG_HS_EP1_IN_IRQHandler
                0x0000000008001d88                DMA1_Stream0_IRQHandler
                0x0000000008001d88                CAN1_TX_IRQHandler
                0x0000000008001d88                EXTI4_IRQHandler
                0x0000000008001d88                FSMC_IRQHandler
                0x0000000008001d88                ETH_IRQHandler
                0x0000000008001d88                OTG_HS_EP1_OUT_IRQHandler
                0x0000000008001d88                WWDG_IRQHandler
                0x0000000008001d88                TIM2_IRQHandler
                0x0000000008001d88                OTG_FS_WKUP_IRQHandler
                0x0000000008001d88                TIM1_TRG_COM_TIM11_IRQHandler
                0x0000000008001d88                OTG_HS_IRQHandler
                0x0000000008001d88                EXTI1_IRQHandler
                0x0000000008001d88                USART2_IRQHandler
                0x0000000008001d88                I2C2_ER_IRQHandler
                0x0000000008001d88                DMA2_Stream1_IRQHandler
                0x0000000008001d88                CAN1_SCE_IRQHandler
                0x0000000008001d88                FLASH_IRQHandler
                0x0000000008001d88                DMA2_Stream4_IRQHandler
                0x0000000008001d88                USART1_IRQHandler
                0x0000000008001d88                OTG_FS_IRQHandler
                0x0000000008001d88                SPI3_IRQHandler
                0x0000000008001d88                DMA1_Stream4_IRQHandler
                0x0000000008001d88                I2C1_ER_IRQHandler
                0x0000000008001d88                DMA2_Stream6_IRQHandler
                0x0000000008001d88                DMA1_Stream3_IRQHandler
 *fill*         0x0000000008001d8a        0x2 
 .text.HAL_Init
                0x0000000008001d8c       0x44 ./Drivers/STM32F2xx_HAL_Driver/Src/stm32f2xx_hal.o
                0x0000000008001d8c                HAL_Init
 .text.HAL_InitTick
                0x0000000008001dd0       0x60 ./Drivers/STM32F2xx_HAL_Driver/Src/stm32f2xx_hal.o
                0x0000000008001dd0                HAL_InitTick
 .text.HAL_IncTick
                0x0000000008001e30       0x24 ./Drivers/STM32F2xx_HAL_Driver/Src/stm32f2xx_hal.o
                0x0000000008001e30                HAL_IncTick
 .text.HAL_GetTick
                0x0000000008001e54       0x14 ./Drivers/STM32F2xx_HAL_Driver/Src/stm32f2xx_hal.o
                0x0000000008001e54                HAL_GetTick
 .text.HAL_Delay
                0x0000000008001e68       0x48 ./Drivers/STM32F2xx_HAL_Driver/Src/stm32f2xx_hal.o
                0x0000000008001e68                HAL_Delay
 .text.__NVIC_SetPriorityGrouping
                0x0000000008001eb0       0x48 ./Drivers/STM32F2xx_HAL_Driver/Src/stm32f2xx_hal_cortex.o
 .text.__NVIC_GetPriorityGrouping
                0x0000000008001ef8       0x1c ./Drivers/STM32F2xx_HAL_Driver/Src/stm32f2xx_hal_cortex.o
 .text.__NVIC_SetPriority
                0x0000000008001f14       0x54 ./Drivers/STM32F2xx_HAL_Driver/Src/stm32f2xx_hal_cortex.o
 .text.NVIC_EncodePriority
                0x0000000008001f68       0x64 ./Drivers/STM32F2xx_HAL_Driver/Src/stm32f2xx_hal_cortex.o
 .text.SysTick_Config
                0x0000000008001fcc       0x44 ./Drivers/STM32F2xx_HAL_Driver/Src/stm32f2xx_hal_cortex.o
 .text.HAL_NVIC_SetPriorityGrouping
                0x0000000008002010       0x16 ./Drivers/STM32F2xx_HAL_Driver/Src/stm32f2xx_hal_cortex.o
                0x0000000008002010                HAL_NVIC_SetPriorityGrouping
 .text.HAL_NVIC_SetPriority
                0x0000000008002026       0x38 ./Drivers/STM32F2xx_HAL_Driver/Src/stm32f2xx_hal_cortex.o
                0x0000000008002026                HAL_NVIC_SetPriority
 .text.HAL_SYSTICK_Config
                0x000000000800205e       0x18 ./Drivers/STM32F2xx_HAL_Driver/Src/stm32f2xx_hal_cortex.o
                0x000000000800205e                HAL_SYSTICK_Config
 *fill*         0x0000000008002076        0x2 
 .text.HAL_GPIO_Init
                0x0000000008002078      0x33c ./Drivers/STM32F2xx_HAL_Driver/Src/stm32f2xx_hal_gpio.o
                0x0000000008002078                HAL_GPIO_Init
 .text.HAL_GPIO_ReadPin
                0x00000000080023b4       0x2e ./Drivers/STM32F2xx_HAL_Driver/Src/stm32f2xx_hal_gpio.o
                0x00000000080023b4                HAL_GPIO_ReadPin
 .text.HAL_GPIO_WritePin
                0x00000000080023e2       0x30 ./Drivers/STM32F2xx_HAL_Driver/Src/stm32f2xx_hal_gpio.o
                0x00000000080023e2                HAL_GPIO_WritePin
 .text.HAL_GPIO_TogglePin
                0x0000000008002412       0x32 ./Drivers/STM32F2xx_HAL_Driver/Src/stm32f2xx_hal_gpio.o
                0x0000000008002412                HAL_GPIO_TogglePin
 .text.HAL_RCC_OscConfig
                0x0000000008002444      0x49c ./Drivers/STM32F2xx_HAL_Driver/Src/stm32f2xx_hal_rcc.o
                0x0000000008002444                HAL_RCC_OscConfig
 .text.HAL_RCC_ClockConfig
                0x00000000080028e0      0x1d8 ./Drivers/STM32F2xx_HAL_Driver/Src/stm32f2xx_hal_rcc.o
                0x00000000080028e0                HAL_RCC_ClockConfig
 .text.HAL_RCC_GetSysClockFreq
                0x0000000008002ab8      0x18c ./Drivers/STM32F2xx_HAL_Driver/Src/stm32f2xx_hal_rcc.o
                0x0000000008002ab8                HAL_RCC_GetSysClockFreq
 .text.HAL_SPI_Init
                0x0000000008002c44      0x112 ./Drivers/STM32F2xx_HAL_Driver/Src/stm32f2xx_hal_spi.o
                0x0000000008002c44                HAL_SPI_Init
 .text.HAL_SPI_Transmit
                0x0000000008002d56      0x278 ./Drivers/STM32F2xx_HAL_Driver/Src/stm32f2xx_hal_spi.o
                0x0000000008002d56                HAL_SPI_Transmit
 *fill*         0x0000000008002fce        0x2 
 .text.SPI_WaitFlagStateUntilTimeout
                0x0000000008002fd0      0x110 ./Drivers/STM32F2xx_HAL_Driver/Src/stm32f2xx_hal_spi.o
 .text.SPI_EndRxTxTransaction
                0x00000000080030e0       0x3c ./Drivers/STM32F2xx_HAL_Driver/Src/stm32f2xx_hal_spi.o
 .text.__errno  0x000000000800311c        0xc c:/st/stm32cubeide_1.7.0/stm32cubeide/plugins/com.st.stm32cube.ide.mcu.externaltools.gnu-tools-for-stm32.10.3-2021.10.win32_1.0.0.202111181127/tools/bin/../lib/gcc/arm-none-eabi/10.3.1/../../../../arm-none-eabi/lib/thumb/v7-m/nofp\libc_nano.a(lib_a-errno.o)
                0x000000000800311c                __errno
 .text.__libc_init_array
                0x0000000008003128       0x48 c:/st/stm32cubeide_1.7.0/stm32cubeide/plugins/com.st.stm32cube.ide.mcu.externaltools.gnu-tools-for-stm32.10.3-2021.10.win32_1.0.0.202111181127/tools/bin/../lib/gcc/arm-none-eabi/10.3.1/../../../../arm-none-eabi/lib/thumb/v7-m/nofp\libc_nano.a(lib_a-init.o)
                0x0000000008003128                __libc_init_array
 .text.malloc   0x0000000008003170       0x10 c:/st/stm32cubeide_1.7.0/stm32cubeide/plugins/com.st.stm32cube.ide.mcu.externaltools.gnu-tools-for-stm32.10.3-2021.10.win32_1.0.0.202111181127/tools/bin/../lib/gcc/arm-none-eabi/10.3.1/../../../../arm-none-eabi/lib/thumb/v7-m/nofp\libc_nano.a(lib_a-malloc.o)
                0x0000000008003170                malloc
 .text.free     0x0000000008003180       0x10 c:/st/stm32cubeide_1.7.0/stm32cubeide/plugins/com.st.stm32cube.ide.mcu.externaltools.gnu-tools-for-stm32.10.3-2021.10.win32_1.0.0.202111181127/tools/bin/../lib/gcc/arm-none-eabi/10.3.1/../../../../arm-none-eabi/lib/thumb/v7-m/nofp\libc_nano.a(lib_a-malloc.o)
                0x0000000008003180                free
 .text.memset   0x0000000008003190       0x10 c:/st/stm32cubeide_1.7.0/stm32cubeide/plugins/com.st.stm32cube.ide.mcu.externaltools.gnu-tools-for-stm32.10.3-2021.10.win32_1.0.0.202111181127/tools/bin/../lib/gcc/arm-none-eabi/10.3.1/../../../../arm-none-eabi/lib/thumb/v7-m/nofp\libc_nano.a(lib_a-memset.o)
                0x0000000008003190                memset
 .text._free_r  0x00000000080031a0       0x90 c:/st/stm32cubeide_1.7.0/stm32cubeide/plugins/com.st.stm32cube.ide.mcu.externaltools.gnu-tools-for-stm32.10.3-2021.10.win32_1.0.0.202111181127/tools/bin/../lib/gcc/arm-none-eabi/10.3.1/../../../../arm-none-eabi/lib/thumb/v7-m/nofp\libc_nano.a(lib_a-nano-freer.o)
                0x00000000080031a0                _free_r
 .text.sbrk_aligned
                0x0000000008003230       0x40 c:/st/stm32cubeide_1.7.0/stm32cubeide/plugins/com.st.stm32cube.ide.mcu.externaltools.gnu-tools-for-stm32.10.3-2021.10.win32_1.0.0.202111181127/tools/bin/../lib/gcc/arm-none-eabi/10.3.1/../../../../arm-none-eabi/lib/thumb/v7-m/nofp\libc_nano.a(lib_a-nano-mallocr.o)
 .text._malloc_r
                0x0000000008003270       0xe8 c:/st/stm32cubeide_1.7.0/stm32cubeide/plugins/com.st.stm32cube.ide.mcu.externaltools.gnu-tools-for-stm32.10.3-2021.10.win32_1.0.0.202111181127/tools/bin/../lib/gcc/arm-none-eabi/10.3.1/../../../../arm-none-eabi/lib/thumb/v7-m/nofp\libc_nano.a(lib_a-nano-mallocr.o)
                0x0000000008003270                _malloc_r
 .text._puts_r  0x0000000008003358       0xdc c:/st/stm32cubeide_1.7.0/stm32cubeide/plugins/com.st.stm32cube.ide.mcu.externaltools.gnu-tools-for-stm32.10.3-2021.10.win32_1.0.0.202111181127/tools/bin/../lib/gcc/arm-none-eabi/10.3.1/../../../../arm-none-eabi/lib/thumb/v7-m/nofp\libc_nano.a(lib_a-puts.o)
                0x0000000008003358                _puts_r
 .text.puts     0x0000000008003434       0x10 c:/st/stm32cubeide_1.7.0/stm32cubeide/plugins/com.st.stm32cube.ide.mcu.externaltools.gnu-tools-for-stm32.10.3-2021.10.win32_1.0.0.202111181127/tools/bin/../lib/gcc/arm-none-eabi/10.3.1/../../../../arm-none-eabi/lib/thumb/v7-m/nofp\libc_nano.a(lib_a-puts.o)
                0x0000000008003434                puts
 .text._sbrk_r  0x0000000008003444       0x20 c:/st/stm32cubeide_1.7.0/stm32cubeide/plugins/com.st.stm32cube.ide.mcu.externaltools.gnu-tools-for-stm32.10.3-2021.10.win32_1.0.0.202111181127/tools/bin/../lib/gcc/arm-none-eabi/10.3.1/../../../../arm-none-eabi/lib/thumb/v7-m/nofp\libc_nano.a(lib_a-sbrkr.o)
                0x0000000008003444                _sbrk_r
 .text.__swbuf_r
                0x0000000008003464       0xa4 c:/st/stm32cubeide_1.7.0/stm32cubeide/plugins/com.st.stm32cube.ide.mcu.externaltools.gnu-tools-for-stm32.10.3-2021.10.win32_1.0.0.202111181127/tools/bin/../lib/gcc/arm-none-eabi/10.3.1/../../../../arm-none-eabi/lib/thumb/v7-m/nofp\libc_nano.a(lib_a-wbuf.o)
                0x0000000008003464                __swbuf_r
 .text.__swsetup_r
                0x0000000008003508       0xdc c:/st/stm32cubeide_1.7.0/stm32cubeide/plugins/com.st.stm32cube.ide.mcu.externaltools.gnu-tools-for-stm32.10.3-2021.10.win32_1.0.0.202111181127/tools/bin/../lib/gcc/arm-none-eabi/10.3.1/../../../../arm-none-eabi/lib/thumb/v7-m/nofp\libc_nano.a(lib_a-wsetup.o)
                0x0000000008003508                __swsetup_r
 .text.__sflush_r
                0x00000000080035e4      0x104 c:/st/stm32cubeide_1.7.0/stm32cubeide/plugins/com.st.stm32cube.ide.mcu.externaltools.gnu-tools-for-stm32.10.3-2021.10.win32_1.0.0.202111181127/tools/bin/../lib/gcc/arm-none-eabi/10.3.1/../../../../arm-none-eabi/lib/thumb/v7-m/nofp\libc_nano.a(lib_a-fflush.o)
                0x00000000080035e4                __sflush_r
 .text._fflush_r
                0x00000000080036e8       0x78 c:/st/stm32cubeide_1.7.0/stm32cubeide/plugins/com.st.stm32cube.ide.mcu.externaltools.gnu-tools-for-stm32.10.3-2021.10.win32_1.0.0.202111181127/tools/bin/../lib/gcc/arm-none-eabi/10.3.1/../../../../arm-none-eabi/lib/thumb/v7-m/nofp\libc_nano.a(lib_a-fflush.o)
                0x00000000080036e8                _fflush_r
 .text.std      0x0000000008003760       0x48 c:/st/stm32cubeide_1.7.0/stm32cubeide/plugins/com.st.stm32cube.ide.mcu.externaltools.gnu-tools-for-stm32.10.3-2021.10.win32_1.0.0.202111181127/tools/bin/../lib/gcc/arm-none-eabi/10.3.1/../../../../arm-none-eabi/lib/thumb/v7-m/nofp\libc_nano.a(lib_a-findfp.o)
 .text._cleanup_r
                0x00000000080037a8        0xc c:/st/stm32cubeide_1.7.0/stm32cubeide/plugins/com.st.stm32cube.ide.mcu.externaltools.gnu-tools-for-stm32.10.3-2021.10.win32_1.0.0.202111181127/tools/bin/../lib/gcc/arm-none-eabi/10.3.1/../../../../arm-none-eabi/lib/thumb/v7-m/nofp\libc_nano.a(lib_a-findfp.o)
                0x00000000080037a8                _cleanup_r
 .text.__sfmoreglue
                0x00000000080037b4       0x2c c:/st/stm32cubeide_1.7.0/stm32cubeide/plugins/com.st.stm32cube.ide.mcu.externaltools.gnu-tools-for-stm32.10.3-2021.10.win32_1.0.0.202111181127/tools/bin/../lib/gcc/arm-none-eabi/10.3.1/../../../../arm-none-eabi/lib/thumb/v7-m/nofp\libc_nano.a(lib_a-findfp.o)
                0x00000000080037b4                __sfmoreglue
 .text.__sfp_lock_acquire
                0x00000000080037e0        0xc c:/st/stm32cubeide_1.7.0/stm32cubeide/plugins/com.st.stm32cube.ide.mcu.externaltools.gnu-tools-for-stm32.10.3-2021.10.win32_1.0.0.202111181127/tools/bin/../lib/gcc/arm-none-eabi/10.3.1/../../../../arm-none-eabi/lib/thumb/v7-m/nofp\libc_nano.a(lib_a-findfp.o)
                0x00000000080037e0                __sfp_lock_acquire
 .text.__sfp_lock_release
                0x00000000080037ec        0xc c:/st/stm32cubeide_1.7.0/stm32cubeide/plugins/com.st.stm32cube.ide.mcu.externaltools.gnu-tools-for-stm32.10.3-2021.10.win32_1.0.0.202111181127/tools/bin/../lib/gcc/arm-none-eabi/10.3.1/../../../../arm-none-eabi/lib/thumb/v7-m/nofp\libc_nano.a(lib_a-findfp.o)
                0x00000000080037ec                __sfp_lock_release
 .text.__sinit_lock_acquire
                0x00000000080037f8        0xc c:/st/stm32cubeide_1.7.0/stm32cubeide/plugins/com.st.stm32cube.ide.mcu.externaltools.gnu-tools-for-stm32.10.3-2021.10.win32_1.0.0.202111181127/tools/bin/../lib/gcc/arm-none-eabi/10.3.1/../../../../arm-none-eabi/lib/thumb/v7-m/nofp\libc_nano.a(lib_a-findfp.o)
                0x00000000080037f8                __sinit_lock_acquire
 .text.__sinit_lock_release
                0x0000000008003804        0xc c:/st/stm32cubeide_1.7.0/stm32cubeide/plugins/com.st.stm32cube.ide.mcu.externaltools.gnu-tools-for-stm32.10.3-2021.10.win32_1.0.0.202111181127/tools/bin/../lib/gcc/arm-none-eabi/10.3.1/../../../../arm-none-eabi/lib/thumb/v7-m/nofp\libc_nano.a(lib_a-findfp.o)
                0x0000000008003804                __sinit_lock_release
 .text.__sinit  0x0000000008003810       0x70 c:/st/stm32cubeide_1.7.0/stm32cubeide/plugins/com.st.stm32cube.ide.mcu.externaltools.gnu-tools-for-stm32.10.3-2021.10.win32_1.0.0.202111181127/tools/bin/../lib/gcc/arm-none-eabi/10.3.1/../../../../arm-none-eabi/lib/thumb/v7-m/nofp\libc_nano.a(lib_a-findfp.o)
                0x0000000008003810                __sinit
 .text.__sfp    0x0000000008003880       0x8c c:/st/stm32cubeide_1.7.0/stm32cubeide/plugins/com.st.stm32cube.ide.mcu.externaltools.gnu-tools-for-stm32.10.3-2021.10.win32_1.0.0.202111181127/tools/bin/../lib/gcc/arm-none-eabi/10.3.1/../../../../arm-none-eabi/lib/thumb/v7-m/nofp\libc_nano.a(lib_a-findfp.o)
                0x0000000008003880                __sfp
 .text._fwalk_reent
                0x000000000800390c       0x3e c:/st/stm32cubeide_1.7.0/stm32cubeide/plugins/com.st.stm32cube.ide.mcu.externaltools.gnu-tools-for-stm32.10.3-2021.10.win32_1.0.0.202111181127/tools/bin/../lib/gcc/arm-none-eabi/10.3.1/../../../../arm-none-eabi/lib/thumb/v7-m/nofp\libc_nano.a(lib_a-fwalk.o)
                0x000000000800390c                _fwalk_reent
 .text.__retarget_lock_init_recursive
                0x000000000800394a        0x2 c:/st/stm32cubeide_1.7.0/stm32cubeide/plugins/com.st.stm32cube.ide.mcu.externaltools.gnu-tools-for-stm32.10.3-2021.10.win32_1.0.0.202111181127/tools/bin/../lib/gcc/arm-none-eabi/10.3.1/../../../../arm-none-eabi/lib/thumb/v7-m/nofp\libc_nano.a(lib_a-lock.o)
                0x000000000800394a                __retarget_lock_init_recursive
 .text.__retarget_lock_acquire_recursive
                0x000000000800394c        0x2 c:/st/stm32cubeide_1.7.0/stm32cubeide/plugins/com.st.stm32cube.ide.mcu.externaltools.gnu-tools-for-stm32.10.3-2021.10.win32_1.0.0.202111181127/tools/bin/../lib/gcc/arm-none-eabi/10.3.1/../../../../arm-none-eabi/lib/thumb/v7-m/nofp\libc_nano.a(lib_a-lock.o)
                0x000000000800394c                __retarget_lock_acquire_recursive
 .text.__retarget_lock_release_recursive
                0x000000000800394e        0x2 c:/st/stm32cubeide_1.7.0/stm32cubeide/plugins/com.st.stm32cube.ide.mcu.externaltools.gnu-tools-for-stm32.10.3-2021.10.win32_1.0.0.202111181127/tools/bin/../lib/gcc/arm-none-eabi/10.3.1/../../../../arm-none-eabi/lib/thumb/v7-m/nofp\libc_nano.a(lib_a-lock.o)
                0x000000000800394e                __retarget_lock_release_recursive
 .text.__swhatbuf_r
                0x0000000008003950       0x4a c:/st/stm32cubeide_1.7.0/stm32cubeide/plugins/com.st.stm32cube.ide.mcu.externaltools.gnu-tools-for-stm32.10.3-2021.10.win32_1.0.0.202111181127/tools/bin/../lib/gcc/arm-none-eabi/10.3.1/../../../../arm-none-eabi/lib/thumb/v7-m/nofp\libc_nano.a(lib_a-makebuf.o)
                0x0000000008003950                __swhatbuf_r
 *fill*         0x000000000800399a        0x2 
 .text.__smakebuf_r
                0x000000000800399c       0x80 c:/st/stm32cubeide_1.7.0/stm32cubeide/plugins/com.st.stm32cube.ide.mcu.externaltools.gnu-tools-for-stm32.10.3-2021.10.win32_1.0.0.202111181127/tools/bin/../lib/gcc/arm-none-eabi/10.3.1/../../../../arm-none-eabi/lib/thumb/v7-m/nofp\libc_nano.a(lib_a-makebuf.o)
                0x000000000800399c                __smakebuf_r
 .text.__malloc_lock
                0x0000000008003a1c        0xc c:/st/stm32cubeide_1.7.0/stm32cubeide/plugins/com.st.stm32cube.ide.mcu.externaltools.gnu-tools-for-stm32.10.3-2021.10.win32_1.0.0.202111181127/tools/bin/../lib/gcc/arm-none-eabi/10.3.1/../../../../arm-none-eabi/lib/thumb/v7-m/nofp\libc_nano.a(lib_a-mlock.o)
                0x0000000008003a1c                __malloc_lock
 .text.__malloc_unlock
                0x0000000008003a28        0xc c:/st/stm32cubeide_1.7.0/stm32cubeide/plugins/com.st.stm32cube.ide.mcu.externaltools.gnu-tools-for-stm32.10.3-2021.10.win32_1.0.0.202111181127/tools/bin/../lib/gcc/arm-none-eabi/10.3.1/../../../../arm-none-eabi/lib/thumb/v7-m/nofp\libc_nano.a(lib_a-mlock.o)
                0x0000000008003a28                __malloc_unlock
 .text.__sread  0x0000000008003a34       0x22 c:/st/stm32cubeide_1.7.0/stm32cubeide/plugins/com.st.stm32cube.ide.mcu.externaltools.gnu-tools-for-stm32.10.3-2021.10.win32_1.0.0.202111181127/tools/bin/../lib/gcc/arm-none-eabi/10.3.1/../../../../arm-none-eabi/lib/thumb/v7-m/nofp\libc_nano.a(lib_a-stdio.o)
                0x0000000008003a34                __sread
 .text.__swrite
                0x0000000008003a56       0x38 c:/st/stm32cubeide_1.7.0/stm32cubeide/plugins/com.st.stm32cube.ide.mcu.externaltools.gnu-tools-for-stm32.10.3-2021.10.win32_1.0.0.202111181127/tools/bin/../lib/gcc/arm-none-eabi/10.3.1/../../../../arm-none-eabi/lib/thumb/v7-m/nofp\libc_nano.a(lib_a-stdio.o)
                0x0000000008003a56                __swrite
 .text.__sseek  0x0000000008003a8e       0x24 c:/st/stm32cubeide_1.7.0/stm32cubeide/plugins/com.st.stm32cube.ide.mcu.externaltools.gnu-tools-for-stm32.10.3-2021.10.win32_1.0.0.202111181127/tools/bin/../lib/gcc/arm-none-eabi/10.3.1/../../../../arm-none-eabi/lib/thumb/v7-m/nofp\libc_nano.a(lib_a-stdio.o)
                0x0000000008003a8e                __sseek
 .text.__sclose
                0x0000000008003ab2        0x8 c:/st/stm32cubeide_1.7.0/stm32cubeide/plugins/com.st.stm32cube.ide.mcu.externaltools.gnu-tools-for-stm32.10.3-2021.10.win32_1.0.0.202111181127/tools/bin/../lib/gcc/arm-none-eabi/10.3.1/../../../../arm-none-eabi/lib/thumb/v7-m/nofp\libc_nano.a(lib_a-stdio.o)
                0x0000000008003ab2                __sclose
 *fill*         0x0000000008003aba        0x2 
 .text._write_r
                0x0000000008003abc       0x24 c:/st/stm32cubeide_1.7.0/stm32cubeide/plugins/com.st.stm32cube.ide.mcu.externaltools.gnu-tools-for-stm32.10.3-2021.10.win32_1.0.0.202111181127/tools/bin/../lib/gcc/arm-none-eabi/10.3.1/../../../../arm-none-eabi/lib/thumb/v7-m/nofp\libc_nano.a(lib_a-writer.o)
                0x0000000008003abc                _write_r
 .text._close_r
                0x0000000008003ae0       0x20 c:/st/stm32cubeide_1.7.0/stm32cubeide/plugins/com.st.stm32cube.ide.mcu.externaltools.gnu-tools-for-stm32.10.3-2021.10.win32_1.0.0.202111181127/tools/bin/../lib/gcc/arm-none-eabi/10.3.1/../../../../arm-none-eabi/lib/thumb/v7-m/nofp\libc_nano.a(lib_a-closer.o)
                0x0000000008003ae0                _close_r
 .text._fstat_r
                0x0000000008003b00       0x24 c:/st/stm32cubeide_1.7.0/stm32cubeide/plugins/com.st.stm32cube.ide.mcu.externaltools.gnu-tools-for-stm32.10.3-2021.10.win32_1.0.0.202111181127/tools/bin/../lib/gcc/arm-none-eabi/10.3.1/../../../../arm-none-eabi/lib/thumb/v7-m/nofp\libc_nano.a(lib_a-fstatr.o)
                0x0000000008003b00                _fstat_r
 .text._isatty_r
                0x0000000008003b24       0x20 c:/st/stm32cubeide_1.7.0/stm32cubeide/plugins/com.st.stm32cube.ide.mcu.externaltools.gnu-tools-for-stm32.10.3-2021.10.win32_1.0.0.202111181127/tools/bin/../lib/gcc/arm-none-eabi/10.3.1/../../../../arm-none-eabi/lib/thumb/v7-m/nofp\libc_nano.a(lib_a-isattyr.o)
                0x0000000008003b24                _isatty_r
 .text._lseek_r
                0x0000000008003b44       0x24 c:/st/stm32cubeide_1.7.0/stm32cubeide/plugins/com.st.stm32cube.ide.mcu.externaltools.gnu-tools-for-stm32.10.3-2021.10.win32_1.0.0.202111181127/tools/bin/../lib/gcc/arm-none-eabi/10.3.1/../../../../arm-none-eabi/lib/thumb/v7-m/nofp\libc_nano.a(lib_a-lseekr.o)
                0x0000000008003b44                _lseek_r
 .text._read_r  0x0000000008003b68       0x24 c:/st/stm32cubeide_1.7.0/stm32cubeide/plugins/com.st.stm32cube.ide.mcu.externaltools.gnu-tools-for-stm32.10.3-2021.10.win32_1.0.0.202111181127/tools/bin/../lib/gcc/arm-none-eabi/10.3.1/../../../../arm-none-eabi/lib/thumb/v7-m/nofp\libc_nano.a(lib_a-readr.o)
                0x0000000008003b68                _read_r
 *(.glue_7)
 .glue_7        0x0000000008003b8c        0x0 linker stubs
 *(.glue_7t)
 .glue_7t       0x0000000008003b8c        0x0 linker stubs
 *(.eh_frame)
 .eh_frame      0x0000000008003b8c        0x0 c:/st/stm32cubeide_1.7.0/stm32cubeide/plugins/com.st.stm32cube.ide.mcu.externaltools.gnu-tools-for-stm32.10.3-2021.10.win32_1.0.0.202111181127/tools/bin/../lib/gcc/arm-none-eabi/10.3.1/thumb/v7-m/nofp/crtbegin.o
 *(.init)
 .init          0x0000000008003b8c        0x4 c:/st/stm32cubeide_1.7.0/stm32cubeide/plugins/com.st.stm32cube.ide.mcu.externaltools.gnu-tools-for-stm32.10.3-2021.10.win32_1.0.0.202111181127/tools/bin/../lib/gcc/arm-none-eabi/10.3.1/thumb/v7-m/nofp/crti.o
                0x0000000008003b8c                _init
 .init          0x0000000008003b90        0x8 c:/st/stm32cubeide_1.7.0/stm32cubeide/plugins/com.st.stm32cube.ide.mcu.externaltools.gnu-tools-for-stm32.10.3-2021.10.win32_1.0.0.202111181127/tools/bin/../lib/gcc/arm-none-eabi/10.3.1/thumb/v7-m/nofp/crtn.o
 *(.fini)
 .fini          0x0000000008003b98        0x4 c:/st/stm32cubeide_1.7.0/stm32cubeide/plugins/com.st.stm32cube.ide.mcu.externaltools.gnu-tools-for-stm32.10.3-2021.10.win32_1.0.0.202111181127/tools/bin/../lib/gcc/arm-none-eabi/10.3.1/thumb/v7-m/nofp/crti.o
                0x0000000008003b98                _fini
 .fini          0x0000000008003b9c        0x8 c:/st/stm32cubeide_1.7.0/stm32cubeide/plugins/com.st.stm32cube.ide.mcu.externaltools.gnu-tools-for-stm32.10.3-2021.10.win32_1.0.0.202111181127/tools/bin/../lib/gcc/arm-none-eabi/10.3.1/thumb/v7-m/nofp/crtn.o
                0x0000000008003ba4                . = ALIGN (0x4)
                0x0000000008003ba4                _etext = .

.vfp11_veneer   0x0000000008003ba4        0x0
 .vfp11_veneer  0x0000000008003ba4        0x0 linker stubs

.v4_bx          0x0000000008003ba4        0x0
 .v4_bx         0x0000000008003ba4        0x0 linker stubs

.iplt           0x0000000008003ba4        0x0
 .iplt          0x0000000008003ba4        0x0 c:/st/stm32cubeide_1.7.0/stm32cubeide/plugins/com.st.stm32cube.ide.mcu.externaltools.gnu-tools-for-stm32.10.3-2021.10.win32_1.0.0.202111181127/tools/bin/../lib/gcc/arm-none-eabi/10.3.1/thumb/v7-m/nofp/crtbegin.o

.rodata         0x0000000008003ba4     0x20b8
                0x0000000008003ba4                . = ALIGN (0x4)
 *(.rodata)
 .rodata        0x0000000008003ba4      0x356 ./Core/Src/GUI_Paint.o
 *fill*         0x0000000008003efa        0x2 
 .rodata        0x0000000008003efc       0x2c ./Core/Src/MS_Screen.o
 .rodata        0x0000000008003f28       0x56 ./Core/Src/Screen.o
 *(.rodata*)
 *fill*         0x0000000008003f7e        0x2 
 .rodata.lut_4Gray_GC
                0x0000000008003f80       0x69 ./Core/Src/Screen.o
 *fill*         0x0000000008003fe9        0x3 
 .rodata.lut_1Gray_GC
                0x0000000008003fec       0x69 ./Core/Src/Screen.o
 *fill*         0x0000000008004055        0x3 
 .rodata.lut_1Gray_DU
                0x0000000008004058       0x69 ./Core/Src/Screen.o
 *fill*         0x00000000080040c1        0x3 
 .rodata.lut_1Gray_A2
                0x00000000080040c4       0x69 ./Core/Src/Screen.o
 *fill*         0x000000000800412d        0x3 
 .rodata.AHBPrescTable
                0x0000000008004130       0x10 ./Core/Src/system_stm32f2xx.o
                0x0000000008004130                AHBPrescTable
 .rodata.Font24_Table
                0x0000000008004140     0x1ab8 ./Core/Src/fonts/font24.o
                0x0000000008004140                Font24_Table
 .rodata._global_impure_ptr
                0x0000000008005bf8        0x4 c:/st/stm32cubeide_1.7.0/stm32cubeide/plugins/com.st.stm32cube.ide.mcu.externaltools.gnu-tools-for-stm32.10.3-2021.10.win32_1.0.0.202111181127/tools/bin/../lib/gcc/arm-none-eabi/10.3.1/../../../../arm-none-eabi/lib/thumb/v7-m/nofp\libc_nano.a(lib_a-impure.o)
                0x0000000008005bf8                _global_impure_ptr
 .rodata.__sf_fake_stderr
                0x0000000008005bfc       0x20 c:/st/stm32cubeide_1.7.0/stm32cubeide/plugins/com.st.stm32cube.ide.mcu.externaltools.gnu-tools-for-stm32.10.3-2021.10.win32_1.0.0.202111181127/tools/bin/../lib/gcc/arm-none-eabi/10.3.1/../../../../arm-none-eabi/lib/thumb/v7-m/nofp\libc_nano.a(lib_a-findfp.o)
                0x0000000008005bfc                __sf_fake_stderr
 .rodata.__sf_fake_stdin
                0x0000000008005c1c       0x20 c:/st/stm32cubeide_1.7.0/stm32cubeide/plugins/com.st.stm32cube.ide.mcu.externaltools.gnu-tools-for-stm32.10.3-2021.10.win32_1.0.0.202111181127/tools/bin/../lib/gcc/arm-none-eabi/10.3.1/../../../../arm-none-eabi/lib/thumb/v7-m/nofp\libc_nano.a(lib_a-findfp.o)
                0x0000000008005c1c                __sf_fake_stdin
 .rodata.__sf_fake_stdout
                0x0000000008005c3c       0x20 c:/st/stm32cubeide_1.7.0/stm32cubeide/plugins/com.st.stm32cube.ide.mcu.externaltools.gnu-tools-for-stm32.10.3-2021.10.win32_1.0.0.202111181127/tools/bin/../lib/gcc/arm-none-eabi/10.3.1/../../../../arm-none-eabi/lib/thumb/v7-m/nofp\libc_nano.a(lib_a-findfp.o)
                0x0000000008005c3c                __sf_fake_stdout
                0x0000000008005c5c                . = ALIGN (0x4)

.ARM.extab      0x0000000008005c5c        0x0
                0x0000000008005c5c                . = ALIGN (0x4)
 *(.ARM.extab* .gnu.linkonce.armextab.*)
                0x0000000008005c5c                . = ALIGN (0x4)

.ARM            0x0000000008005c5c        0x8
                0x0000000008005c5c                . = ALIGN (0x4)
                0x0000000008005c5c                __exidx_start = .
 *(.ARM.exidx*)
 .ARM.exidx     0x0000000008005c5c        0x8 c:/st/stm32cubeide_1.7.0/stm32cubeide/plugins/com.st.stm32cube.ide.mcu.externaltools.gnu-tools-for-stm32.10.3-2021.10.win32_1.0.0.202111181127/tools/bin/../lib/gcc/arm-none-eabi/10.3.1/thumb/v7-m/nofp\libgcc.a(_udivmoddi4.o)
                0x0000000008005c64                __exidx_end = .
                0x0000000008005c64                . = ALIGN (0x4)

.rel.dyn        0x0000000008005c64        0x0
 .rel.iplt      0x0000000008005c64        0x0 c:/st/stm32cubeide_1.7.0/stm32cubeide/plugins/com.st.stm32cube.ide.mcu.externaltools.gnu-tools-for-stm32.10.3-2021.10.win32_1.0.0.202111181127/tools/bin/../lib/gcc/arm-none-eabi/10.3.1/thumb/v7-m/nofp/crtbegin.o

.preinit_array  0x0000000008005c64        0x0
                0x0000000008005c64                . = ALIGN (0x4)
                0x0000000008005c64                PROVIDE (__preinit_array_start = .)
 *(.preinit_array*)
                0x0000000008005c64                PROVIDE (__preinit_array_end = .)
                0x0000000008005c64                . = ALIGN (0x4)

.init_array     0x0000000008005c64        0x4
                0x0000000008005c64                . = ALIGN (0x4)
                0x0000000008005c64                PROVIDE (__init_array_start = .)
 *(SORT_BY_NAME(.init_array.*))
 *(.init_array*)
 .init_array    0x0000000008005c64        0x4 c:/st/stm32cubeide_1.7.0/stm32cubeide/plugins/com.st.stm32cube.ide.mcu.externaltools.gnu-tools-for-stm32.10.3-2021.10.win32_1.0.0.202111181127/tools/bin/../lib/gcc/arm-none-eabi/10.3.1/thumb/v7-m/nofp/crtbegin.o
                0x0000000008005c68                PROVIDE (__init_array_end = .)
                0x0000000008005c68                . = ALIGN (0x4)

.fini_array     0x0000000008005c68        0x4
                0x0000000008005c68                . = ALIGN (0x4)
                [!provide]                        PROVIDE (__fini_array_start = .)
 *(SORT_BY_NAME(.fini_array.*))
 *(.fini_array*)
 .fini_array    0x0000000008005c68        0x4 c:/st/stm32cubeide_1.7.0/stm32cubeide/plugins/com.st.stm32cube.ide.mcu.externaltools.gnu-tools-for-stm32.10.3-2021.10.win32_1.0.0.202111181127/tools/bin/../lib/gcc/arm-none-eabi/10.3.1/thumb/v7-m/nofp/crtbegin.o
                [!provide]                        PROVIDE (__fini_array_end = .)
                0x0000000008005c6c                . = ALIGN (0x4)
                0x0000000008005c6c                _sidata = LOADADDR (.data)

.data           0x0000000020000000       0x78 load address 0x0000000008005c6c
                0x0000000020000000                . = ALIGN (0x4)
                0x0000000020000000                _sdata = .
 *(.data)
 *(.data*)
 .data.SystemCoreClock
                0x0000000020000000        0x4 ./Core/Src/system_stm32f2xx.o
                0x0000000020000000                SystemCoreClock
 .data.Font24   0x0000000020000004        0x8 ./Core/Src/fonts/font24.o
                0x0000000020000004                Font24
 .data.uwTickPrio
                0x000000002000000c        0x4 ./Drivers/STM32F2xx_HAL_Driver/Src/stm32f2xx_hal.o
                0x000000002000000c                uwTickPrio
 .data.uwTickFreq
                0x0000000020000010        0x1 ./Drivers/STM32F2xx_HAL_Driver/Src/stm32f2xx_hal.o
                0x0000000020000010                uwTickFreq
 *fill*         0x0000000020000011        0x3 
 .data._impure_ptr
                0x0000000020000014        0x4 c:/st/stm32cubeide_1.7.0/stm32cubeide/plugins/com.st.stm32cube.ide.mcu.externaltools.gnu-tools-for-stm32.10.3-2021.10.win32_1.0.0.202111181127/tools/bin/../lib/gcc/arm-none-eabi/10.3.1/../../../../arm-none-eabi/lib/thumb/v7-m/nofp\libc_nano.a(lib_a-impure.o)
                0x0000000020000014                _impure_ptr
 .data.impure_data
                0x0000000020000018       0x60 c:/st/stm32cubeide_1.7.0/stm32cubeide/plugins/com.st.stm32cube.ide.mcu.externaltools.gnu-tools-for-stm32.10.3-2021.10.win32_1.0.0.202111181127/tools/bin/../lib/gcc/arm-none-eabi/10.3.1/../../../../arm-none-eabi/lib/thumb/v7-m/nofp\libc_nano.a(lib_a-impure.o)
 *(.RamFunc)
 *(.RamFunc*)
                0x0000000020000078                . = ALIGN (0x4)
                0x0000000020000078                _edata = .

.igot.plt       0x0000000020000078        0x0 load address 0x0000000008005ce4
 .igot.plt      0x0000000020000078        0x0 c:/st/stm32cubeide_1.7.0/stm32cubeide/plugins/com.st.stm32cube.ide.mcu.externaltools.gnu-tools-for-stm32.10.3-2021.10.win32_1.0.0.202111181127/tools/bin/../lib/gcc/arm-none-eabi/10.3.1/thumb/v7-m/nofp/crtbegin.o
                0x0000000020000078                . = ALIGN (0x4)

.bss            0x0000000020000078       0xa4 load address 0x0000000008005ce4
                0x0000000020000078                _sbss = .
                0x0000000020000078                __bss_start__ = _sbss
 *(.bss)
 .bss           0x0000000020000078       0x1c c:/st/stm32cubeide_1.7.0/stm32cubeide/plugins/com.st.stm32cube.ide.mcu.externaltools.gnu-tools-for-stm32.10.3-2021.10.win32_1.0.0.202111181127/tools/bin/../lib/gcc/arm-none-eabi/10.3.1/thumb/v7-m/nofp/crtbegin.o
 *(.bss*)
 .bss.Paint     0x0000000020000094       0x18 ./Core/Src/GUI_Paint.o
                0x0000000020000094                Paint
 .bss.hspi1     0x00000000200000ac       0x58 ./Core/Src/main.o
                0x00000000200000ac                hspi1
 .bss.__sbrk_heap_end
                0x0000000020000104        0x4 ./Core/Src/sysmem.o
 .bss.uwTick    0x0000000020000108        0x4 ./Drivers/STM32F2xx_HAL_Driver/Src/stm32f2xx_hal.o
                0x0000000020000108                uwTick
 .bss.__malloc_free_list
                0x000000002000010c        0x4 c:/st/stm32cubeide_1.7.0/stm32cubeide/plugins/com.st.stm32cube.ide.mcu.externaltools.gnu-tools-for-stm32.10.3-2021.10.win32_1.0.0.202111181127/tools/bin/../lib/gcc/arm-none-eabi/10.3.1/../../../../arm-none-eabi/lib/thumb/v7-m/nofp\libc_nano.a(lib_a-nano-mallocr.o)
                0x000000002000010c                __malloc_free_list
 .bss.__malloc_sbrk_start
                0x0000000020000110        0x4 c:/st/stm32cubeide_1.7.0/stm32cubeide/plugins/com.st.stm32cube.ide.mcu.externaltools.gnu-tools-for-stm32.10.3-2021.10.win32_1.0.0.202111181127/tools/bin/../lib/gcc/arm-none-eabi/10.3.1/../../../../arm-none-eabi/lib/thumb/v7-m/nofp\libc_nano.a(lib_a-nano-mallocr.o)
                0x0000000020000110                __malloc_sbrk_start
 .bss.__lock___malloc_recursive_mutex
                0x0000000020000114        0x1 c:/st/stm32cubeide_1.7.0/stm32cubeide/plugins/com.st.stm32cube.ide.mcu.externaltools.gnu-tools-for-stm32.10.3-2021.10.win32_1.0.0.202111181127/tools/bin/../lib/gcc/arm-none-eabi/10.3.1/../../../../arm-none-eabi/lib/thumb/v7-m/nofp\libc_nano.a(lib_a-lock.o)
                0x0000000020000114                __lock___malloc_recursive_mutex
 .bss.__lock___sfp_recursive_mutex
                0x0000000020000115        0x1 c:/st/stm32cubeide_1.7.0/stm32cubeide/plugins/com.st.stm32cube.ide.mcu.externaltools.gnu-tools-for-stm32.10.3-2021.10.win32_1.0.0.202111181127/tools/bin/../lib/gcc/arm-none-eabi/10.3.1/../../../../arm-none-eabi/lib/thumb/v7-m/nofp\libc_nano.a(lib_a-lock.o)
                0x0000000020000115                __lock___sfp_recursive_mutex
 .bss.__lock___sinit_recursive_mutex
                0x0000000020000116        0x1 c:/st/stm32cubeide_1.7.0/stm32cubeide/plugins/com.st.stm32cube.ide.mcu.externaltools.gnu-tools-for-stm32.10.3-2021.10.win32_1.0.0.202111181127/tools/bin/../lib/gcc/arm-none-eabi/10.3.1/../../../../arm-none-eabi/lib/thumb/v7-m/nofp\libc_nano.a(lib_a-lock.o)
                0x0000000020000116                __lock___sinit_recursive_mutex
 *fill*         0x0000000020000117        0x1 
 .bss.errno     0x0000000020000118        0x4 c:/st/stm32cubeide_1.7.0/stm32cubeide/plugins/com.st.stm32cube.ide.mcu.externaltools.gnu-tools-for-stm32.10.3-2021.10.win32_1.0.0.202111181127/tools/bin/../lib/gcc/arm-none-eabi/10.3.1/../../../../arm-none-eabi/lib/thumb/v7-m/nofp\libc_nano.a(lib_a-reent.o)
                0x0000000020000118                errno
 *(COMMON)
                0x000000002000011c                . = ALIGN (0x4)
                0x000000002000011c                _ebss = .
                0x000000002000011c                __bss_end__ = _ebss

._user_heap_stack
                0x000000002000011c      0x604 load address 0x0000000008005ce4
                0x0000000020000120                . = ALIGN (0x8)
 *fill*         0x000000002000011c        0x4 
                [!provide]                        PROVIDE (end = .)
                0x0000000020000120                PROVIDE (_end = .)
                0x0000000020000320                . = (. + _Min_Heap_Size)
 *fill*         0x0000000020000120      0x200 
                0x0000000020000720                . = (. + _Min_Stack_Size)
 *fill*         0x0000000020000320      0x400 
                0x0000000020000720                . = ALIGN (0x8)

/DISCARD/
 libc.a(*)
 libm.a(*)
 libgcc.a(*)

.ARM.attributes
                0x0000000000000000       0x29
 *(.ARM.attributes)
 .ARM.attributes
                0x0000000000000000       0x1d c:/st/stm32cubeide_1.7.0/stm32cubeide/plugins/com.st.stm32cube.ide.mcu.externaltools.gnu-tools-for-stm32.10.3-2021.10.win32_1.0.0.202111181127/tools/bin/../lib/gcc/arm-none-eabi/10.3.1/thumb/v7-m/nofp/crti.o
 .ARM.attributes
                0x000000000000001d       0x2d c:/st/stm32cubeide_1.7.0/stm32cubeide/plugins/com.st.stm32cube.ide.mcu.externaltools.gnu-tools-for-stm32.10.3-2021.10.win32_1.0.0.202111181127/tools/bin/../lib/gcc/arm-none-eabi/10.3.1/thumb/v7-m/nofp/crtbegin.o
 .ARM.attributes
                0x000000000000004a       0x2d ./Core/Src/GUI_Paint.o
 .ARM.attributes
                0x0000000000000077       0x2d ./Core/Src/MS_Screen.o
 .ARM.attributes
                0x00000000000000a4       0x2d ./Core/Src/Screen.o
 .ARM.attributes
                0x00000000000000d1       0x2d ./Core/Src/ScreenConfig.o
 .ARM.attributes
                0x00000000000000fe       0x2d ./Core/Src/main.o
 .ARM.attributes
                0x000000000000012b       0x2d ./Core/Src/stm32f2xx_hal_msp.o
 .ARM.attributes
                0x0000000000000158       0x2d ./Core/Src/stm32f2xx_it.o
 .ARM.attributes
                0x0000000000000185       0x2d ./Core/Src/syscalls.o
 .ARM.attributes
                0x00000000000001b2       0x2d ./Core/Src/sysmem.o
 .ARM.attributes
                0x00000000000001df       0x2d ./Core/Src/system_stm32f2xx.o
 .ARM.attributes
                0x000000000000020c       0x2d ./Core/Src/fonts/font24.o
 .ARM.attributes
                0x0000000000000239       0x21 ./Core/Startup/startup_stm32f207vgtx.o
 .ARM.attributes
                0x000000000000025a       0x2d ./Drivers/STM32F2xx_HAL_Driver/Src/stm32f2xx_hal.o
 .ARM.attributes
                0x0000000000000287       0x2d ./Drivers/STM32F2xx_HAL_Driver/Src/stm32f2xx_hal_cortex.o
 .ARM.attributes
                0x00000000000002b4       0x2d ./Drivers/STM32F2xx_HAL_Driver/Src/stm32f2xx_hal_gpio.o
 .ARM.attributes
                0x00000000000002e1       0x2d ./Drivers/STM32F2xx_HAL_Driver/Src/stm32f2xx_hal_rcc.o
 .ARM.attributes
                0x000000000000030e       0x2d ./Drivers/STM32F2xx_HAL_Driver/Src/stm32f2xx_hal_spi.o
 .ARM.attributes
                0x000000000000033b       0x2d c:/st/stm32cubeide_1.7.0/stm32cubeide/plugins/com.st.stm32cube.ide.mcu.externaltools.gnu-tools-for-stm32.10.3-2021.10.win32_1.0.0.202111181127/tools/bin/../lib/gcc/arm-none-eabi/10.3.1/../../../../arm-none-eabi/lib/thumb/v7-m/nofp\libc_nano.a(lib_a-errno.o)
 .ARM.attributes
                0x0000000000000368       0x2d c:/st/stm32cubeide_1.7.0/stm32cubeide/plugins/com.st.stm32cube.ide.mcu.externaltools.gnu-tools-for-stm32.10.3-2021.10.win32_1.0.0.202111181127/tools/bin/../lib/gcc/arm-none-eabi/10.3.1/../../../../arm-none-eabi/lib/thumb/v7-m/nofp\libc_nano.a(lib_a-impure.o)
 .ARM.attributes
                0x0000000000000395       0x2d c:/st/stm32cubeide_1.7.0/stm32cubeide/plugins/com.st.stm32cube.ide.mcu.externaltools.gnu-tools-for-stm32.10.3-2021.10.win32_1.0.0.202111181127/tools/bin/../lib/gcc/arm-none-eabi/10.3.1/../../../../arm-none-eabi/lib/thumb/v7-m/nofp\libc_nano.a(lib_a-init.o)
 .ARM.attributes
                0x00000000000003c2       0x2d c:/st/stm32cubeide_1.7.0/stm32cubeide/plugins/com.st.stm32cube.ide.mcu.externaltools.gnu-tools-for-stm32.10.3-2021.10.win32_1.0.0.202111181127/tools/bin/../lib/gcc/arm-none-eabi/10.3.1/../../../../arm-none-eabi/lib/thumb/v7-m/nofp\libc_nano.a(lib_a-malloc.o)
 .ARM.attributes
                0x00000000000003ef       0x2d c:/st/stm32cubeide_1.7.0/stm32cubeide/plugins/com.st.stm32cube.ide.mcu.externaltools.gnu-tools-for-stm32.10.3-2021.10.win32_1.0.0.202111181127/tools/bin/../lib/gcc/arm-none-eabi/10.3.1/../../../../arm-none-eabi/lib/thumb/v7-m/nofp\libc_nano.a(lib_a-memset.o)
 .ARM.attributes
                0x000000000000041c       0x2d c:/st/stm32cubeide_1.7.0/stm32cubeide/plugins/com.st.stm32cube.ide.mcu.externaltools.gnu-tools-for-stm32.10.3-2021.10.win32_1.0.0.202111181127/tools/bin/../lib/gcc/arm-none-eabi/10.3.1/../../../../arm-none-eabi/lib/thumb/v7-m/nofp\libc_nano.a(lib_a-nano-freer.o)
 .ARM.attributes
                0x0000000000000449       0x2d c:/st/stm32cubeide_1.7.0/stm32cubeide/plugins/com.st.stm32cube.ide.mcu.externaltools.gnu-tools-for-stm32.10.3-2021.10.win32_1.0.0.202111181127/tools/bin/../lib/gcc/arm-none-eabi/10.3.1/../../../../arm-none-eabi/lib/thumb/v7-m/nofp\libc_nano.a(lib_a-nano-mallocr.o)
 .ARM.attributes
                0x0000000000000476       0x2d c:/st/stm32cubeide_1.7.0/stm32cubeide/plugins/com.st.stm32cube.ide.mcu.externaltools.gnu-tools-for-stm32.10.3-2021.10.win32_1.0.0.202111181127/tools/bin/../lib/gcc/arm-none-eabi/10.3.1/../../../../arm-none-eabi/lib/thumb/v7-m/nofp\libc_nano.a(lib_a-puts.o)
 .ARM.attributes
                0x00000000000004a3       0x2d c:/st/stm32cubeide_1.7.0/stm32cubeide/plugins/com.st.stm32cube.ide.mcu.externaltools.gnu-tools-for-stm32.10.3-2021.10.win32_1.0.0.202111181127/tools/bin/../lib/gcc/arm-none-eabi/10.3.1/../../../../arm-none-eabi/lib/thumb/v7-m/nofp\libc_nano.a(lib_a-sbrkr.o)
 .ARM.attributes
                0x00000000000004d0       0x2d c:/st/stm32cubeide_1.7.0/stm32cubeide/plugins/com.st.stm32cube.ide.mcu.externaltools.gnu-tools-for-stm32.10.3-2021.10.win32_1.0.0.202111181127/tools/bin/../lib/gcc/arm-none-eabi/10.3.1/../../../../arm-none-eabi/lib/thumb/v7-m/nofp\libc_nano.a(lib_a-wbuf.o)
 .ARM.attributes
                0x00000000000004fd       0x2d c:/st/stm32cubeide_1.7.0/stm32cubeide/plugins/com.st.stm32cube.ide.mcu.externaltools.gnu-tools-for-stm32.10.3-2021.10.win32_1.0.0.202111181127/tools/bin/../lib/gcc/arm-none-eabi/10.3.1/../../../../arm-none-eabi/lib/thumb/v7-m/nofp\libc_nano.a(lib_a-wsetup.o)
 .ARM.attributes
                0x000000000000052a       0x2d c:/st/stm32cubeide_1.7.0/stm32cubeide/plugins/com.st.stm32cube.ide.mcu.externaltools.gnu-tools-for-stm32.10.3-2021.10.win32_1.0.0.202111181127/tools/bin/../lib/gcc/arm-none-eabi/10.3.1/../../../../arm-none-eabi/lib/thumb/v7-m/nofp\libc_nano.a(lib_a-fflush.o)
 .ARM.attributes
                0x0000000000000557       0x2d c:/st/stm32cubeide_1.7.0/stm32cubeide/plugins/com.st.stm32cube.ide.mcu.externaltools.gnu-tools-for-stm32.10.3-2021.10.win32_1.0.0.202111181127/tools/bin/../lib/gcc/arm-none-eabi/10.3.1/../../../../arm-none-eabi/lib/thumb/v7-m/nofp\libc_nano.a(lib_a-findfp.o)
 .ARM.attributes
                0x0000000000000584       0x2d c:/st/stm32cubeide_1.7.0/stm32cubeide/plugins/com.st.stm32cube.ide.mcu.externaltools.gnu-tools-for-stm32.10.3-2021.10.win32_1.0.0.202111181127/tools/bin/../lib/gcc/arm-none-eabi/10.3.1/../../../../arm-none-eabi/lib/thumb/v7-m/nofp\libc_nano.a(lib_a-fwalk.o)
 .ARM.attributes
                0x00000000000005b1       0x2d c:/st/stm32cubeide_1.7.0/stm32cubeide/plugins/com.st.stm32cube.ide.mcu.externaltools.gnu-tools-for-stm32.10.3-2021.10.win32_1.0.0.202111181127/tools/bin/../lib/gcc/arm-none-eabi/10.3.1/../../../../arm-none-eabi/lib/thumb/v7-m/nofp\libc_nano.a(lib_a-lock.o)
 .ARM.attributes
                0x00000000000005de       0x2d c:/st/stm32cubeide_1.7.0/stm32cubeide/plugins/com.st.stm32cube.ide.mcu.externaltools.gnu-tools-for-stm32.10.3-2021.10.win32_1.0.0.202111181127/tools/bin/../lib/gcc/arm-none-eabi/10.3.1/../../../../arm-none-eabi/lib/thumb/v7-m/nofp\libc_nano.a(lib_a-makebuf.o)
 .ARM.attributes
                0x000000000000060b       0x2d c:/st/stm32cubeide_1.7.0/stm32cubeide/plugins/com.st.stm32cube.ide.mcu.externaltools.gnu-tools-for-stm32.10.3-2021.10.win32_1.0.0.202111181127/tools/bin/../lib/gcc/arm-none-eabi/10.3.1/../../../../arm-none-eabi/lib/thumb/v7-m/nofp\libc_nano.a(lib_a-mlock.o)
 .ARM.attributes
                0x0000000000000638       0x2d c:/st/stm32cubeide_1.7.0/stm32cubeide/plugins/com.st.stm32cube.ide.mcu.externaltools.gnu-tools-for-stm32.10.3-2021.10.win32_1.0.0.202111181127/tools/bin/../lib/gcc/arm-none-eabi/10.3.1/../../../../arm-none-eabi/lib/thumb/v7-m/nofp\libc_nano.a(lib_a-reent.o)
 .ARM.attributes
                0x0000000000000665       0x2d c:/st/stm32cubeide_1.7.0/stm32cubeide/plugins/com.st.stm32cube.ide.mcu.externaltools.gnu-tools-for-stm32.10.3-2021.10.win32_1.0.0.202111181127/tools/bin/../lib/gcc/arm-none-eabi/10.3.1/../../../../arm-none-eabi/lib/thumb/v7-m/nofp\libc_nano.a(lib_a-stdio.o)
 .ARM.attributes
                0x0000000000000692       0x2d c:/st/stm32cubeide_1.7.0/stm32cubeide/plugins/com.st.stm32cube.ide.mcu.externaltools.gnu-tools-for-stm32.10.3-2021.10.win32_1.0.0.202111181127/tools/bin/../lib/gcc/arm-none-eabi/10.3.1/../../../../arm-none-eabi/lib/thumb/v7-m/nofp\libc_nano.a(lib_a-writer.o)
 .ARM.attributes
                0x00000000000006bf       0x2d c:/st/stm32cubeide_1.7.0/stm32cubeide/plugins/com.st.stm32cube.ide.mcu.externaltools.gnu-tools-for-stm32.10.3-2021.10.win32_1.0.0.202111181127/tools/bin/../lib/gcc/arm-none-eabi/10.3.1/../../../../arm-none-eabi/lib/thumb/v7-m/nofp\libc_nano.a(lib_a-closer.o)
 .ARM.attributes
                0x00000000000006ec       0x2d c:/st/stm32cubeide_1.7.0/stm32cubeide/plugins/com.st.stm32cube.ide.mcu.externaltools.gnu-tools-for-stm32.10.3-2021.10.win32_1.0.0.202111181127/tools/bin/../lib/gcc/arm-none-eabi/10.3.1/../../../../arm-none-eabi/lib/thumb/v7-m/nofp\libc_nano.a(lib_a-fstatr.o)
 .ARM.attributes
                0x0000000000000719       0x2d c:/st/stm32cubeide_1.7.0/stm32cubeide/plugins/com.st.stm32cube.ide.mcu.externaltools.gnu-tools-for-stm32.10.3-2021.10.win32_1.0.0.202111181127/tools/bin/../lib/gcc/arm-none-eabi/10.3.1/../../../../arm-none-eabi/lib/thumb/v7-m/nofp\libc_nano.a(lib_a-isattyr.o)
 .ARM.attributes
                0x0000000000000746       0x2d c:/st/stm32cubeide_1.7.0/stm32cubeide/plugins/com.st.stm32cube.ide.mcu.externaltools.gnu-tools-for-stm32.10.3-2021.10.win32_1.0.0.202111181127/tools/bin/../lib/gcc/arm-none-eabi/10.3.1/../../../../arm-none-eabi/lib/thumb/v7-m/nofp\libc_nano.a(lib_a-lseekr.o)
 .ARM.attributes
                0x0000000000000773       0x2d c:/st/stm32cubeide_1.7.0/stm32cubeide/plugins/com.st.stm32cube.ide.mcu.externaltools.gnu-tools-for-stm32.10.3-2021.10.win32_1.0.0.202111181127/tools/bin/../lib/gcc/arm-none-eabi/10.3.1/../../../../arm-none-eabi/lib/thumb/v7-m/nofp\libc_nano.a(lib_a-readr.o)
 .ARM.attributes
                0x00000000000007a0       0x1d c:/st/stm32cubeide_1.7.0/stm32cubeide/plugins/com.st.stm32cube.ide.mcu.externaltools.gnu-tools-for-stm32.10.3-2021.10.win32_1.0.0.202111181127/tools/bin/../lib/gcc/arm-none-eabi/10.3.1/thumb/v7-m/nofp\libgcc.a(_aeabi_uldivmod.o)
 .ARM.attributes
                0x00000000000007bd       0x2d c:/st/stm32cubeide_1.7.0/stm32cubeide/plugins/com.st.stm32cube.ide.mcu.externaltools.gnu-tools-for-stm32.10.3-2021.10.win32_1.0.0.202111181127/tools/bin/../lib/gcc/arm-none-eabi/10.3.1/thumb/v7-m/nofp\libgcc.a(_udivmoddi4.o)
 .ARM.attributes
                0x00000000000007ea       0x1d c:/st/stm32cubeide_1.7.0/stm32cubeide/plugins/com.st.stm32cube.ide.mcu.externaltools.gnu-tools-for-stm32.10.3-2021.10.win32_1.0.0.202111181127/tools/bin/../lib/gcc/arm-none-eabi/10.3.1/thumb/v7-m/nofp\libgcc.a(_dvmd_tls.o)
 .ARM.attributes
                0x0000000000000807       0x1d c:/st/stm32cubeide_1.7.0/stm32cubeide/plugins/com.st.stm32cube.ide.mcu.externaltools.gnu-tools-for-stm32.10.3-2021.10.win32_1.0.0.202111181127/tools/bin/../lib/gcc/arm-none-eabi/10.3.1/thumb/v7-m/nofp/crtn.o
OUTPUT(SteeringWheel.elf elf32-littlearm)
LOAD linker stubs
LOAD c:/st/stm32cubeide_1.7.0/stm32cubeide/plugins/com.st.stm32cube.ide.mcu.externaltools.gnu-tools-for-stm32.10.3-2021.10.win32_1.0.0.202111181127/tools/bin/../lib/gcc/arm-none-eabi/10.3.1/../../../../arm-none-eabi/lib/thumb/v7-m/nofp\libc.a
LOAD c:/st/stm32cubeide_1.7.0/stm32cubeide/plugins/com.st.stm32cube.ide.mcu.externaltools.gnu-tools-for-stm32.10.3-2021.10.win32_1.0.0.202111181127/tools/bin/../lib/gcc/arm-none-eabi/10.3.1/../../../../arm-none-eabi/lib/thumb/v7-m/nofp\libm.a
LOAD c:/st/stm32cubeide_1.7.0/stm32cubeide/plugins/com.st.stm32cube.ide.mcu.externaltools.gnu-tools-for-stm32.10.3-2021.10.win32_1.0.0.202111181127/tools/bin/../lib/gcc/arm-none-eabi/10.3.1/thumb/v7-m/nofp\libgcc.a

.debug_info     0x0000000000000000     0x8785
 .debug_info    0x0000000000000000      0xf99 ./Core/Src/GUI_Paint.o
 .debug_info    0x0000000000000f99      0x3a8 ./Core/Src/MS_Screen.o
 .debug_info    0x0000000000001341      0x5d9 ./Core/Src/Screen.o
 .debug_info    0x000000000000191a      0x826 ./Core/Src/ScreenConfig.o
 .debug_info    0x0000000000002140      0xcde ./Core/Src/main.o
 .debug_info    0x0000000000002e1e      0x9b6 ./Core/Src/stm32f2xx_hal_msp.o
 .debug_info    0x00000000000037d4      0x121 ./Core/Src/stm32f2xx_it.o
 .debug_info    0x00000000000038f5      0x6e0 ./Core/Src/syscalls.o
 .debug_info    0x0000000000003fd5      0x171 ./Core/Src/sysmem.o
 .debug_info    0x0000000000004146      0x368 ./Core/Src/system_stm32f2xx.o
 .debug_info    0x00000000000044ae      0x12e ./Core/Src/fonts/font24.o
 .debug_info    0x00000000000045dc       0x22 ./Core/Startup/startup_stm32f207vgtx.o
 .debug_info    0x00000000000045fe      0x9fd ./Drivers/STM32F2xx_HAL_Driver/Src/stm32f2xx_hal.o
 .debug_info    0x0000000000004ffb      0xe1b ./Drivers/STM32F2xx_HAL_Driver/Src/stm32f2xx_hal_cortex.o
 .debug_info    0x0000000000005e16      0x730 ./Drivers/STM32F2xx_HAL_Driver/Src/stm32f2xx_hal_gpio.o
 .debug_info    0x0000000000006546      0xaf7 ./Drivers/STM32F2xx_HAL_Driver/Src/stm32f2xx_hal_rcc.o
 .debug_info    0x000000000000703d     0x1748 ./Drivers/STM32F2xx_HAL_Driver/Src/stm32f2xx_hal_spi.o

.debug_abbrev   0x0000000000000000     0x1c93
 .debug_abbrev  0x0000000000000000      0x205 ./Core/Src/GUI_Paint.o
 .debug_abbrev  0x0000000000000205      0x14b ./Core/Src/MS_Screen.o
 .debug_abbrev  0x0000000000000350      0x201 ./Core/Src/Screen.o
 .debug_abbrev  0x0000000000000551      0x226 ./Core/Src/ScreenConfig.o
 .debug_abbrev  0x0000000000000777      0x249 ./Core/Src/main.o
 .debug_abbrev  0x00000000000009c0      0x194 ./Core/Src/stm32f2xx_hal_msp.o
 .debug_abbrev  0x0000000000000b54       0x74 ./Core/Src/stm32f2xx_it.o
 .debug_abbrev  0x0000000000000bc8      0x1b3 ./Core/Src/syscalls.o
 .debug_abbrev  0x0000000000000d7b       0xbb ./Core/Src/sysmem.o
 .debug_abbrev  0x0000000000000e36      0x116 ./Core/Src/system_stm32f2xx.o
 .debug_abbrev  0x0000000000000f4c       0xb1 ./Core/Src/fonts/font24.o
 .debug_abbrev  0x0000000000000ffd       0x12 ./Core/Startup/startup_stm32f207vgtx.o
 .debug_abbrev  0x000000000000100f      0x27d ./Drivers/STM32F2xx_HAL_Driver/Src/stm32f2xx_hal.o
 .debug_abbrev  0x000000000000128c      0x316 ./Drivers/STM32F2xx_HAL_Driver/Src/stm32f2xx_hal_cortex.o
 .debug_abbrev  0x00000000000015a2      0x1bb ./Drivers/STM32F2xx_HAL_Driver/Src/stm32f2xx_hal_gpio.o
 .debug_abbrev  0x000000000000175d      0x2c8 ./Drivers/STM32F2xx_HAL_Driver/Src/stm32f2xx_hal_rcc.o
 .debug_abbrev  0x0000000000001a25      0x26e ./Drivers/STM32F2xx_HAL_Driver/Src/stm32f2xx_hal_spi.o

.debug_aranges  0x0000000000000000      0x888
 .debug_aranges
                0x0000000000000000       0xb8 ./Core/Src/GUI_Paint.o
 .debug_aranges
                0x00000000000000b8       0x50 ./Core/Src/MS_Screen.o
 .debug_aranges
                0x0000000000000108       0x88 ./Core/Src/Screen.o
 .debug_aranges
                0x0000000000000190       0x40 ./Core/Src/ScreenConfig.o
 .debug_aranges
                0x00000000000001d0       0x40 ./Core/Src/main.o
 .debug_aranges
                0x0000000000000210       0x30 ./Core/Src/stm32f2xx_hal_msp.o
 .debug_aranges
                0x0000000000000240       0x60 ./Core/Src/stm32f2xx_it.o
 .debug_aranges
                0x00000000000002a0       0xa8 ./Core/Src/syscalls.o
 .debug_aranges
                0x0000000000000348       0x20 ./Core/Src/sysmem.o
 .debug_aranges
                0x0000000000000368       0x28 ./Core/Src/system_stm32f2xx.o
 .debug_aranges
                0x0000000000000390       0x18 ./Core/Src/fonts/font24.o
 .debug_aranges
                0x00000000000003a8       0x28 ./Core/Startup/startup_stm32f207vgtx.o
 .debug_aranges
                0x00000000000003d0       0xf0 ./Drivers/STM32F2xx_HAL_Driver/Src/stm32f2xx_hal.o
 .debug_aranges
                0x00000000000004c0      0x118 ./Drivers/STM32F2xx_HAL_Driver/Src/stm32f2xx_hal_cortex.o
 .debug_aranges
                0x00000000000005d8       0x58 ./Drivers/STM32F2xx_HAL_Driver/Src/stm32f2xx_hal_gpio.o
 .debug_aranges
                0x0000000000000630       0x88 ./Drivers/STM32F2xx_HAL_Driver/Src/stm32f2xx_hal_rcc.o
 .debug_aranges
                0x00000000000006b8      0x1d0 ./Drivers/STM32F2xx_HAL_Driver/Src/stm32f2xx_hal_spi.o

.debug_ranges   0x0000000000000000      0x778
 .debug_ranges  0x0000000000000000       0xa8 ./Core/Src/GUI_Paint.o
 .debug_ranges  0x00000000000000a8       0x40 ./Core/Src/MS_Screen.o
 .debug_ranges  0x00000000000000e8       0x78 ./Core/Src/Screen.o
 .debug_ranges  0x0000000000000160       0x30 ./Core/Src/ScreenConfig.o
 .debug_ranges  0x0000000000000190       0x30 ./Core/Src/main.o
 .debug_ranges  0x00000000000001c0       0x20 ./Core/Src/stm32f2xx_hal_msp.o
 .debug_ranges  0x00000000000001e0       0x50 ./Core/Src/stm32f2xx_it.o
 .debug_ranges  0x0000000000000230       0x98 ./Core/Src/syscalls.o
 .debug_ranges  0x00000000000002c8       0x10 ./Core/Src/sysmem.o
 .debug_ranges  0x00000000000002d8       0x18 ./Core/Src/system_stm32f2xx.o
 .debug_ranges  0x00000000000002f0       0x20 ./Core/Startup/startup_stm32f207vgtx.o
 .debug_ranges  0x0000000000000310       0xe0 ./Drivers/STM32F2xx_HAL_Driver/Src/stm32f2xx_hal.o
 .debug_ranges  0x00000000000003f0      0x108 ./Drivers/STM32F2xx_HAL_Driver/Src/stm32f2xx_hal_cortex.o
 .debug_ranges  0x00000000000004f8       0x48 ./Drivers/STM32F2xx_HAL_Driver/Src/stm32f2xx_hal_gpio.o
 .debug_ranges  0x0000000000000540       0x78 ./Drivers/STM32F2xx_HAL_Driver/Src/stm32f2xx_hal_rcc.o
 .debug_ranges  0x00000000000005b8      0x1c0 ./Drivers/STM32F2xx_HAL_Driver/Src/stm32f2xx_hal_spi.o

.debug_macro    0x0000000000000000    0x20a28
 .debug_macro   0x0000000000000000      0x3d2 ./Core/Src/GUI_Paint.o
 .debug_macro   0x00000000000003d2      0xa6c ./Core/Src/GUI_Paint.o
 .debug_macro   0x0000000000000e3e      0x238 ./Core/Src/GUI_Paint.o
 .debug_macro   0x0000000000001076       0x2e ./Core/Src/GUI_Paint.o
 .debug_macro   0x00000000000010a4       0x22 ./Core/Src/GUI_Paint.o
 .debug_macro   0x00000000000010c6       0x22 ./Core/Src/GUI_Paint.o
 .debug_macro   0x00000000000010e8       0x8e ./Core/Src/GUI_Paint.o
 .debug_macro   0x0000000000001176       0x51 ./Core/Src/GUI_Paint.o
 .debug_macro   0x00000000000011c7      0x103 ./Core/Src/GUI_Paint.o
 .debug_macro   0x00000000000012ca       0x6a ./Core/Src/GUI_Paint.o
 .debug_macro   0x0000000000001334      0x1df ./Core/Src/GUI_Paint.o
 .debug_macro   0x0000000000001513       0x1c ./Core/Src/GUI_Paint.o
 .debug_macro   0x000000000000152f       0x22 ./Core/Src/GUI_Paint.o
 .debug_macro   0x0000000000001551       0xbd ./Core/Src/GUI_Paint.o
 .debug_macro   0x000000000000160e      0xe49 ./Core/Src/GUI_Paint.o
 .debug_macro   0x0000000000002457      0x11f ./Core/Src/GUI_Paint.o
 .debug_macro   0x0000000000002576    0x14fe1 ./Core/Src/GUI_Paint.o
 .debug_macro   0x0000000000017557       0x43 ./Core/Src/GUI_Paint.o
 .debug_macro   0x000000000001759a     0x358e ./Core/Src/GUI_Paint.o
 .debug_macro   0x000000000001ab28      0x174 ./Core/Src/GUI_Paint.o
 .debug_macro   0x000000000001ac9c       0x55 ./Core/Src/GUI_Paint.o
 .debug_macro   0x000000000001acf1     0x1057 ./Core/Src/GUI_Paint.o
 .debug_macro   0x000000000001bd48      0x153 ./Core/Src/GUI_Paint.o
 .debug_macro   0x000000000001be9b      0x170 ./Core/Src/GUI_Paint.o
 .debug_macro   0x000000000001c00b      0x116 ./Core/Src/GUI_Paint.o
 .debug_macro   0x000000000001c121      0x108 ./Core/Src/GUI_Paint.o
 .debug_macro   0x000000000001c229       0xa5 ./Core/Src/GUI_Paint.o
 .debug_macro   0x000000000001c2ce      0x16a ./Core/Src/GUI_Paint.o
 .debug_macro   0x000000000001c438      0x287 ./Core/Src/GUI_Paint.o
 .debug_macro   0x000000000001c6bf       0x5f ./Core/Src/GUI_Paint.o
 .debug_macro   0x000000000001c71e      0x236 ./Core/Src/GUI_Paint.o
 .debug_macro   0x000000000001c954      0x126 ./Core/Src/GUI_Paint.o
 .debug_macro   0x000000000001ca7a      0x216 ./Core/Src/GUI_Paint.o
 .debug_macro   0x000000000001cc90       0x2e ./Core/Src/GUI_Paint.o
 .debug_macro   0x000000000001ccbe      0x113 ./Core/Src/GUI_Paint.o
 .debug_macro   0x000000000001cdd1       0x22 ./Core/Src/GUI_Paint.o
 .debug_macro   0x000000000001cdf3       0x82 ./Core/Src/GUI_Paint.o
 .debug_macro   0x000000000001ce75      0x225 ./Core/Src/GUI_Paint.o
 .debug_macro   0x000000000001d09a      0x12d ./Core/Src/GUI_Paint.o
 .debug_macro   0x000000000001d1c7       0x4c ./Core/Src/GUI_Paint.o
 .debug_macro   0x000000000001d213       0x52 ./Core/Src/GUI_Paint.o
 .debug_macro   0x000000000001d265       0x18 ./Core/Src/GUI_Paint.o
 .debug_macro   0x000000000001d27d       0x3c ./Core/Src/GUI_Paint.o
 .debug_macro   0x000000000001d2b9       0x34 ./Core/Src/GUI_Paint.o
 .debug_macro   0x000000000001d2ed       0x16 ./Core/Src/GUI_Paint.o
 .debug_macro   0x000000000001d303       0x35 ./Core/Src/GUI_Paint.o
 .debug_macro   0x000000000001d338      0x341 ./Core/Src/GUI_Paint.o
 .debug_macro   0x000000000001d679       0x10 ./Core/Src/GUI_Paint.o
 .debug_macro   0x000000000001d689       0x16 ./Core/Src/GUI_Paint.o
 .debug_macro   0x000000000001d69f       0x43 ./Core/Src/GUI_Paint.o
 .debug_macro   0x000000000001d6e2       0x34 ./Core/Src/GUI_Paint.o
 .debug_macro   0x000000000001d716       0x10 ./Core/Src/GUI_Paint.o
 .debug_macro   0x000000000001d726       0x58 ./Core/Src/GUI_Paint.o
 .debug_macro   0x000000000001d77e       0x71 ./Core/Src/GUI_Paint.o
 .debug_macro   0x000000000001d7ef       0x1c ./Core/Src/GUI_Paint.o
 .debug_macro   0x000000000001d80b      0x12a ./Core/Src/GUI_Paint.o
 .debug_macro   0x000000000001d935       0x10 ./Core/Src/GUI_Paint.o
 .debug_macro   0x000000000001d945       0x1c ./Core/Src/GUI_Paint.o
 .debug_macro   0x000000000001d961       0x52 ./Core/Src/GUI_Paint.o
 .debug_macro   0x000000000001d9b3       0x22 ./Core/Src/GUI_Paint.o
 .debug_macro   0x000000000001d9d5       0x10 ./Core/Src/GUI_Paint.o
 .debug_macro   0x000000000001d9e5       0x52 ./Core/Src/GUI_Paint.o
 .debug_macro   0x000000000001da37       0xd5 ./Core/Src/GUI_Paint.o
 .debug_macro   0x000000000001db0c       0x1c ./Core/Src/GUI_Paint.o
 .debug_macro   0x000000000001db28       0x3d ./Core/Src/GUI_Paint.o
 .debug_macro   0x000000000001db65       0x16 ./Core/Src/GUI_Paint.o
 .debug_macro   0x000000000001db7b      0x145 ./Core/Src/GUI_Paint.o
 .debug_macro   0x000000000001dcc0       0x1c ./Core/Src/GUI_Paint.o
 .debug_macro   0x000000000001dcdc       0x1c ./Core/Src/GUI_Paint.o
 .debug_macro   0x000000000001dcf8       0x76 ./Core/Src/GUI_Paint.o
 .debug_macro   0x000000000001dd6e       0x16 ./Core/Src/GUI_Paint.o
 .debug_macro   0x000000000001dd84       0x16 ./Core/Src/GUI_Paint.o
 .debug_macro   0x000000000001dd9a       0x16 ./Core/Src/GUI_Paint.o
 .debug_macro   0x000000000001ddb0       0x29 ./Core/Src/GUI_Paint.o
 .debug_macro   0x000000000001ddd9       0x16 ./Core/Src/GUI_Paint.o
 .debug_macro   0x000000000001ddef       0x20 ./Core/Src/GUI_Paint.o
 .debug_macro   0x000000000001de0f      0x19b ./Core/Src/GUI_Paint.o
 .debug_macro   0x000000000001dfaa      0x3b8 ./Core/Src/MS_Screen.o
 .debug_macro   0x000000000001e362       0x8e ./Core/Src/MS_Screen.o
 .debug_macro   0x000000000001e3f0       0x2e ./Core/Src/MS_Screen.o
 .debug_macro   0x000000000001e41e      0x342 ./Core/Src/Screen.o
 .debug_macro   0x000000000001e760      0x32a ./Core/Src/ScreenConfig.o
 .debug_macro   0x000000000001ea8a      0x3b3 ./Core/Src/main.o
 .debug_macro   0x000000000001ee3d      0x1c2 ./Core/Src/stm32f2xx_hal_msp.o
 .debug_macro   0x000000000001efff      0x1cc ./Core/Src/stm32f2xx_it.o
 .debug_macro   0x000000000001f1cb      0x24c ./Core/Src/syscalls.o
 .debug_macro   0x000000000001f417       0x4c ./Core/Src/syscalls.o
 .debug_macro   0x000000000001f463       0x94 ./Core/Src/syscalls.o
 .debug_macro   0x000000000001f4f7       0x57 ./Core/Src/syscalls.o
 .debug_macro   0x000000000001f54e       0x10 ./Core/Src/syscalls.o
 .debug_macro   0x000000000001f55e       0x10 ./Core/Src/syscalls.o
 .debug_macro   0x000000000001f56e       0x10 ./Core/Src/syscalls.o
 .debug_macro   0x000000000001f57e       0x35 ./Core/Src/syscalls.o
 .debug_macro   0x000000000001f5b3      0x12c ./Core/Src/syscalls.o
 .debug_macro   0x000000000001f6df       0x10 ./Core/Src/syscalls.o
 .debug_macro   0x000000000001f6ef      0x241 ./Core/Src/syscalls.o
 .debug_macro   0x000000000001f930       0x1c ./Core/Src/syscalls.o
 .debug_macro   0x000000000001f94c       0x10 ./Core/Src/syscalls.o
 .debug_macro   0x000000000001f95c      0x189 ./Core/Src/syscalls.o
 .debug_macro   0x000000000001fae5       0x16 ./Core/Src/syscalls.o
 .debug_macro   0x000000000001fafb       0xce ./Core/Src/syscalls.o
 .debug_macro   0x000000000001fbc9       0xff ./Core/Src/sysmem.o
 .debug_macro   0x000000000001fcc8      0x23b ./Core/Src/sysmem.o
 .debug_macro   0x000000000001ff03      0x1b3 ./Core/Src/system_stm32f2xx.o
 .debug_macro   0x00000000000200b6       0x6c ./Core/Src/fonts/font24.o
 .debug_macro   0x0000000000020122      0x201 ./Drivers/STM32F2xx_HAL_Driver/Src/stm32f2xx_hal.o
 .debug_macro   0x0000000000020323      0x1b3 ./Drivers/STM32F2xx_HAL_Driver/Src/stm32f2xx_hal_cortex.o
 .debug_macro   0x00000000000204d6      0x1ba ./Drivers/STM32F2xx_HAL_Driver/Src/stm32f2xx_hal_gpio.o
 .debug_macro   0x0000000000020690      0x1dd ./Drivers/STM32F2xx_HAL_Driver/Src/stm32f2xx_hal_rcc.o
 .debug_macro   0x000000000002086d      0x1bb ./Drivers/STM32F2xx_HAL_Driver/Src/stm32f2xx_hal_spi.o

.debug_line     0x0000000000000000     0xafef
 .debug_line    0x0000000000000000     0x1700 ./Core/Src/GUI_Paint.o
 .debug_line    0x0000000000001700      0x95c ./Core/Src/MS_Screen.o
 .debug_line    0x000000000000205c      0xda7 ./Core/Src/Screen.o
 .debug_line    0x0000000000002e03      0x8b1 ./Core/Src/ScreenConfig.o
 .debug_line    0x00000000000036b4      0x9dc ./Core/Src/main.o
 .debug_line    0x0000000000004090      0x6b1 ./Core/Src/stm32f2xx_hal_msp.o
 .debug_line    0x0000000000004741      0x727 ./Core/Src/stm32f2xx_it.o
 .debug_line    0x0000000000004e68      0x7ef ./Core/Src/syscalls.o
 .debug_line    0x0000000000005657      0x4e5 ./Core/Src/sysmem.o
 .debug_line    0x0000000000005b3c      0x6e1 ./Core/Src/system_stm32f2xx.o
 .debug_line    0x000000000000621d      0x382 ./Core/Src/fonts/font24.o
 .debug_line    0x000000000000659f       0x88 ./Core/Startup/startup_stm32f207vgtx.o
 .debug_line    0x0000000000006627      0x978 ./Drivers/STM32F2xx_HAL_Driver/Src/stm32f2xx_hal.o
 .debug_line    0x0000000000006f9f      0xbfb ./Drivers/STM32F2xx_HAL_Driver/Src/stm32f2xx_hal_cortex.o
 .debug_line    0x0000000000007b9a      0xac8 ./Drivers/STM32F2xx_HAL_Driver/Src/stm32f2xx_hal_gpio.o
 .debug_line    0x0000000000008662      0xdfe ./Drivers/STM32F2xx_HAL_Driver/Src/stm32f2xx_hal_rcc.o
 .debug_line    0x0000000000009460     0x1b8f ./Drivers/STM32F2xx_HAL_Driver/Src/stm32f2xx_hal_spi.o

.debug_str      0x0000000000000000    0xbc2ca
 .debug_str     0x0000000000000000    0xb8526 ./Core/Src/GUI_Paint.o
                                      0xb883e (size before relaxing)
 .debug_str     0x00000000000b8526      0x4d3 ./Core/Src/MS_Screen.o
                                      0xb7fcf (size before relaxing)
 .debug_str     0x00000000000b89f9      0x16d ./Core/Src/Screen.o
                                      0xb7d34 (size before relaxing)
 .debug_str     0x00000000000b8b66      0x4a6 ./Core/Src/ScreenConfig.o
                                      0xb7d19 (size before relaxing)
 .debug_str     0x00000000000b900c      0x314 ./Core/Src/main.o
                                      0xb8665 (size before relaxing)
 .debug_str     0x00000000000b9320       0x63 ./Core/Src/stm32f2xx_hal_msp.o
                                      0xb4012 (size before relaxing)
 .debug_str     0x00000000000b9383       0xc9 ./Core/Src/stm32f2xx_it.o
                                      0xb3a9d (size before relaxing)
 .debug_str     0x00000000000b944c     0x1671 ./Core/Src/syscalls.o
                                       0x8a5c (size before relaxing)
 .debug_str     0x00000000000baabd       0x6b ./Core/Src/sysmem.o
                                       0x5d98 (size before relaxing)
 .debug_str     0x00000000000bab28       0x87 ./Core/Src/system_stm32f2xx.o
                                      0xb3a7d (size before relaxing)
 .debug_str     0x00000000000babaf       0x28 ./Core/Src/fonts/font24.o
                                       0x3c8d (size before relaxing)
 .debug_str     0x00000000000babd7       0x36 ./Core/Startup/startup_stm32f207vgtx.o
                                         0xb2 (size before relaxing)
 .debug_str     0x00000000000bac0d      0xa5d ./Drivers/STM32F2xx_HAL_Driver/Src/stm32f2xx_hal.o
                                      0xb45c9 (size before relaxing)
 .debug_str     0x00000000000bb66a      0x39e ./Drivers/STM32F2xx_HAL_Driver/Src/stm32f2xx_hal_cortex.o
                                      0xb438e (size before relaxing)
 .debug_str     0x00000000000bba08       0xfb ./Drivers/STM32F2xx_HAL_Driver/Src/stm32f2xx_hal_gpio.o
                                      0xb3c3b (size before relaxing)
 .debug_str     0x00000000000bbb03      0x25c ./Drivers/STM32F2xx_HAL_Driver/Src/stm32f2xx_hal_rcc.o
                                      0xb3f2f (size before relaxing)
 .debug_str     0x00000000000bbd5f      0x56b ./Drivers/STM32F2xx_HAL_Driver/Src/stm32f2xx_hal_spi.o
                                      0xb436f (size before relaxing)

.comment        0x0000000000000000       0x50
 .comment       0x0000000000000000       0x50 ./Core/Src/GUI_Paint.o
                                         0x51 (size before relaxing)
 .comment       0x0000000000000050       0x51 ./Core/Src/MS_Screen.o
 .comment       0x0000000000000050       0x51 ./Core/Src/Screen.o
 .comment       0x0000000000000050       0x51 ./Core/Src/ScreenConfig.o
 .comment       0x0000000000000050       0x51 ./Core/Src/main.o
 .comment       0x0000000000000050       0x51 ./Core/Src/stm32f2xx_hal_msp.o
 .comment       0x0000000000000050       0x51 ./Core/Src/stm32f2xx_it.o
 .comment       0x0000000000000050       0x51 ./Core/Src/syscalls.o
 .comment       0x0000000000000050       0x51 ./Core/Src/sysmem.o
 .comment       0x0000000000000050       0x51 ./Core/Src/system_stm32f2xx.o
 .comment       0x0000000000000050       0x51 ./Core/Src/fonts/font24.o
 .comment       0x0000000000000050       0x51 ./Drivers/STM32F2xx_HAL_Driver/Src/stm32f2xx_hal.o
 .comment       0x0000000000000050       0x51 ./Drivers/STM32F2xx_HAL_Driver/Src/stm32f2xx_hal_cortex.o
 .comment       0x0000000000000050       0x51 ./Drivers/STM32F2xx_HAL_Driver/Src/stm32f2xx_hal_gpio.o
 .comment       0x0000000000000050       0x51 ./Drivers/STM32F2xx_HAL_Driver/Src/stm32f2xx_hal_rcc.o
 .comment       0x0000000000000050       0x51 ./Drivers/STM32F2xx_HAL_Driver/Src/stm32f2xx_hal_spi.o

.debug_frame    0x0000000000000000     0x272c
 .debug_frame   0x0000000000000000      0x320 ./Core/Src/GUI_Paint.o
 .debug_frame   0x0000000000000320      0x100 ./Core/Src/MS_Screen.o
 .debug_frame   0x0000000000000420      0x1ec ./Core/Src/Screen.o
 .debug_frame   0x000000000000060c       0xb4 ./Core/Src/ScreenConfig.o
 .debug_frame   0x00000000000006c0       0xac ./Core/Src/main.o
 .debug_frame   0x000000000000076c       0x80 ./Core/Src/stm32f2xx_hal_msp.o
 .debug_frame   0x00000000000007ec      0x104 ./Core/Src/stm32f2xx_it.o
 .debug_frame   0x00000000000008f0      0x2ac ./Core/Src/syscalls.o
 .debug_frame   0x0000000000000b9c       0x34 ./Core/Src/sysmem.o
 .debug_frame   0x0000000000000bd0       0x58 ./Core/Src/system_stm32f2xx.o
 .debug_frame   0x0000000000000c28      0x384 ./Drivers/STM32F2xx_HAL_Driver/Src/stm32f2xx_hal.o
 .debug_frame   0x0000000000000fac      0x498 ./Drivers/STM32F2xx_HAL_Driver/Src/stm32f2xx_hal_cortex.o
 .debug_frame   0x0000000000001444      0x14c ./Drivers/STM32F2xx_HAL_Driver/Src/stm32f2xx_hal_gpio.o
 .debug_frame   0x0000000000001590      0x208 ./Drivers/STM32F2xx_HAL_Driver/Src/stm32f2xx_hal_rcc.o
 .debug_frame   0x0000000000001798      0x820 ./Drivers/STM32F2xx_HAL_Driver/Src/stm32f2xx_hal_spi.o
 .debug_frame   0x0000000000001fb8       0x20 c:/st/stm32cubeide_1.7.0/stm32cubeide/plugins/com.st.stm32cube.ide.mcu.externaltools.gnu-tools-for-stm32.10.3-2021.10.win32_1.0.0.202111181127/tools/bin/../lib/gcc/arm-none-eabi/10.3.1/../../../../arm-none-eabi/lib/thumb/v7-m/nofp\libc_nano.a(lib_a-errno.o)
 .debug_frame   0x0000000000001fd8       0x2c c:/st/stm32cubeide_1.7.0/stm32cubeide/plugins/com.st.stm32cube.ide.mcu.externaltools.gnu-tools-for-stm32.10.3-2021.10.win32_1.0.0.202111181127/tools/bin/../lib/gcc/arm-none-eabi/10.3.1/../../../../arm-none-eabi/lib/thumb/v7-m/nofp\libc_nano.a(lib_a-init.o)
 .debug_frame   0x0000000000002004       0x30 c:/st/stm32cubeide_1.7.0/stm32cubeide/plugins/com.st.stm32cube.ide.mcu.externaltools.gnu-tools-for-stm32.10.3-2021.10.win32_1.0.0.202111181127/tools/bin/../lib/gcc/arm-none-eabi/10.3.1/../../../../arm-none-eabi/lib/thumb/v7-m/nofp\libc_nano.a(lib_a-malloc.o)
 .debug_frame   0x0000000000002034       0x20 c:/st/stm32cubeide_1.7.0/stm32cubeide/plugins/com.st.stm32cube.ide.mcu.externaltools.gnu-tools-for-stm32.10.3-2021.10.win32_1.0.0.202111181127/tools/bin/../lib/gcc/arm-none-eabi/10.3.1/../../../../arm-none-eabi/lib/thumb/v7-m/nofp\libc_nano.a(lib_a-memset.o)
 .debug_frame   0x0000000000002054       0x38 c:/st/stm32cubeide_1.7.0/stm32cubeide/plugins/com.st.stm32cube.ide.mcu.externaltools.gnu-tools-for-stm32.10.3-2021.10.win32_1.0.0.202111181127/tools/bin/../lib/gcc/arm-none-eabi/10.3.1/../../../../arm-none-eabi/lib/thumb/v7-m/nofp\libc_nano.a(lib_a-nano-freer.o)
 .debug_frame   0x000000000000208c       0x4c c:/st/stm32cubeide_1.7.0/stm32cubeide/plugins/com.st.stm32cube.ide.mcu.externaltools.gnu-tools-for-stm32.10.3-2021.10.win32_1.0.0.202111181127/tools/bin/../lib/gcc/arm-none-eabi/10.3.1/../../../../arm-none-eabi/lib/thumb/v7-m/nofp\libc_nano.a(lib_a-nano-mallocr.o)
 .debug_frame   0x00000000000020d8       0x3c c:/st/stm32cubeide_1.7.0/stm32cubeide/plugins/com.st.stm32cube.ide.mcu.externaltools.gnu-tools-for-stm32.10.3-2021.10.win32_1.0.0.202111181127/tools/bin/../lib/gcc/arm-none-eabi/10.3.1/../../../../arm-none-eabi/lib/thumb/v7-m/nofp\libc_nano.a(lib_a-puts.o)
 .debug_frame   0x0000000000002114       0x2c c:/st/stm32cubeide_1.7.0/stm32cubeide/plugins/com.st.stm32cube.ide.mcu.externaltools.gnu-tools-for-stm32.10.3-2021.10.win32_1.0.0.202111181127/tools/bin/../lib/gcc/arm-none-eabi/10.3.1/../../../../arm-none-eabi/lib/thumb/v7-m/nofp\libc_nano.a(lib_a-sbrkr.o)
 .debug_frame   0x0000000000002140       0x40 c:/st/stm32cubeide_1.7.0/stm32cubeide/plugins/com.st.stm32cube.ide.mcu.externaltools.gnu-tools-for-stm32.10.3-2021.10.win32_1.0.0.202111181127/tools/bin/../lib/gcc/arm-none-eabi/10.3.1/../../../../arm-none-eabi/lib/thumb/v7-m/nofp\libc_nano.a(lib_a-wbuf.o)
 .debug_frame   0x0000000000002180       0x2c c:/st/stm32cubeide_1.7.0/stm32cubeide/plugins/com.st.stm32cube.ide.mcu.externaltools.gnu-tools-for-stm32.10.3-2021.10.win32_1.0.0.202111181127/tools/bin/../lib/gcc/arm-none-eabi/10.3.1/../../../../arm-none-eabi/lib/thumb/v7-m/nofp\libc_nano.a(lib_a-wsetup.o)
 .debug_frame   0x00000000000021ac       0x5c c:/st/stm32cubeide_1.7.0/stm32cubeide/plugins/com.st.stm32cube.ide.mcu.externaltools.gnu-tools-for-stm32.10.3-2021.10.win32_1.0.0.202111181127/tools/bin/../lib/gcc/arm-none-eabi/10.3.1/../../../../arm-none-eabi/lib/thumb/v7-m/nofp\libc_nano.a(lib_a-fflush.o)
 .debug_frame   0x0000000000002208      0x14c c:/st/stm32cubeide_1.7.0/stm32cubeide/plugins/com.st.stm32cube.ide.mcu.externaltools.gnu-tools-for-stm32.10.3-2021.10.win32_1.0.0.202111181127/tools/bin/../lib/gcc/arm-none-eabi/10.3.1/../../../../arm-none-eabi/lib/thumb/v7-m/nofp\libc_nano.a(lib_a-findfp.o)
 .debug_frame   0x0000000000002354       0x54 c:/st/stm32cubeide_1.7.0/stm32cubeide/plugins/com.st.stm32cube.ide.mcu.externaltools.gnu-tools-for-stm32.10.3-2021.10.win32_1.0.0.202111181127/tools/bin/../lib/gcc/arm-none-eabi/10.3.1/../../../../arm-none-eabi/lib/thumb/v7-m/nofp\libc_nano.a(lib_a-fwalk.o)
 .debug_frame   0x00000000000023a8       0xb0 c:/st/stm32cubeide_1.7.0/stm32cubeide/plugins/com.st.stm32cube.ide.mcu.externaltools.gnu-tools-for-stm32.10.3-2021.10.win32_1.0.0.202111181127/tools/bin/../lib/gcc/arm-none-eabi/10.3.1/../../../../arm-none-eabi/lib/thumb/v7-m/nofp\libc_nano.a(lib_a-lock.o)
 .debug_frame   0x0000000000002458       0x58 c:/st/stm32cubeide_1.7.0/stm32cubeide/plugins/com.st.stm32cube.ide.mcu.externaltools.gnu-tools-for-stm32.10.3-2021.10.win32_1.0.0.202111181127/tools/bin/../lib/gcc/arm-none-eabi/10.3.1/../../../../arm-none-eabi/lib/thumb/v7-m/nofp\libc_nano.a(lib_a-makebuf.o)
 .debug_frame   0x00000000000024b0       0x30 c:/st/stm32cubeide_1.7.0/stm32cubeide/plugins/com.st.stm32cube.ide.mcu.externaltools.gnu-tools-for-stm32.10.3-2021.10.win32_1.0.0.202111181127/tools/bin/../lib/gcc/arm-none-eabi/10.3.1/../../../../arm-none-eabi/lib/thumb/v7-m/nofp\libc_nano.a(lib_a-mlock.o)
 .debug_frame   0x00000000000024e0       0x5c c:/st/stm32cubeide_1.7.0/stm32cubeide/plugins/com.st.stm32cube.ide.mcu.externaltools.gnu-tools-for-stm32.10.3-2021.10.win32_1.0.0.202111181127/tools/bin/../lib/gcc/arm-none-eabi/10.3.1/../../../../arm-none-eabi/lib/thumb/v7-m/nofp\libc_nano.a(lib_a-reent.o)
 .debug_frame   0x000000000000253c       0x88 c:/st/stm32cubeide_1.7.0/stm32cubeide/plugins/com.st.stm32cube.ide.mcu.externaltools.gnu-tools-for-stm32.10.3-2021.10.win32_1.0.0.202111181127/tools/bin/../lib/gcc/arm-none-eabi/10.3.1/../../../../arm-none-eabi/lib/thumb/v7-m/nofp\libc_nano.a(lib_a-stdio.o)
 .debug_frame   0x00000000000025c4       0x2c c:/st/stm32cubeide_1.7.0/stm32cubeide/plugins/com.st.stm32cube.ide.mcu.externaltools.gnu-tools-for-stm32.10.3-2021.10.win32_1.0.0.202111181127/tools/bin/../lib/gcc/arm-none-eabi/10.3.1/../../../../arm-none-eabi/lib/thumb/v7-m/nofp\libc_nano.a(lib_a-writer.o)