Archive member included to satisfy reference by file (symbol)

c:/st/stm32cubeide_1.8.0/stm32cubeide/plugins/com.st.stm32cube.ide.mcu.externaltools.gnu-tools-for-stm32.9-2020-q2-update.win32_2.0.0.202105311346/tools/bin/../lib/gcc/arm-none-eabi/9.3.1/../../../../arm-none-eabi/lib/thumb/v7-m/nofp\libc_nano.a(lib_a-errno.o)
                              ./Core/Src/syscalls.o (__errno)
c:/st/stm32cubeide_1.8.0/stm32cubeide/plugins/com.st.stm32cube.ide.mcu.externaltools.gnu-tools-for-stm32.9-2020-q2-update.win32_2.0.0.202105311346/tools/bin/../lib/gcc/arm-none-eabi/9.3.1/../../../../arm-none-eabi/lib/thumb/v7-m/nofp\libc_nano.a(lib_a-exit.o)
                              c:/st/stm32cubeide_1.8.0/stm32cubeide/plugins/com.st.stm32cube.ide.mcu.externaltools.gnu-tools-for-stm32.9-2020-q2-update.win32_2.0.0.202105311346/tools/bin/../lib/gcc/arm-none-eabi/9.3.1/../../../../arm-none-eabi/lib/thumb/v7-m/nofp/crt0.o (exit)
c:/st/stm32cubeide_1.8.0/stm32cubeide/plugins/com.st.stm32cube.ide.mcu.externaltools.gnu-tools-for-stm32.9-2020-q2-update.win32_2.0.0.202105311346/tools/bin/../lib/gcc/arm-none-eabi/9.3.1/../../../../arm-none-eabi/lib/thumb/v7-m/nofp\libc_nano.a(lib_a-impure.o)
                              c:/st/stm32cubeide_1.8.0/stm32cubeide/plugins/com.st.stm32cube.ide.mcu.externaltools.gnu-tools-for-stm32.9-2020-q2-update.win32_2.0.0.202105311346/tools/bin/../lib/gcc/arm-none-eabi/9.3.1/../../../../arm-none-eabi/lib/thumb/v7-m/nofp\libc_nano.a(lib_a-exit.o) (_global_impure_ptr)
c:/st/stm32cubeide_1.8.0/stm32cubeide/plugins/com.st.stm32cube.ide.mcu.externaltools.gnu-tools-for-stm32.9-2020-q2-update.win32_2.0.0.202105311346/tools/bin/../lib/gcc/arm-none-eabi/9.3.1/../../../../arm-none-eabi/lib/thumb/v7-m/nofp\libc_nano.a(lib_a-init.o)
                              c:/st/stm32cubeide_1.8.0/stm32cubeide/plugins/com.st.stm32cube.ide.mcu.externaltools.gnu-tools-for-stm32.9-2020-q2-update.win32_2.0.0.202105311346/tools/bin/../lib/gcc/arm-none-eabi/9.3.1/../../../../arm-none-eabi/lib/thumb/v7-m/nofp/crt0.o (__libc_init_array)
c:/st/stm32cubeide_1.8.0/stm32cubeide/plugins/com.st.stm32cube.ide.mcu.externaltools.gnu-tools-for-stm32.9-2020-q2-update.win32_2.0.0.202105311346/tools/bin/../lib/gcc/arm-none-eabi/9.3.1/../../../../arm-none-eabi/lib/thumb/v7-m/nofp\libc_nano.a(lib_a-malloc.o)
                              ./Core/Src/MS_Screen.o (malloc)
c:/st/stm32cubeide_1.8.0/stm32cubeide/plugins/com.st.stm32cube.ide.mcu.externaltools.gnu-tools-for-stm32.9-2020-q2-update.win32_2.0.0.202105311346/tools/bin/../lib/gcc/arm-none-eabi/9.3.1/../../../../arm-none-eabi/lib/thumb/v7-m/nofp\libc_nano.a(lib_a-memset.o)
                              c:/st/stm32cubeide_1.8.0/stm32cubeide/plugins/com.st.stm32cube.ide.mcu.externaltools.gnu-tools-for-stm32.9-2020-q2-update.win32_2.0.0.202105311346/tools/bin/../lib/gcc/arm-none-eabi/9.3.1/../../../../arm-none-eabi/lib/thumb/v7-m/nofp/crt0.o (memset)
c:/st/stm32cubeide_1.8.0/stm32cubeide/plugins/com.st.stm32cube.ide.mcu.externaltools.gnu-tools-for-stm32.9-2020-q2-update.win32_2.0.0.202105311346/tools/bin/../lib/gcc/arm-none-eabi/9.3.1/../../../../arm-none-eabi/lib/thumb/v7-m/nofp\libc_nano.a(lib_a-nano-freer.o)
                              c:/st/stm32cubeide_1.8.0/stm32cubeide/plugins/com.st.stm32cube.ide.mcu.externaltools.gnu-tools-for-stm32.9-2020-q2-update.win32_2.0.0.202105311346/tools/bin/../lib/gcc/arm-none-eabi/9.3.1/../../../../arm-none-eabi/lib/thumb/v7-m/nofp\libc_nano.a(lib_a-malloc.o) (_free_r)
c:/st/stm32cubeide_1.8.0/stm32cubeide/plugins/com.st.stm32cube.ide.mcu.externaltools.gnu-tools-for-stm32.9-2020-q2-update.win32_2.0.0.202105311346/tools/bin/../lib/gcc/arm-none-eabi/9.3.1/../../../../arm-none-eabi/lib/thumb/v7-m/nofp\libc_nano.a(lib_a-nano-mallocr.o)
                              c:/st/stm32cubeide_1.8.0/stm32cubeide/plugins/com.st.stm32cube.ide.mcu.externaltools.gnu-tools-for-stm32.9-2020-q2-update.win32_2.0.0.202105311346/tools/bin/../lib/gcc/arm-none-eabi/9.3.1/../../../../arm-none-eabi/lib/thumb/v7-m/nofp\libc_nano.a(lib_a-malloc.o) (_malloc_r)
c:/st/stm32cubeide_1.8.0/stm32cubeide/plugins/com.st.stm32cube.ide.mcu.externaltools.gnu-tools-for-stm32.9-2020-q2-update.win32_2.0.0.202105311346/tools/bin/../lib/gcc/arm-none-eabi/9.3.1/../../../../arm-none-eabi/lib/thumb/v7-m/nofp\libc_nano.a(lib_a-printf.o)
                              ./Core/Src/GUI_Paint.o (printf)
c:/st/stm32cubeide_1.8.0/stm32cubeide/plugins/com.st.stm32cube.ide.mcu.externaltools.gnu-tools-for-stm32.9-2020-q2-update.win32_2.0.0.202105311346/tools/bin/../lib/gcc/arm-none-eabi/9.3.1/../../../../arm-none-eabi/lib/thumb/v7-m/nofp\libc_nano.a(lib_a-puts.o)
                              ./Core/Src/GUI_Paint.o (puts)
c:/st/stm32cubeide_1.8.0/stm32cubeide/plugins/com.st.stm32cube.ide.mcu.externaltools.gnu-tools-for-stm32.9-2020-q2-update.win32_2.0.0.202105311346/tools/bin/../lib/gcc/arm-none-eabi/9.3.1/../../../../arm-none-eabi/lib/thumb/v7-m/nofp\libc_nano.a(lib_a-sbrkr.o)
[...]
Memory Configuration

Name             Origin             Length             Attributes
RAM              0x0000000020000000 0x0000000000020000 xrw
FLASH            0x0000000008000000 0x0000000000100000 xr
*default*        0x0000000000000000 0xffffffffffffffff

Linker script and memory map

LOAD c:/st/stm32cubeide_1.8.0/stm32cubeide/plugins/com.st.stm32cube.ide.mcu.externaltools.gnu-tools-for-stm32.9-2020-q2-update.win32_2.0.0.202105311346/tools/bin/../lib/gcc/arm-none-eabi/9.3.1/thumb/v7-m/nofp/crti.o
LOAD c:/st/stm32cubeide_1.8.0/stm32cubeide/plugins/com.st.stm32cube.ide.mcu.externaltools.gnu-tools-for-stm32.9-2020-q2-update.win32_2.0.0.202105311346/tools/bin/../lib/gcc/arm-none-eabi/9.3.1/thumb/v7-m/nofp/crtbegin.o
LOAD c:/st/stm32cubeide_1.8.0/stm32cubeide/plugins/com.st.stm32cube.ide.mcu.externaltools.gnu-tools-for-stm32.9-2020-q2-update.win32_2.0.0.202105311346/tools/bin/../lib/gcc/arm-none-eabi/9.3.1/../../../../arm-none-eabi/lib/thumb/v7-m/nofp/crt0.o
LOAD ./Core/Src/GUI_Paint.o
LOAD ./Core/Src/MS_Screen.o
LOAD ./Core/Src/Screen.o
LOAD ./Core/Src/ScreenConfig.o
LOAD ./Core/Src/main.o
LOAD ./Core/Src/stm32f2xx_hal_msp.o
LOAD ./Core/Src/stm32f2xx_it.o
LOAD ./Core/Src/syscalls.o
LOAD ./Core/Src/sysmem.o
LOAD ./Core/Src/system_stm32f2xx.o
LOAD ./Core/Src/fonts/font12.o
LOAD ./Core/Src/fonts/font12CN.o
LOAD ./Core/Src/fonts/font16.o
LOAD ./Core/Src/fonts/font20.o
LOAD ./Core/Src/fonts/font24.o
LOAD ./Core/Src/fonts/font24CN.o
LOAD ./Core/Src/fonts/font8.o
LOAD ./Core/Startup/startup_stm32f207vgtx.o
LOAD ./Drivers/STM32F2xx_HAL_Driver/Src/stm32f2xx_hal.o
LOAD ./Drivers/STM32F2xx_HAL_Driver/Src/stm32f2xx_hal_cortex.o
LOAD ./Drivers/STM32F2xx_HAL_Driver/Src/stm32f2xx_hal_dma.o
LOAD ./Drivers/STM32F2xx_HAL_Driver/Src/stm32f2xx_hal_dma_ex.o
LOAD ./Drivers/STM32F2xx_HAL_Driver/Src/stm32f2xx_hal_exti.o
LOAD ./Drivers/STM32F2xx_HAL_Driver/Src/stm32f2xx_hal_flash.o
LOAD ./Drivers/STM32F2xx_HAL_Driver/Src/stm32f2xx_hal_flash_ex.o
LOAD ./Drivers/STM32F2xx_HAL_Driver/Src/stm32f2xx_hal_gpio.o
LOAD ./Drivers/STM32F2xx_HAL_Driver/Src/stm32f2xx_hal_pwr.o
LOAD ./Drivers/STM32F2xx_HAL_Driver/Src/stm32f2xx_hal_pwr_ex.o
LOAD ./Drivers/STM32F2xx_HAL_Driver/Src/stm32f2xx_hal_rcc.o
LOAD ./Drivers/STM32F2xx_HAL_Driver/Src/stm32f2xx_hal_rcc_ex.o
LOAD ./Drivers/STM32F2xx_HAL_Driver/Src/stm32f2xx_hal_spi.o
LOAD ./Drivers/STM32F2xx_HAL_Driver/Src/stm32f2xx_hal_tim.o
LOAD ./Drivers/STM32F2xx_HAL_Driver/Src/stm32f2xx_hal_tim_ex.o
START GROUP
LOAD c:/st/stm32cubeide_1.8.0/stm32cubeide/plugins/com.st.stm32cube.ide.mcu.externaltools.gnu-tools-for-stm32.9-2020-q2-update.win32_2.0.0.202105311346/tools/bin/../lib/gcc/arm-none-eabi/9.3.1/../../../../arm-none-eabi/lib/thumb/v7-m/nofp\libc_nano.a
LOAD c:/st/stm32cubeide_1.8.0/stm32cubeide/plugins/com.st.stm32cube.ide.mcu.externaltools.gnu-tools-for-stm32.9-2020-q2-update.win32_2.0.0.202105311346/tools/bin/../lib/gcc/arm-none-eabi/9.3.1/../../../../arm-none-eabi/lib/thumb/v7-m/nofp\libm.a
END GROUP
START GROUP
LOAD c:/st/stm32cubeide_1.8.0/stm32cubeide/plugins/com.st.stm32cube.ide.mcu.externaltools.gnu-tools-for-stm32.9-2020-q2-update.win32_2.0.0.202105311346/tools/bin/../lib/gcc/arm-none-eabi/9.3.1/thumb/v7-m/nofp\libgcc.a
LOAD c:/st/stm32cubeide_1.8.0/stm32cubeide/plugins/com.st.stm32cube.ide.mcu.externaltools.gnu-tools-for-stm32.9-2020-q2-update.win32_2.0.0.202105311346/tools/bin/../lib/gcc/arm-none-eabi/9.3.1/../../../../arm-none-eabi/lib/thumb/v7-m/nofp\libc_nano.a
END GROUP
START GROUP
LOAD c:/st/stm32cubeide_1.8.0/stm32cubeide/plugins/com.st.stm32cube.ide.mcu.externaltools.gnu-tools-for-stm32.9-2020-q2-update.win32_2.0.0.202105311346/tools/bin/../lib/gcc/arm-none-eabi/9.3.1/thumb/v7-m/nofp\libgcc.a
LOAD c:/st/stm32cubeide_1.8.0/stm32cubeide/plugins/com.st.stm32cube.ide.mcu.externaltools.gnu-tools-for-stm32.9-2020-q2-update.win32_2.0.0.202105311346/tools/bin/../lib/gcc/arm-none-eabi/9.3.1/../../../../arm-none-eabi/lib/thumb/v7-m/nofp\libc_nano.a
LOAD c:/st/stm32cubeide_1.8.0/stm32cubeide/plugins/com.st.stm32cube.ide.mcu.externaltools.gnu-tools-for-stm32.9-2020-q2-update.win32_2.0.0.202105311346/tools/bin/../lib/gcc/arm-none-eabi/9.3.1/../../../../arm-none-eabi/lib/thumb/v7-m/nofp\libnosys.a
END GROUP
START GROUP
LOAD c:/st/stm32cubeide_1.8.0/stm32cubeide/plugins/com.st.stm32cube.ide.mcu.externaltools.gnu-tools-for-stm32.9-2020-q2-update.win32_2.0.0.202105311346/tools/bin/../lib/gcc/arm-none-eabi/9.3.1/thumb/v7-m/nofp\libgcc.a
LOAD c:/st/stm32cubeide_1.8.0/stm32cubeide/plugins/com.st.stm32cube.ide.mcu.externaltools.gnu-tools-for-stm32.9-2020-q2-update.win32_2.0.0.202105311346/tools/bin/../lib/gcc/arm-none-eabi/9.3.1/../../../../arm-none-eabi/lib/thumb/v7-m/nofp\libc_nano.a
LOAD c:/st/stm32cubeide_1.8.0/stm32cubeide/plugins/com.st.stm32cube.ide.mcu.externaltools.gnu-tools-for-stm32.9-2020-q2-update.win32_2.0.0.202105311346/tools/bin/../lib/gcc/arm-none-eabi/9.3.1/../../../../arm-none-eabi/lib/thumb/v7-m/nofp\libnosys.a
END GROUP
LOAD c:/st/stm32cubeide_1.8.0/stm32cubeide/plugins/com.st.stm32cube.ide.mcu.externaltools.gnu-tools-for-stm32.9-2020-q2-update.win32_2.0.0.202105311346/tools/bin/../lib/gcc/arm-none-eabi/9.3.1/thumb/v7-m/nofp/crtend.o
LOAD c:/st/stm32cubeide_1.8.0/stm32cubeide/plugins/com.st.stm32cube.ide.mcu.externaltools.gnu-tools-for-stm32.9-2020-q2-update.win32_2.0.0.202105311346/tools/bin/../lib/gcc/arm-none-eabi/9.3.1/thumb/v7-m/nofp/crtn.o
                0x0000000020020000                _estack = (ORIGIN (RAM) + LENGTH (RAM))
                0x0000000000000200                _Min_Heap_Size = 0x200
                0x0000000000000400                _Min_Stack_Size = 0x400

.isr_vector     0x0000000008000000      0x184
                0x0000000008000000                . = ALIGN (0x4)
 *(.isr_vector)
 .isr_vector    0x0000000008000000      0x184 ./Core/Startup/startup_stm32f207vgtx.o
                0x0000000008000000                g_pfnVectors
                0x0000000008000184                . = ALIGN (0x4)

.text           0x0000000008000184     0x34ac
                0x0000000008000184                . = ALIGN (0x4)
 *(.text)
 .text          0x0000000008000184       0x40 c:/st/stm32cubeide_1.8.0/stm32cubeide/plugins/com.st.stm32cube.ide.mcu.externaltools.gnu-tools-for-stm32.9-2020-q2-update.win32_2.0.0.202105311346/tools/bin/../lib/gcc/arm-none-eabi/9.3.1/thumb/v7-m/nofp/crtbegin.o
 .text          0x00000000080001c4       0x30 c:/st/stm32cubeide_1.8.0/stm32cubeide/plugins/com.st.stm32cube.ide.mcu.externaltools.gnu-tools-for-stm32.9-2020-q2-update.win32_2.0.0.202105311346/tools/bin/../lib/gcc/arm-none-eabi/9.3.1/thumb/v7-m/nofp\libgcc.a(_aeabi_uldivmod.o)
                0x00000000080001c4                __aeabi_uldivmod
 .text          0x00000000080001f4      0x2c4 c:/st/stm32cubeide_1.8.0/stm32cubeide/plugins/com.st.stm32cube.ide.mcu.externaltools.gnu-tools-for-stm32.9-2020-q2-update.win32_2.0.0.202105311346/tools/bin/../lib/gcc/arm-none-eabi/9.3.1/thumb/v7-m/nofp\libgcc.a(_udivmoddi4.o)
                0x00000000080001f4                __udivmoddi4
 .text          0x00000000080004b8        0x4 c:/st/stm32cubeide_1.8.0/stm32cubeide/plugins/com.st.stm32cube.ide.mcu.externaltools.gnu-tools-for-stm32.9-2020-q2-update.win32_2.0.0.202105311346/tools/bin/../lib/gcc/arm-none-eabi/9.3.1/thumb/v7-m/nofp\libgcc.a(_dvmd_tls.o)
                0x00000000080004b8                __aeabi_idiv0
                0x00000000080004b8                __aeabi_ldiv0
 *(.text*)
 .text.Paint_NewImage
                0x00000000080004bc       0xa8 ./Core/Src/GUI_Paint.o
                0x00000000080004bc                Paint_NewImage
 .text.Paint_SelectImage
                0x0000000008000564       0x1c ./Core/Src/GUI_Paint.o
                0x0000000008000564                Paint_SelectImage
 .text.Paint_SetScale
                0x0000000008000580       0xd4 ./Core/Src/GUI_Paint.o
                0x0000000008000580                Paint_SetScale
 .text.Paint_SetPixel
                0x0000000008000654      0x298 ./Core/Src/GUI_Paint.o
                0x0000000008000654                Paint_SetPixel
 .text.Paint_Clear
                0x00000000080008ec       0xd4 ./Core/Src/GUI_Paint.o
                0x00000000080008ec                Paint_Clear
 .text.Paint_DrawChar
                0x00000000080009c0      0x150 ./Core/Src/GUI_Paint.o
                0x00000000080009c0                Paint_DrawChar
 .text.Paint_DrawString_EN
                0x0000000008000b10       0xa8 ./Core/Src/GUI_Paint.o
                0x0000000008000b10                Paint_DrawString_EN
 .text.Screen_Static_Init
                0x0000000008000bb8       0x18 ./Core/Src/MS_Screen.o
                0x0000000008000bb8                Screen_Static_Init
 .text.Static_Display
                0x0000000008000bd0       0x16 ./Core/Src/MS_Screen.o
                0x0000000008000bd0                Static_Display
 .text.Screen_Dynamic_Init
                0x0000000008000be6       0x18 ./Core/Src/MS_Screen.o
                0x0000000008000be6                Screen_Dynamic_Init
 .text.Canvas_Init
                0x0000000008000bfe       0x2c ./Core/Src/MS_Screen.o
                0x0000000008000bfe                Canvas_Init
 *fill*         0x0000000008000c2a        0x2 
 .text.Screen_Startup
                0x0000000008000c2c       0xac ./Core/Src/MS_Screen.o
                0x0000000008000c2c                Screen_Startup
 .text.Screen_Reset
                0x0000000008000cd8       0x40 ./Core/Src/Screen.o
 .text.Screen_SendCommand
                0x0000000008000d18       0x3c ./Core/Src/Screen.o
 .text.Screen_SendData
                0x0000000008000d54       0x3c ./Core/Src/Screen.o
 .text.Screen_ReadBusy_HIGH
                0x0000000008000d90       0x40 ./Core/Src/Screen.o
 .text.Screen_Load_LUT
                0x0000000008000dd0       0x98 ./Core/Src/Screen.o
                0x0000000008000dd0                Screen_Load_LUT
 .text.Screen_4Gray_Init
                0x0000000008000e68      0x154 ./Core/Src/Screen.o
                0x0000000008000e68                Screen_4Gray_Init
 .text.Screen_4Gray_Clear
                0x0000000008000fbc       0xf0 ./Core/Src/Screen.o
                0x0000000008000fbc                Screen_4Gray_Clear
 .text.Screen_4Gray_Display
                0x00000000080010ac      0x230 ./Core/Src/Screen.o
                0x00000000080010ac                Screen_4Gray_Display
 .text.Screen_WriteByte
                0x00000000080012dc       0x2c ./Core/Src/ScreenConfig.o
                0x00000000080012dc                Screen_WriteByte
 .text.Screen_Digital_Write
                0x0000000008001308       0x30 ./Core/Src/ScreenConfig.o
                0x0000000008001308                Screen_Digital_Write
 .text.Screen_Digital_Read
                0x0000000008001338       0x20 ./Core/Src/ScreenConfig.o
                0x0000000008001338                Screen_Digital_Read
 .text.Screen_Init
                0x0000000008001358       0x30 ./Core/Src/ScreenConfig.o
                0x0000000008001358                Screen_Init
 .text.main     0x0000000008001388       0x58 ./Core/Src/main.o
                0x0000000008001388                main
 .text.SystemClock_Config
                0x00000000080013e0       0x76 ./Core/Src/main.o
                0x00000000080013e0                SystemClock_Config
 *fill*         0x0000000008001456        0x2 
 .text.MX_SPI1_Init
                0x0000000008001458       0x6c ./Core/Src/main.o
 .text.MX_GPIO_Init
                0x00000000080014c4      0x114 ./Core/Src/main.o
 .text.Error_Handler
                0x00000000080015d8        0xa ./Core/Src/main.o
                0x00000000080015d8                Error_Handler
 *fill*         0x00000000080015e2        0x2 
 .text.HAL_MspInit
                0x00000000080015e4       0x4c ./Core/Src/stm32f2xx_hal_msp.o
                0x00000000080015e4                HAL_MspInit
 .text.HAL_SPI_MspInit
                0x0000000008001630       0x90 ./Core/Src/stm32f2xx_hal_msp.o
                0x0000000008001630                HAL_SPI_MspInit
 .text.NMI_Handler
                0x00000000080016c0        0x6 ./Core/Src/stm32f2xx_it.o
                0x00000000080016c0                NMI_Handler
 .text.HardFault_Handler
                0x00000000080016c6        0x6 ./Core/Src/stm32f2xx_it.o
                0x00000000080016c6                HardFault_Handler
 .text.MemManage_Handler
                0x00000000080016cc        0x6 ./Core/Src/stm32f2xx_it.o
                0x00000000080016cc                MemManage_Handler
 .text.BusFault_Handler
                0x00000000080016d2        0x6 ./Core/Src/stm32f2xx_it.o
                0x00000000080016d2                BusFault_Handler
 .text.UsageFault_Handler
                0x00000000080016d8        0x6 ./Core/Src/stm32f2xx_it.o
                0x00000000080016d8                UsageFault_Handler
 .text.SVC_Handler
                0x00000000080016de        0xc ./Core/Src/stm32f2xx_it.o
                0x00000000080016de                SVC_Handler
 .text.DebugMon_Handler
                0x00000000080016ea        0xc ./Core/Src/stm32f2xx_it.o
                0x00000000080016ea                DebugMon_Handler
 .text.PendSV_Handler
                0x00000000080016f6        0xc ./Core/Src/stm32f2xx_it.o
                0x00000000080016f6                PendSV_Handler
 .text.SysTick_Handler
                0x0000000008001702        0xc ./Core/Src/stm32f2xx_it.o
                0x0000000008001702                SysTick_Handler
 .text._read    0x000000000800170e       0x3a ./Core/Src/syscalls.o
                0x000000000800170e                _read
 .text._write   0x0000000008001748       0x38 ./Core/Src/syscalls.o
                0x0000000008001748                _write
 .text._close   0x0000000008001780       0x16 ./Core/Src/syscalls.o
                0x0000000008001780                _close
 .text._fstat   0x0000000008001796       0x1e ./Core/Src/syscalls.o
                0x0000000008001796                _fstat
 .text._isatty  0x00000000080017b4       0x14 ./Core/Src/syscalls.o
                0x00000000080017b4                _isatty
 .text._lseek   0x00000000080017c8       0x18 ./Core/Src/syscalls.o
                0x00000000080017c8                _lseek
 .text._sbrk    0x00000000080017e0       0x6c ./Core/Src/sysmem.o
                0x00000000080017e0                _sbrk
 .text.SystemInit
                0x000000000800184c        0xc ./Core/Src/system_stm32f2xx.o
                0x000000000800184c                SystemInit
 .text.Reset_Handler
                0x0000000008001858       0x50 ./Core/Startup/startup_stm32f207vgtx.o
                0x0000000008001858                Reset_Handler
 .text.Default_Handler
                0x00000000080018a8        0x2 ./Core/Startup/startup_stm32f207vgtx.o
                0x00000000080018a8                RTC_Alarm_IRQHandler
                0x00000000080018a8                HASH_RNG_IRQHandler
                0x00000000080018a8                EXTI2_IRQHandler
                0x00000000080018a8                TIM8_CC_IRQHandler
                0x00000000080018a8                TIM1_CC_IRQHandler
                0x00000000080018a8                DMA2_Stream5_IRQHandler
                0x00000000080018a8                DMA1_Stream5_IRQHandler
                0x00000000080018a8                PVD_IRQHandler
                0x00000000080018a8                SDIO_IRQHandler
                0x00000000080018a8                TAMP_STAMP_IRQHandler
                0x00000000080018a8                CAN2_RX1_IRQHandler
                0x00000000080018a8                EXTI3_IRQHandler
                0x00000000080018a8                TIM8_TRG_COM_TIM14_IRQHandler
                0x00000000080018a8                TIM1_UP_TIM10_IRQHandler
                0x00000000080018a8                TIM8_UP_TIM13_IRQHandler
                0x00000000080018a8                I2C3_ER_IRQHandler
                0x00000000080018a8                EXTI0_IRQHandler
                0x00000000080018a8                I2C2_EV_IRQHandler
                0x00000000080018a8                DMA1_Stream2_IRQHandler
                0x00000000080018a8                CAN1_RX0_IRQHandler
                0x00000000080018a8                OTG_HS_WKUP_IRQHandler
                0x00000000080018a8                CAN2_SCE_IRQHandler
                0x00000000080018a8                DMA2_Stream2_IRQHandler
                0x00000000080018a8                SPI1_IRQHandler
                0x00000000080018a8                TIM6_DAC_IRQHandler
                0x00000000080018a8                TIM1_BRK_TIM9_IRQHandler
                0x00000000080018a8                DCMI_IRQHandler
                0x00000000080018a8                CAN2_RX0_IRQHandler
                0x00000000080018a8                DMA2_Stream3_IRQHandler
                0x00000000080018a8                USART6_IRQHandler
                0x00000000080018a8                USART3_IRQHandler
                0x00000000080018a8                CAN1_RX1_IRQHandler
                0x00000000080018a8                UART5_IRQHandler
                0x00000000080018a8                DMA2_Stream0_IRQHandler
                0x00000000080018a8                TIM4_IRQHandler
                0x00000000080018a8                I2C1_EV_IRQHandler
                0x00000000080018a8                DMA1_Stream6_IRQHandler
                0x00000000080018a8                DMA1_Stream1_IRQHandler
                0x00000000080018a8                UART4_IRQHandler
                0x00000000080018a8                TIM3_IRQHandler
                0x00000000080018a8                RCC_IRQHandler
                0x00000000080018a8                TIM8_BRK_TIM12_IRQHandler
                0x00000000080018a8                Default_Handler
                0x00000000080018a8                EXTI15_10_IRQHandler
                0x00000000080018a8                ADC_IRQHandler
                0x00000000080018a8                DMA1_Stream7_IRQHandler
                0x00000000080018a8                TIM7_IRQHandler
                0x00000000080018a8                CAN2_TX_IRQHandler
                0x00000000080018a8                TIM5_IRQHandler
                0x00000000080018a8                DMA2_Stream7_IRQHandler
                0x00000000080018a8                I2C3_EV_IRQHandler
                0x00000000080018a8                EXTI9_5_IRQHandler
                0x00000000080018a8                RTC_WKUP_IRQHandler
                0x00000000080018a8                ETH_WKUP_IRQHandler
                0x00000000080018a8                SPI2_IRQHandler
                0x00000000080018a8                OTG_HS_EP1_IN_IRQHandler
                0x00000000080018a8                DMA1_Stream0_IRQHandler
                0x00000000080018a8                CAN1_TX_IRQHandler
                0x00000000080018a8                EXTI4_IRQHandler
                0x00000000080018a8                FSMC_IRQHandler
                0x00000000080018a8                ETH_IRQHandler
                0x00000000080018a8                OTG_HS_EP1_OUT_IRQHandler
                0x00000000080018a8                WWDG_IRQHandler
                0x00000000080018a8                TIM2_IRQHandler
                0x00000000080018a8                OTG_FS_WKUP_IRQHandler
                0x00000000080018a8                TIM1_TRG_COM_TIM11_IRQHandler
                0x00000000080018a8                OTG_HS_IRQHandler
                0x00000000080018a8                EXTI1_IRQHandler
                0x00000000080018a8                USART2_IRQHandler
                0x00000000080018a8                I2C2_ER_IRQHandler
                0x00000000080018a8                DMA2_Stream1_IRQHandler
                0x00000000080018a8                CAN1_SCE_IRQHandler
                0x00000000080018a8                FLASH_IRQHandler
                0x00000000080018a8                DMA2_Stream4_IRQHandler
                0x00000000080018a8                USART1_IRQHandler
                0x00000000080018a8                OTG_FS_IRQHandler
                0x00000000080018a8                SPI3_IRQHandler
                0x00000000080018a8                DMA1_Stream4_IRQHandler
                0x00000000080018a8                I2C1_ER_IRQHandler
                0x00000000080018a8                DMA2_Stream6_IRQHandler
                0x00000000080018a8                DMA1_Stream3_IRQHandler
 *fill*         0x00000000080018aa        0x2 
 .text.HAL_Init
                0x00000000080018ac       0x44 ./Drivers/STM32F2xx_HAL_Driver/Src/stm32f2xx_hal.o
                0x00000000080018ac                HAL_Init
 .text.HAL_InitTick
                0x00000000080018f0       0x60 ./Drivers/STM32F2xx_HAL_Driver/Src/stm32f2xx_hal.o
                0x00000000080018f0                HAL_InitTick
 .text.HAL_IncTick
                0x0000000008001950       0x24 ./Drivers/STM32F2xx_HAL_Driver/Src/stm32f2xx_hal.o
                0x0000000008001950                HAL_IncTick
 .text.HAL_GetTick
                0x0000000008001974       0x14 ./Drivers/STM32F2xx_HAL_Driver/Src/stm32f2xx_hal.o
                0x0000000008001974                HAL_GetTick
 .text.HAL_Delay
                0x0000000008001988       0x48 ./Drivers/STM32F2xx_HAL_Driver/Src/stm32f2xx_hal.o
                0x0000000008001988                HAL_Delay
 .text.__NVIC_SetPriorityGrouping
                0x00000000080019d0       0x48 ./Drivers/STM32F2xx_HAL_Driver/Src/stm32f2xx_hal_cortex.o
 .text.__NVIC_GetPriorityGrouping
                0x0000000008001a18       0x1c ./Drivers/STM32F2xx_HAL_Driver/Src/stm32f2xx_hal_cortex.o
 .text.__NVIC_SetPriority
                0x0000000008001a34       0x54 ./Drivers/STM32F2xx_HAL_Driver/Src/stm32f2xx_hal_cortex.o
 .text.NVIC_EncodePriority
                0x0000000008001a88       0x64 ./Drivers/STM32F2xx_HAL_Driver/Src/stm32f2xx_hal_cortex.o
 .text.SysTick_Config
                0x0000000008001aec       0x44 ./Drivers/STM32F2xx_HAL_Driver/Src/stm32f2xx_hal_cortex.o
 .text.HAL_NVIC_SetPriorityGrouping
                0x0000000008001b30       0x16 ./Drivers/STM32F2xx_HAL_Driver/Src/stm32f2xx_hal_cortex.o
                0x0000000008001b30                HAL_NVIC_SetPriorityGrouping
 .text.HAL_NVIC_SetPriority
                0x0000000008001b46       0x38 ./Drivers/STM32F2xx_HAL_Driver/Src/stm32f2xx_hal_cortex.o
                0x0000000008001b46                HAL_NVIC_SetPriority
 .text.HAL_SYSTICK_Config
                0x0000000008001b7e       0x18 ./Drivers/STM32F2xx_HAL_Driver/Src/stm32f2xx_hal_cortex.o
                0x0000000008001b7e                HAL_SYSTICK_Config
 *fill*         0x0000000008001b96        0x2 
 .text.HAL_GPIO_Init
                0x0000000008001b98      0x33c ./Drivers/STM32F2xx_HAL_Driver/Src/stm32f2xx_hal_gpio.o
                0x0000000008001b98                HAL_GPIO_Init
 .text.HAL_GPIO_ReadPin
                0x0000000008001ed4       0x2e ./Drivers/STM32F2xx_HAL_Driver/Src/stm32f2xx_hal_gpio.o
                0x0000000008001ed4                HAL_GPIO_ReadPin
 .text.HAL_GPIO_WritePin
                0x0000000008001f02       0x30 ./Drivers/STM32F2xx_HAL_Driver/Src/stm32f2xx_hal_gpio.o
                0x0000000008001f02                HAL_GPIO_WritePin
 .text.HAL_GPIO_TogglePin
                0x0000000008001f32       0x32 ./Drivers/STM32F2xx_HAL_Driver/Src/stm32f2xx_hal_gpio.o
                0x0000000008001f32                HAL_GPIO_TogglePin
 .text.HAL_RCC_OscConfig
                0x0000000008001f64      0x4a0 ./Drivers/STM32F2xx_HAL_Driver/Src/stm32f2xx_hal_rcc.o
                0x0000000008001f64                HAL_RCC_OscConfig
 .text.HAL_RCC_ClockConfig
                0x0000000008002404      0x1d8 ./Drivers/STM32F2xx_HAL_Driver/Src/stm32f2xx_hal_rcc.o
                0x0000000008002404                HAL_RCC_ClockConfig
 .text.HAL_RCC_GetSysClockFreq
                0x00000000080025dc      0x16c ./Drivers/STM32F2xx_HAL_Driver/Src/stm32f2xx_hal_rcc.o
                0x00000000080025dc                HAL_RCC_GetSysClockFreq
 .text.HAL_SPI_Init
                0x0000000008002748      0x112 ./Drivers/STM32F2xx_HAL_Driver/Src/stm32f2xx_hal_spi.o
                0x0000000008002748                HAL_SPI_Init
 .text.HAL_SPI_Transmit
                0x000000000800285a      0x278 ./Drivers/STM32F2xx_HAL_Driver/Src/stm32f2xx_hal_spi.o
                0x000000000800285a                HAL_SPI_Transmit
 *fill*         0x0000000008002ad2        0x2 
 .text.SPI_WaitFlagStateUntilTimeout
                0x0000000008002ad4      0x110 ./Drivers/STM32F2xx_HAL_Driver/Src/stm32f2xx_hal_spi.o
 .text.SPI_EndRxTxTransaction
                0x0000000008002be4       0x3c ./Drivers/STM32F2xx_HAL_Driver/Src/stm32f2xx_hal_spi.o
 .text.__errno  0x0000000008002c20        0xc c:/st/stm32cubeide_1.8.0/stm32cubeide/plugins/com.st.stm32cube.ide.mcu.externaltools.gnu-tools-for-stm32.9-2020-q2-update.win32_2.0.0.202105311346/tools/bin/../lib/gcc/arm-none-eabi/9.3.1/../../../../arm-none-eabi/lib/thumb/v7-m/nofp\libc_nano.a(lib_a-errno.o)
                0x0000000008002c20                __errno
 .text.__libc_init_array
                0x0000000008002c2c       0x48 c:/st/stm32cubeide_1.8.0/stm32cubeide/plugins/com.st.stm32cube.ide.mcu.externaltools.gnu-tools-for-stm32.9-2020-q2-update.win32_2.0.0.202105311346/tools/bin/../lib/gcc/arm-none-eabi/9.3.1/../../../../arm-none-eabi/lib/thumb/v7-m/nofp\libc_nano.a(lib_a-init.o)
                0x0000000008002c2c                __libc_init_array
 .text.malloc   0x0000000008002c74       0x10 c:/st/stm32cubeide_1.8.0/stm32cubeide/plugins/com.st.stm32cube.ide.mcu.externaltools.gnu-tools-for-stm32.9-2020-q2-update.win32_2.0.0.202105311346/tools/bin/../lib/gcc/arm-none-eabi/9.3.1/../../../../arm-none-eabi/lib/thumb/v7-m/nofp\libc_nano.a(lib_a-malloc.o)
                0x0000000008002c74                malloc
 .text.memset   0x0000000008002c84       0x10 c:/st/stm32cubeide_1.8.0/stm32cubeide/plugins/com.st.stm32cube.ide.mcu.externaltools.gnu-tools-for-stm32.9-2020-q2-update.win32_2.0.0.202105311346/tools/bin/../lib/gcc/arm-none-eabi/9.3.1/../../../../arm-none-eabi/lib/thumb/v7-m/nofp\libc_nano.a(lib_a-memset.o)
                0x0000000008002c84                memset
 .text._free_r  0x0000000008002c94       0x98 c:/st/stm32cubeide_1.8.0/stm32cubeide/plugins/com.st.stm32cube.ide.mcu.externaltools.gnu-tools-for-stm32.9-2020-q2-update.win32_2.0.0.202105311346/tools/bin/../lib/gcc/arm-none-eabi/9.3.1/../../../../arm-none-eabi/lib/thumb/v7-m/nofp\libc_nano.a(lib_a-nano-freer.o)
                0x0000000008002c94                _free_r
 .text._malloc_r
                0x0000000008002d2c       0xb4 c:/st/stm32cubeide_1.8.0/stm32cubeide/plugins/com.st.stm32cube.ide.mcu.externaltools.gnu-tools-for-stm32.9-2020-q2-update.win32_2.0.0.202105311346/tools/bin/../lib/gcc/arm-none-eabi/9.3.1/../../../../arm-none-eabi/lib/thumb/v7-m/nofp\libc_nano.a(lib_a-nano-mallocr.o)
                0x0000000008002d2c                _malloc_r
 .text._puts_r  0x0000000008002de0       0xdc c:/st/stm32cubeide_1.8.0/stm32cubeide/plugins/com.st.stm32cube.ide.mcu.externaltools.gnu-tools-for-stm32.9-2020-q2-update.win32_2.0.0.202105311346/tools/bin/../lib/gcc/arm-none-eabi/9.3.1/../../../../arm-none-eabi/lib/thumb/v7-m/nofp\libc_nano.a(lib_a-puts.o)
                0x0000000008002de0                _puts_r
 .text.puts     0x0000000008002ebc       0x10 c:/st/stm32cubeide_1.8.0/stm32cubeide/plugins/com.st.stm32cube.ide.mcu.externaltools.gnu-tools-for-stm32.9-2020-q2-update.win32_2.0.0.202105311346/tools/bin/../lib/gcc/arm-none-eabi/9.3.1/../../../../arm-none-eabi/lib/thumb/v7-m/nofp\libc_nano.a(lib_a-puts.o)
                0x0000000008002ebc                puts
 .text._sbrk_r  0x0000000008002ecc       0x20 c:/st/stm32cubeide_1.8.0/stm32cubeide/plugins/com.st.stm32cube.ide.mcu.externaltools.gnu-tools-for-stm32.9-2020-q2-update.win32_2.0.0.202105311346/tools/bin/../lib/gcc/arm-none-eabi/9.3.1/../../../../arm-none-eabi/lib/thumb/v7-m/nofp\libc_nano.a(lib_a-sbrkr.o)
                0x0000000008002ecc                _sbrk_r
 .text.__swbuf_r
                0x0000000008002eec       0xa4 c:/st/stm32cubeide_1.8.0/stm32cubeide/plugins/com.st.stm32cube.ide.mcu.externaltools.gnu-tools-for-stm32.9-2020-q2-update.win32_2.0.0.202105311346/tools/bin/../lib/gcc/arm-none-eabi/9.3.1/../../../../arm-none-eabi/lib/thumb/v7-m/nofp\libc_nano.a(lib_a-wbuf.o)
                0x0000000008002eec                __swbuf_r
 .text.__swsetup_r
                0x0000000008002f90       0xdc c:/st/stm32cubeide_1.8.0/stm32cubeide/plugins/com.st.stm32cube.ide.mcu.externaltools.gnu-tools-for-stm32.9-2020-q2-update.win32_2.0.0.202105311346/tools/bin/../lib/gcc/arm-none-eabi/9.3.1/../../../../arm-none-eabi/lib/thumb/v7-m/nofp\libc_nano.a(lib_a-wsetup.o)
                0x0000000008002f90                __swsetup_r
 .text.__sflush_r
                0x000000000800306c      0x10c c:/st/stm32cubeide_1.8.0/stm32cubeide/plugins/com.st.stm32cube.ide.mcu.externaltools.gnu-tools-for-stm32.9-2020-q2-update.win32_2.0.0.202105311346/tools/bin/../lib/gcc/arm-none-eabi/9.3.1/../../../../arm-none-eabi/lib/thumb/v7-m/nofp\libc_nano.a(lib_a-fflush.o)
                0x000000000800306c                __sflush_r
 .text._fflush_r
                0x0000000008003178       0x78 c:/st/stm32cubeide_1.8.0/stm32cubeide/plugins/com.st.stm32cube.ide.mcu.externaltools.gnu-tools-for-stm32.9-2020-q2-update.win32_2.0.0.202105311346/tools/bin/../lib/gcc/arm-none-eabi/9.3.1/../../../../arm-none-eabi/lib/thumb/v7-m/nofp\libc_nano.a(lib_a-fflush.o)
                0x0000000008003178                _fflush_r
 .text.std      0x00000000080031f0       0x48 c:/st/stm32cubeide_1.8.0/stm32cubeide/plugins/com.st.stm32cube.ide.mcu.externaltools.gnu-tools-for-stm32.9-2020-q2-update.win32_2.0.0.202105311346/tools/bin/../lib/gcc/arm-none-eabi/9.3.1/../../../../arm-none-eabi/lib/thumb/v7-m/nofp\libc_nano.a(lib_a-findfp.o)
 .text._cleanup_r
                0x0000000008003238        0xc c:/st/stm32cubeide_1.8.0/stm32cubeide/plugins/com.st.stm32cube.ide.mcu.externaltools.gnu-tools-for-stm32.9-2020-q2-update.win32_2.0.0.202105311346/tools/bin/../lib/gcc/arm-none-eabi/9.3.1/../../../../arm-none-eabi/lib/thumb/v7-m/nofp\libc_nano.a(lib_a-findfp.o)
                0x0000000008003238                _cleanup_r
 .text.__sfmoreglue
                0x0000000008003244       0x2c c:/st/stm32cubeide_1.8.0/stm32cubeide/plugins/com.st.stm32cube.ide.mcu.externaltools.gnu-tools-for-stm32.9-2020-q2-update.win32_2.0.0.202105311346/tools/bin/../lib/gcc/arm-none-eabi/9.3.1/../../../../arm-none-eabi/lib/thumb/v7-m/nofp\libc_nano.a(lib_a-findfp.o)
                0x0000000008003244                __sfmoreglue
 .text.__sfp_lock_acquire
                0x0000000008003270        0xc c:/st/stm32cubeide_1.8.0/stm32cubeide/plugins/com.st.stm32cube.ide.mcu.externaltools.gnu-tools-for-stm32.9-2020-q2-update.win32_2.0.0.202105311346/tools/bin/../lib/gcc/arm-none-eabi/9.3.1/../../../../arm-none-eabi/lib/thumb/v7-m/nofp\libc_nano.a(lib_a-findfp.o)
                0x0000000008003270                __sfp_lock_acquire
 .text.__sfp_lock_release
                0x000000000800327c        0xc c:/st/stm32cubeide_1.8.0/stm32cubeide/plugins/com.st.stm32cube.ide.mcu.externaltools.gnu-tools-for-stm32.9-2020-q2-update.win32_2.0.0.202105311346/tools/bin/../lib/gcc/arm-none-eabi/9.3.1/../../../../arm-none-eabi/lib/thumb/v7-m/nofp\libc_nano.a(lib_a-findfp.o)
                0x000000000800327c                __sfp_lock_release
 .text.__sinit_lock_acquire
                0x0000000008003288        0xc c:/st/stm32cubeide_1.8.0/stm32cubeide/plugins/com.st.stm32cube.ide.mcu.externaltools.gnu-tools-for-stm32.9-2020-q2-update.win32_2.0.0.202105311346/tools/bin/../lib/gcc/arm-none-eabi/9.3.1/../../../../arm-none-eabi/lib/thumb/v7-m/nofp\libc_nano.a(lib_a-findfp.o)
                0x0000000008003288                __sinit_lock_acquire
 .text.__sinit_lock_release
                0x0000000008003294        0xc c:/st/stm32cubeide_1.8.0/stm32cubeide/plugins/com.st.stm32cube.ide.mcu.externaltools.gnu-tools-for-stm32.9-2020-q2-update.win32_2.0.0.202105311346/tools/bin/../lib/gcc/arm-none-eabi/9.3.1/../../../../arm-none-eabi/lib/thumb/v7-m/nofp\libc_nano.a(lib_a-findfp.o)
                0x0000000008003294                __sinit_lock_release
 .text.__sinit  0x00000000080032a0       0x70 c:/st/stm32cubeide_1.8.0/stm32cubeide/plugins/com.st.stm32cube.ide.mcu.externaltools.gnu-tools-for-stm32.9-2020-q2-update.win32_2.0.0.202105311346/tools/bin/../lib/gcc/arm-none-eabi/9.3.1/../../../../arm-none-eabi/lib/thumb/v7-m/nofp\libc_nano.a(lib_a-findfp.o)
                0x00000000080032a0                __sinit
 .text.__sfp    0x0000000008003310       0x8c c:/st/stm32cubeide_1.8.0/stm32cubeide/plugins/com.st.stm32cube.ide.mcu.externaltools.gnu-tools-for-stm32.9-2020-q2-update.win32_2.0.0.202105311346/tools/bin/../lib/gcc/arm-none-eabi/9.3.1/../../../../arm-none-eabi/lib/thumb/v7-m/nofp\libc_nano.a(lib_a-findfp.o)
                0x0000000008003310                __sfp
 .text._fwalk_reent
                0x000000000800339c       0x3e c:/st/stm32cubeide_1.8.0/stm32cubeide/plugins/com.st.stm32cube.ide.mcu.externaltools.gnu-tools-for-stm32.9-2020-q2-update.win32_2.0.0.202105311346/tools/bin/../lib/gcc/arm-none-eabi/9.3.1/../../../../arm-none-eabi/lib/thumb/v7-m/nofp\libc_nano.a(lib_a-fwalk.o)
                0x000000000800339c                _fwalk_reent
 .text.__retarget_lock_init_recursive
                0x00000000080033da        0x2 c:/st/stm32cubeide_1.8.0/stm32cubeide/plugins/com.st.stm32cube.ide.mcu.externaltools.gnu-tools-for-stm32.9-2020-q2-update.win32_2.0.0.202105311346/tools/bin/../lib/gcc/arm-none-eabi/9.3.1/../../../../arm-none-eabi/lib/thumb/v7-m/nofp\libc_nano.a(lib_a-lock.o)
                0x00000000080033da                __retarget_lock_init_recursive
 .text.__retarget_lock_acquire_recursive
                0x00000000080033dc        0x2 c:/st/stm32cubeide_1.8.0/stm32cubeide/plugins/com.st.stm32cube.ide.mcu.externaltools.gnu-tools-for-stm32.9-2020-q2-update.win32_2.0.0.202105311346/tools/bin/../lib/gcc/arm-none-eabi/9.3.1/../../../../arm-none-eabi/lib/thumb/v7-m/nofp\libc_nano.a(lib_a-lock.o)
                0x00000000080033dc                __retarget_lock_acquire_recursive
 .text.__retarget_lock_release_recursive
                0x00000000080033de        0x2 c:/st/stm32cubeide_1.8.0/stm32cubeide/plugins/com.st.stm32cube.ide.mcu.externaltools.gnu-tools-for-stm32.9-2020-q2-update.win32_2.0.0.202105311346/tools/bin/../lib/gcc/arm-none-eabi/9.3.1/../../../../arm-none-eabi/lib/thumb/v7-m/nofp\libc_nano.a(lib_a-lock.o)
                0x00000000080033de                __retarget_lock_release_recursive
 .text.__swhatbuf_r
                0x00000000080033e0       0x48 c:/st/stm32cubeide_1.8.0/stm32cubeide/plugins/com.st.stm32cube.ide.mcu.externaltools.gnu-tools-for-stm32.9-2020-q2-update.win32_2.0.0.202105311346/tools/bin/../lib/gcc/arm-none-eabi/9.3.1/../../../../arm-none-eabi/lib/thumb/v7-m/nofp\libc_nano.a(lib_a-makebuf.o)
                0x00000000080033e0                __swhatbuf_r
 .text.__smakebuf_r
                0x0000000008003428       0x80 c:/st/stm32cubeide_1.8.0/stm32cubeide/plugins/com.st.stm32cube.ide.mcu.externaltools.gnu-tools-for-stm32.9-2020-q2-update.win32_2.0.0.202105311346/tools/bin/../lib/gcc/arm-none-eabi/9.3.1/../../../../arm-none-eabi/lib/thumb/v7-m/nofp\libc_nano.a(lib_a-makebuf.o)
                0x0000000008003428                __smakebuf_r
 .text.__malloc_lock
                0x00000000080034a8        0xc c:/st/stm32cubeide_1.8.0/stm32cubeide/plugins/com.st.stm32cube.ide.mcu.externaltools.gnu-tools-for-stm32.9-2020-q2-update.win32_2.0.0.202105311346/tools/bin/../lib/gcc/arm-none-eabi/9.3.1/../../../../arm-none-eabi/lib/thumb/v7-m/nofp\libc_nano.a(lib_a-mlock.o)
                0x00000000080034a8                __malloc_lock
 .text.__malloc_unlock
                0x00000000080034b4        0xc c:/st/stm32cubeide_1.8.0/stm32cubeide/plugins/com.st.stm32cube.ide.mcu.externaltools.gnu-tools-for-stm32.9-2020-q2-update.win32_2.0.0.202105311346/tools/bin/../lib/gcc/arm-none-eabi/9.3.1/../../../../arm-none-eabi/lib/thumb/v7-m/nofp\libc_nano.a(lib_a-mlock.o)
                0x00000000080034b4                __malloc_unlock
 .text.__sread  0x00000000080034c0       0x22 c:/st/stm32cubeide_1.8.0/stm32cubeide/plugins/com.st.stm32cube.ide.mcu.externaltools.gnu-tools-for-stm32.9-2020-q2-update.win32_2.0.0.202105311346/tools/bin/../lib/gcc/arm-none-eabi/9.3.1/../../../../arm-none-eabi/lib/thumb/v7-m/nofp\libc_nano.a(lib_a-stdio.o)
                0x00000000080034c0                __sread
 .text.__swrite
                0x00000000080034e2       0x38 c:/st/stm32cubeide_1.8.0/stm32cubeide/plugins/com.st.stm32cube.ide.mcu.externaltools.gnu-tools-for-stm32.9-2020-q2-update.win32_2.0.0.202105311346/tools/bin/../lib/gcc/arm-none-eabi/9.3.1/../../../../arm-none-eabi/lib/thumb/v7-m/nofp\libc_nano.a(lib_a-stdio.o)
                0x00000000080034e2                __swrite
 .text.__sseek  0x000000000800351a       0x24 c:/st/stm32cubeide_1.8.0/stm32cubeide/plugins/com.st.stm32cube.ide.mcu.externaltools.gnu-tools-for-stm32.9-2020-q2-update.win32_2.0.0.202105311346/tools/bin/../lib/gcc/arm-none-eabi/9.3.1/../../../../arm-none-eabi/lib/thumb/v7-m/nofp\libc_nano.a(lib_a-stdio.o)
                0x000000000800351a                __sseek
 .text.__sclose
                0x000000000800353e        0x8 c:/st/stm32cubeide_1.8.0/stm32cubeide/plugins/com.st.stm32cube.ide.mcu.externaltools.gnu-tools-for-stm32.9-2020-q2-update.win32_2.0.0.202105311346/tools/bin/../lib/gcc/arm-none-eabi/9.3.1/../../../../arm-none-eabi/lib/thumb/v7-m/nofp\libc_nano.a(lib_a-stdio.o)
                0x000000000800353e                __sclose
 *fill*         0x0000000008003546        0x2 
 .text._write_r
                0x0000000008003548       0x24 c:/st/stm32cubeide_1.8.0/stm32cubeide/plugins/com.st.stm32cube.ide.mcu.externaltools.gnu-tools-for-stm32.9-2020-q2-update.win32_2.0.0.202105311346/tools/bin/../lib/gcc/arm-none-eabi/9.3.1/../../../../arm-none-eabi/lib/thumb/v7-m/nofp\libc_nano.a(lib_a-writer.o)
                0x0000000008003548                _write_r
 .text._close_r
                0x000000000800356c       0x20 c:/st/stm32cubeide_1.8.0/stm32cubeide/plugins/com.st.stm32cube.ide.mcu.externaltools.gnu-tools-for-stm32.9-2020-q2-update.win32_2.0.0.202105311346/tools/bin/../lib/gcc/arm-none-eabi/9.3.1/../../../../arm-none-eabi/lib/thumb/v7-m/nofp\libc_nano.a(lib_a-closer.o)
                0x000000000800356c                _close_r
 .text._fstat_r
                0x000000000800358c       0x24 c:/st/stm32cubeide_1.8.0/stm32cubeide/plugins/com.st.stm32cube.ide.mcu.externaltools.gnu-tools-for-stm32.9-2020-q2-update.win32_2.0.0.202105311346/tools/bin/../lib/gcc/arm-none-eabi/9.3.1/../../../../arm-none-eabi/lib/thumb/v7-m/nofp\libc_nano.a(lib_a-fstatr.o)
                0x000000000800358c                _fstat_r
 .text._isatty_r
                0x00000000080035b0       0x20 c:/st/stm32cubeide_1.8.0/stm32cubeide/plugins/com.st.stm32cube.ide.mcu.externaltools.gnu-tools-for-stm32.9-2020-q2-update.win32_2.0.0.202105311346/tools/bin/../lib/gcc/arm-none-eabi/9.3.1/../../../../arm-none-eabi/lib/thumb/v7-m/nofp\libc_nano.a(lib_a-isattyr.o)
                0x00000000080035b0                _isatty_r
 .text._lseek_r
                0x00000000080035d0       0x24 c:/st/stm32cubeide_1.8.0/stm32cubeide/plugins/com.st.stm32cube.ide.mcu.externaltools.gnu-tools-for-stm32.9-2020-q2-update.win32_2.0.0.202105311346/tools/bin/../lib/gcc/arm-none-eabi/9.3.1/../../../../arm-none-eabi/lib/thumb/v7-m/nofp\libc_nano.a(lib_a-lseekr.o)
                0x00000000080035d0                _lseek_r
 .text._read_r  0x00000000080035f4       0x24 c:/st/stm32cubeide_1.8.0/stm32cubeide/plugins/com.st.stm32cube.ide.mcu.externaltools.gnu-tools-for-stm32.9-2020-q2-update.win32_2.0.0.202105311346/tools/bin/../lib/gcc/arm-none-eabi/9.3.1/../../../../arm-none-eabi/lib/thumb/v7-m/nofp\libc_nano.a(lib_a-readr.o)
                0x00000000080035f4                _read_r
 *(.glue_7)
 .glue_7        0x0000000008003618        0x0 linker stubs
 *(.glue_7t)
 .glue_7t       0x0000000008003618        0x0 linker stubs
 *(.eh_frame)
 .eh_frame      0x0000000008003618        0x0 c:/st/stm32cubeide_1.8.0/stm32cubeide/plugins/com.st.stm32cube.ide.mcu.externaltools.gnu-tools-for-stm32.9-2020-q2-update.win32_2.0.0.202105311346/tools/bin/../lib/gcc/arm-none-eabi/9.3.1/thumb/v7-m/nofp/crtbegin.o
 *(.init)
 .init          0x0000000008003618        0x4 c:/st/stm32cubeide_1.8.0/stm32cubeide/plugins/com.st.stm32cube.ide.mcu.externaltools.gnu-tools-for-stm32.9-2020-q2-update.win32_2.0.0.202105311346/tools/bin/../lib/gcc/arm-none-eabi/9.3.1/thumb/v7-m/nofp/crti.o
                0x0000000008003618                _init
 .init          0x000000000800361c        0x8 c:/st/stm32cubeide_1.8.0/stm32cubeide/plugins/com.st.stm32cube.ide.mcu.externaltools.gnu-tools-for-stm32.9-2020-q2-update.win32_2.0.0.202105311346/tools/bin/../lib/gcc/arm-none-eabi/9.3.1/thumb/v7-m/nofp/crtn.o
 *(.fini)
 .fini          0x0000000008003624        0x4 c:/st/stm32cubeide_1.8.0/stm32cubeide/plugins/com.st.stm32cube.ide.mcu.externaltools.gnu-tools-for-stm32.9-2020-q2-update.win32_2.0.0.202105311346/tools/bin/../lib/gcc/arm-none-eabi/9.3.1/thumb/v7-m/nofp/crti.o
                0x0000000008003624                _fini
 .fini          0x0000000008003628        0x8 c:/st/stm32cubeide_1.8.0/stm32cubeide/plugins/com.st.stm32cube.ide.mcu.externaltools.gnu-tools-for-stm32.9-2020-q2-update.win32_2.0.0.202105311346/tools/bin/../lib/gcc/arm-none-eabi/9.3.1/thumb/v7-m/nofp/crtn.o
                0x0000000008003630                . = ALIGN (0x4)
                0x0000000008003630                _etext = .

.vfp11_veneer   0x0000000008003630        0x0
 .vfp11_veneer  0x0000000008003630        0x0 linker stubs

.v4_bx          0x0000000008003630        0x0
 .v4_bx         0x0000000008003630        0x0 linker stubs

.iplt           0x0000000008003630        0x0
 .iplt          0x0000000008003630        0x0 c:/st/stm32cubeide_1.8.0/stm32cubeide/plugins/com.st.stm32cube.ide.mcu.externaltools.gnu-tools-for-stm32.9-2020-q2-update.win32_2.0.0.202105311346/tools/bin/../lib/gcc/arm-none-eabi/9.3.1/thumb/v7-m/nofp/crtbegin.o

.rodata         0x0000000008003630     0x20b8
                0x0000000008003630                . = ALIGN (0x4)
 *(.rodata)
 .rodata        0x0000000008003630      0x356 ./Core/Src/GUI_Paint.o
 *fill*         0x0000000008003986        0x2 
 .rodata        0x0000000008003988       0x2c ./Core/Src/MS_Screen.o
 .rodata        0x00000000080039b4       0x56 ./Core/Src/Screen.o
 *(.rodata*)
 *fill*         0x0000000008003a0a        0x2 
 .rodata.lut_4Gray_GC
                0x0000000008003a0c       0x69 ./Core/Src/Screen.o
 *fill*         0x0000000008003a75        0x3 
 .rodata.lut_1Gray_GC
                0x0000000008003a78       0x69 ./Core/Src/Screen.o
 *fill*         0x0000000008003ae1        0x3 
 .rodata.lut_1Gray_DU
                0x0000000008003ae4       0x69 ./Core/Src/Screen.o
 *fill*         0x0000000008003b4d        0x3 
 .rodata.lut_1Gray_A2
                0x0000000008003b50       0x69 ./Core/Src/Screen.o
 *fill*         0x0000000008003bb9        0x3 
 .rodata.AHBPrescTable
                0x0000000008003bbc       0x10 ./Core/Src/system_stm32f2xx.o
                0x0000000008003bbc                AHBPrescTable
 .rodata.Font24_Table
                0x0000000008003bcc     0x1ab8 ./Core/Src/fonts/font24.o
                0x0000000008003bcc                Font24_Table
 .rodata._global_impure_ptr
                0x0000000008005684        0x4 c:/st/stm32cubeide_1.8.0/stm32cubeide/plugins/com.st.stm32cube.ide.mcu.externaltools.gnu-tools-for-stm32.9-2020-q2-update.win32_2.0.0.202105311346/tools/bin/../lib/gcc/arm-none-eabi/9.3.1/../../../../arm-none-eabi/lib/thumb/v7-m/nofp\libc_nano.a(lib_a-impure.o)
                0x0000000008005684                _global_impure_ptr
 .rodata.__sf_fake_stderr
                0x0000000008005688       0x20 c:/st/stm32cubeide_1.8.0/stm32cubeide/plugins/com.st.stm32cube.ide.mcu.externaltools.gnu-tools-for-stm32.9-2020-q2-update.win32_2.0.0.202105311346/tools/bin/../lib/gcc/arm-none-eabi/9.3.1/../../../../arm-none-eabi/lib/thumb/v7-m/nofp\libc_nano.a(lib_a-findfp.o)
                0x0000000008005688                __sf_fake_stderr
 .rodata.__sf_fake_stdin
                0x00000000080056a8       0x20 c:/st/stm32cubeide_1.8.0/stm32cubeide/plugins/com.st.stm32cube.ide.mcu.externaltools.gnu-tools-for-stm32.9-2020-q2-update.win32_2.0.0.202105311346/tools/bin/../lib/gcc/arm-none-eabi/9.3.1/../../../../arm-none-eabi/lib/thumb/v7-m/nofp\libc_nano.a(lib_a-findfp.o)
                0x00000000080056a8                __sf_fake_stdin
 .rodata.__sf_fake_stdout
                0x00000000080056c8       0x20 c:/st/stm32cubeide_1.8.0/stm32cubeide/plugins/com.st.stm32cube.ide.mcu.externaltools.gnu-tools-for-stm32.9-2020-q2-update.win32_2.0.0.202105311346/tools/bin/../lib/gcc/arm-none-eabi/9.3.1/../../../../arm-none-eabi/lib/thumb/v7-m/nofp\libc_nano.a(lib_a-findfp.o)
                0x00000000080056c8                __sf_fake_stdout
                0x00000000080056e8                . = ALIGN (0x4)

.ARM.extab      0x00000000080056e8        0x0
                0x00000000080056e8                . = ALIGN (0x4)
 *(.ARM.extab* .gnu.linkonce.armextab.*)
                0x00000000080056e8                . = ALIGN (0x4)

.ARM            0x00000000080056e8        0x8
                0x00000000080056e8                . = ALIGN (0x4)
                0x00000000080056e8                __exidx_start = .
 *(.ARM.exidx*)
 .ARM.exidx     0x00000000080056e8        0x8 c:/st/stm32cubeide_1.8.0/stm32cubeide/plugins/com.st.stm32cube.ide.mcu.externaltools.gnu-tools-for-stm32.9-2020-q2-update.win32_2.0.0.202105311346/tools/bin/../lib/gcc/arm-none-eabi/9.3.1/thumb/v7-m/nofp\libgcc.a(_udivmoddi4.o)
                0x00000000080056f0                __exidx_end = .
                0x00000000080056f0                . = ALIGN (0x4)

.rel.dyn        0x00000000080056f0        0x0
 .rel.iplt      0x00000000080056f0        0x0 c:/st/stm32cubeide_1.8.0/stm32cubeide/plugins/com.st.stm32cube.ide.mcu.externaltools.gnu-tools-for-stm32.9-2020-q2-update.win32_2.0.0.202105311346/tools/bin/../lib/gcc/arm-none-eabi/9.3.1/thumb/v7-m/nofp/crtbegin.o

.preinit_array  0x00000000080056f0        0x0
                0x00000000080056f0                . = ALIGN (0x4)
                0x00000000080056f0                PROVIDE (__preinit_array_start = .)
 *(.preinit_array*)
                0x00000000080056f0                PROVIDE (__preinit_array_end = .)
                0x00000000080056f0                . = ALIGN (0x4)

.init_array     0x00000000080056f0        0x4
                0x00000000080056f0                . = ALIGN (0x4)
                0x00000000080056f0                PROVIDE (__init_array_start = .)
 *(SORT_BY_NAME(.init_array.*))
 *(.init_array*)
 .init_array    0x00000000080056f0        0x4 c:/st/stm32cubeide_1.8.0/stm32cubeide/plugins/com.st.stm32cube.ide.mcu.externaltools.gnu-tools-for-stm32.9-2020-q2-update.win32_2.0.0.202105311346/tools/bin/../lib/gcc/arm-none-eabi/9.3.1/thumb/v7-m/nofp/crtbegin.o
                0x00000000080056f4                PROVIDE (__init_array_end = .)
                0x00000000080056f4                . = ALIGN (0x4)

.fini_array     0x00000000080056f4        0x4
                0x00000000080056f4                . = ALIGN (0x4)
                [!provide]                        PROVIDE (__fini_array_start = .)
 *(SORT_BY_NAME(.fini_array.*))
 *(.fini_array*)
 .fini_array    0x00000000080056f4        0x4 c:/st/stm32cubeide_1.8.0/stm32cubeide/plugins/com.st.stm32cube.ide.mcu.externaltools.gnu-tools-for-stm32.9-2020-q2-update.win32_2.0.0.202105311346/tools/bin/../lib/gcc/arm-none-eabi/9.3.1/thumb/v7-m/nofp/crtbegin.o
                [!provide]                        PROVIDE (__fini_array_end = .)
                0x00000000080056f8                . = ALIGN (0x4)
                0x00000000080056f8                _sidata = LOADADDR (.data)

.data           0x0000000020000000       0x78 load address 0x00000000080056f8
                0x0000000020000000                . = ALIGN (0x4)
                0x0000000020000000                _sdata = .
 *(.data)
 *(.data*)
 .data.SystemCoreClock
                0x0000000020000000        0x4 ./Core/Src/system_stm32f2xx.o
                0x0000000020000000                SystemCoreClock
 .data.Font24   0x0000000020000004        0x8 ./Core/Src/fonts/font24.o
                0x0000000020000004                Font24
 .data.uwTickPrio
                0x000000002000000c        0x4 ./Drivers/STM32F2xx_HAL_Driver/Src/stm32f2xx_hal.o
                0x000000002000000c                uwTickPrio
 .data.uwTickFreq
                0x0000000020000010        0x1 ./Drivers/STM32F2xx_HAL_Driver/Src/stm32f2xx_hal.o
                0x0000000020000010                uwTickFreq
 *fill*         0x0000000020000011        0x3 
 .data._impure_ptr
                0x0000000020000014        0x4 c:/st/stm32cubeide_1.8.0/stm32cubeide/plugins/com.st.stm32cube.ide.mcu.externaltools.gnu-tools-for-stm32.9-2020-q2-update.win32_2.0.0.202105311346/tools/bin/../lib/gcc/arm-none-eabi/9.3.1/../../../../arm-none-eabi/lib/thumb/v7-m/nofp\libc_nano.a(lib_a-impure.o)
                0x0000000020000014                _impure_ptr
 .data.impure_data
                0x0000000020000018       0x60 c:/st/stm32cubeide_1.8.0/stm32cubeide/plugins/com.st.stm32cube.ide.mcu.externaltools.gnu-tools-for-stm32.9-2020-q2-update.win32_2.0.0.202105311346/tools/bin/../lib/gcc/arm-none-eabi/9.3.1/../../../../arm-none-eabi/lib/thumb/v7-m/nofp\libc_nano.a(lib_a-impure.o)
 *(.RamFunc)
 *(.RamFunc*)
                0x0000000020000078                . = ALIGN (0x4)
                0x0000000020000078                _edata = .

.igot.plt       0x0000000020000078        0x0 load address 0x0000000008005770
 .igot.plt      0x0000000020000078        0x0 c:/st/stm32cubeide_1.8.0/stm32cubeide/plugins/com.st.stm32cube.ide.mcu.externaltools.gnu-tools-for-stm32.9-2020-q2-update.win32_2.0.0.202105311346/tools/bin/../lib/gcc/arm-none-eabi/9.3.1/thumb/v7-m/nofp/crtbegin.o
                0x0000000020000078                . = ALIGN (0x4)

.bss            0x0000000020000078       0xac load address 0x0000000008005770
                0x0000000020000078                _sbss = .
                0x0000000020000078                __bss_start__ = _sbss
 *(.bss)
 .bss           0x0000000020000078       0x1c c:/st/stm32cubeide_1.8.0/stm32cubeide/plugins/com.st.stm32cube.ide.mcu.externaltools.gnu-tools-for-stm32.9-2020-q2-update.win32_2.0.0.202105311346/tools/bin/../lib/gcc/arm-none-eabi/9.3.1/thumb/v7-m/nofp/crtbegin.o
 *(.bss*)
 .bss.__sbrk_heap_end
                0x0000000020000094        0x4 ./Core/Src/sysmem.o
 .bss.__malloc_free_list
                0x0000000020000098        0x4 c:/st/stm32cubeide_1.8.0/stm32cubeide/plugins/com.st.stm32cube.ide.mcu.externaltools.gnu-tools-for-stm32.9-2020-q2-update.win32_2.0.0.202105311346/tools/bin/../lib/gcc/arm-none-eabi/9.3.1/../../../../arm-none-eabi/lib/thumb/v7-m/nofp\libc_nano.a(lib_a-nano-mallocr.o)
                0x0000000020000098                __malloc_free_list
 .bss.__malloc_sbrk_start
                0x000000002000009c        0x4 c:/st/stm32cubeide_1.8.0/stm32cubeide/plugins/com.st.stm32cube.ide.mcu.externaltools.gnu-tools-for-stm32.9-2020-q2-update.win32_2.0.0.202105311346/tools/bin/../lib/gcc/arm-none-eabi/9.3.1/../../../../arm-none-eabi/lib/thumb/v7-m/nofp\libc_nano.a(lib_a-nano-mallocr.o)
                0x000000002000009c                __malloc_sbrk_start
 *(COMMON)
 COMMON         0x00000000200000a0       0x18 ./Core/Src/GUI_Paint.o
                0x00000000200000a0                Paint
 COMMON         0x00000000200000b8       0x58 ./Core/Src/main.o
                0x00000000200000b8                hspi1
 COMMON         0x0000000020000110        0x4 ./Drivers/STM32F2xx_HAL_Driver/Src/stm32f2xx_hal.o
                0x0000000020000110                uwTick
 COMMON         0x0000000020000114        0x9 c:/st/stm32cubeide_1.8.0/stm32cubeide/plugins/com.st.stm32cube.ide.mcu.externaltools.gnu-tools-for-stm32.9-2020-q2-update.win32_2.0.0.202105311346/tools/bin/../lib/gcc/arm-none-eabi/9.3.1/../../../../arm-none-eabi/lib/thumb/v7-m/nofp\libc_nano.a(lib_a-lock.o)
                0x0000000020000114                __lock___atexit_recursive_mutex
                0x0000000020000115                __lock___arc4random_mutex
                0x0000000020000116                __lock___env_recursive_mutex
                0x0000000020000117                __lock___sinit_recursive_mutex
                0x0000000020000118                __lock___malloc_recursive_mutex
                0x0000000020000119                __lock___at_quick_exit_mutex
                0x000000002000011a                __lock___dd_hash_mutex
                0x000000002000011b                __lock___tz_mutex
                0x000000002000011c                __lock___sfp_recursive_mutex
 *fill*         0x000000002000011d        0x3 
 COMMON         0x0000000020000120        0x4 c:/st/stm32cubeide_1.8.0/stm32cubeide/plugins/com.st.stm32cube.ide.mcu.externaltools.gnu-tools-for-stm32.9-2020-q2-update.win32_2.0.0.202105311346/tools/bin/../lib/gcc/arm-none-eabi/9.3.1/../../../../arm-none-eabi/lib/thumb/v7-m/nofp\libc_nano.a(lib_a-reent.o)
                0x0000000020000120                errno
                0x0000000020000124                . = ALIGN (0x4)
                0x0000000020000124                _ebss = .
                0x0000000020000124                __bss_end__ = _ebss

._user_heap_stack
                0x0000000020000124      0x604 load address 0x0000000008005770
                0x0000000020000128                . = ALIGN (0x8)
 *fill*         0x0000000020000124        0x4 
                [!provide]                        PROVIDE (end = .)
                0x0000000020000128                PROVIDE (_end = .)
                0x0000000020000328                . = (. + _Min_Heap_Size)
 *fill*         0x0000000020000128      0x200 
                0x0000000020000728                . = (. + _Min_Stack_Size)
 *fill*         0x0000000020000328      0x400 
                0x0000000020000728                . = ALIGN (0x8)

/DISCARD/
 libc.a(*)
 libm.a(*)
 libgcc.a(*)

.ARM.attributes
                0x0000000000000000       0x29
 *(.ARM.attributes)
 .ARM.attributes
                0x0000000000000000       0x1d c:/st/stm32cubeide_1.8.0/stm32cubeide/plugins/com.st.stm32cube.ide.mcu.externaltools.gnu-tools-for-stm32.9-2020-q2-update.win32_2.0.0.202105311346/tools/bin/../lib/gcc/arm-none-eabi/9.3.1/thumb/v7-m/nofp/crti.o
 .ARM.attributes
                0x000000000000001d       0x2d c:/st/stm32cubeide_1.8.0/stm32cubeide/plugins/com.st.stm32cube.ide.mcu.externaltools.gnu-tools-for-stm32.9-2020-q2-update.win32_2.0.0.202105311346/tools/bin/../lib/gcc/arm-none-eabi/9.3.1/thumb/v7-m/nofp/crtbegin.o
 .ARM.attributes
                0x000000000000004a       0x2d ./Core/Src/GUI_Paint.o
 .ARM.attributes
                0x0000000000000077       0x2d ./Core/Src/MS_Screen.o
 .ARM.attributes
                0x00000000000000a4       0x2d ./Core/Src/Screen.o
 .ARM.attributes
                0x00000000000000d1       0x2d ./Core/Src/ScreenConfig.o
 .ARM.attributes
                0x00000000000000fe       0x2d ./Core/Src/main.o
 .ARM.attributes
                0x000000000000012b       0x2d ./Core/Src/stm32f2xx_hal_msp.o
 .ARM.attributes
                0x0000000000000158       0x2d ./Core/Src/stm32f2xx_it.o
 .ARM.attributes
                0x0000000000000185       0x2d ./Core/Src/syscalls.o
 .ARM.attributes
                0x00000000000001b2       0x2d ./Core/Src/sysmem.o
 .ARM.attributes
                0x00000000000001df       0x2d ./Core/Src/system_stm32f2xx.o
 .ARM.attributes
                0x000000000000020c       0x33 ./Core/Src/fonts/font24.o
 .ARM.attributes
                0x000000000000023f       0x21 ./Core/Startup/startup_stm32f207vgtx.o
 .ARM.attributes
                0x0000000000000260       0x2d ./Drivers/STM32F2xx_HAL_Driver/Src/stm32f2xx_hal.o
 .ARM.attributes
                0x000000000000028d       0x2d ./Drivers/STM32F2xx_HAL_Driver/Src/stm32f2xx_hal_cortex.o
 .ARM.attributes
                0x00000000000002ba       0x2d ./Drivers/STM32F2xx_HAL_Driver/Src/stm32f2xx_hal_gpio.o
 .ARM.attributes
                0x00000000000002e7       0x2d ./Drivers/STM32F2xx_HAL_Driver/Src/stm32f2xx_hal_rcc.o
 .ARM.attributes
                0x0000000000000314       0x2d ./Drivers/STM32F2xx_HAL_Driver/Src/stm32f2xx_hal_spi.o
 .ARM.attributes
                0x0000000000000341       0x2d c:/st/stm32cubeide_1.8.0/stm32cubeide/plugins/com.st.stm32cube.ide.mcu.externaltools.gnu-tools-for-stm32.9-2020-q2-update.win32_2.0.0.202105311346/tools/bin/../lib/gcc/arm-none-eabi/9.3.1/../../../../arm-none-eabi/lib/thumb/v7-m/nofp\libc_nano.a(lib_a-errno.o)
 .ARM.attributes
                0x000000000000036e       0x2d c:/st/stm32cubeide_1.8.0/stm32cubeide/plugins/com.st.stm32cube.ide.mcu.externaltools.gnu-tools-for-stm32.9-2020-q2-update.win32_2.0.0.202105311346/tools/bin/../lib/gcc/arm-none-eabi/9.3.1/../../../../arm-none-eabi/lib/thumb/v7-m/nofp\libc_nano.a(lib_a-impure.o)
 .ARM.attributes
                0x000000000000039b       0x2d c:/st/stm32cubeide_1.8.0/stm32cubeide/plugins/com.st.stm32cube.ide.mcu.externaltools.gnu-tools-for-stm32.9-2020-q2-update.win32_2.0.0.202105311346/tools/bin/../lib/gcc/arm-none-eabi/9.3.1/../../../../arm-none-eabi/lib/thumb/v7-m/nofp\libc_nano.a(lib_a-init.o)
 .ARM.attributes
                0x00000000000003c8       0x2d c:/st/stm32cubeide_1.8.0/stm32cubeide/plugins/com.st.stm32cube.ide.mcu.externaltools.gnu-tools-for-stm32.9-2020-q2-update.win32_2.0.0.202105311346/tools/bin/../lib/gcc/arm-none-eabi/9.3.1/../../../../arm-none-eabi/lib/thumb/v7-m/nofp\libc_nano.a(lib_a-malloc.o)
 .ARM.attributes
                0x00000000000003f5       0x2d c:/st/stm32cubeide_1.8.0/stm32cubeide/plugins/com.st.stm32cube.ide.mcu.externaltools.gnu-tools-for-stm32.9-2020-q2-update.win32_2.0.0.202105311346/tools/bin/../lib/gcc/arm-none-eabi/9.3.1/../../../../arm-none-eabi/lib/thumb/v7-m/nofp\libc_nano.a(lib_a-memset.o)
 .ARM.attributes
                0x0000000000000422       0x2d c:/st/stm32cubeide_1.8.0/stm32cubeide/plugins/com.st.stm32cube.ide.mcu.externaltools.gnu-tools-for-stm32.9-2020-q2-update.win32_2.0.0.202105311346/tools/bin/../lib/gcc/arm-none-eabi/9.3.1/../../../../arm-none-eabi/lib/thumb/v7-m/nofp\libc_nano.a(lib_a-nano-freer.o)
 .ARM.attributes
                0x000000000000044f       0x2d c:/st/stm32cubeide_1.8.0/stm32cubeide/plugins/com.st.stm32cube.ide.mcu.externaltools.gnu-tools-for-stm32.9-2020-q2-update.win32_2.0.0.202105311346/tools/bin/../lib/gcc/arm-none-eabi/9.3.1/../../../../arm-none-eabi/lib/thumb/v7-m/nofp\libc_nano.a(lib_a-nano-mallocr.o)
 .ARM.attributes
                0x000000000000047c       0x2d c:/st/stm32cubeide_1.8.0/stm32cubeide/plugins/com.st.stm32cube.ide.mcu.externaltools.gnu-tools-for-stm32.9-2020-q2-update.win32_2.0.0.202105311346/tools/bin/../lib/gcc/arm-none-eabi/9.3.1/../../../../arm-none-eabi/lib/thumb/v7-m/nofp\libc_nano.a(lib_a-puts.o)
 .ARM.attributes
                0x00000000000004a9       0x2d c:/st/stm32cubeide_1.8.0/stm32cubeide/plugins/com.st.stm32cube.ide.mcu.externaltools.gnu-tools-for-stm32.9-2020-q2-update.win32_2.0.0.202105311346/tools/bin/../lib/gcc/arm-none-eabi/9.3.1/../../../../arm-none-eabi/lib/thumb/v7-m/nofp\libc_nano.a(lib_a-sbrkr.o)
 .ARM.attributes
                0x00000000000004d6       0x2d c:/st/stm32cubeide_1.8.0/stm32cubeide/plugins/com.st.stm32cube.ide.mcu.externaltools.gnu-tools-for-stm32.9-2020-q2-update.win32_2.0.0.202105311346/tools/bin/../lib/gcc/arm-none-eabi/9.3.1/../../../../arm-none-eabi/lib/thumb/v7-m/nofp\libc_nano.a(lib_a-wbuf.o)
 .ARM.attributes
                0x0000000000000503       0x2d c:/st/stm32cubeide_1.8.0/stm32cubeide/plugins/com.st.stm32cube.ide.mcu.externaltools.gnu-tools-for-stm32.9-2020-q2-update.win32_2.0.0.202105311346/tools/bin/../lib/gcc/arm-none-eabi/9.3.1/../../../../arm-none-eabi/lib/thumb/v7-m/nofp\libc_nano.a(lib_a-wsetup.o)
 .ARM.attributes
                0x0000000000000530       0x2d c:/st/stm32cubeide_1.8.0/stm32cubeide/plugins/com.st.stm32cube.ide.mcu.externaltools.gnu-tools-for-stm32.9-2020-q2-update.win32_2.0.0.202105311346/tools/bin/../lib/gcc/arm-none-eabi/9.3.1/../../../../arm-none-eabi/lib/thumb/v7-m/nofp\libc_nano.a(lib_a-fflush.o)
 .ARM.attributes
                0x000000000000055d       0x2d c:/st/stm32cubeide_1.8.0/stm32cubeide/plugins/com.st.stm32cube.ide.mcu.externaltools.gnu-tools-for-stm32.9-2020-q2-update.win32_2.0.0.202105311346/tools/bin/../lib/gcc/arm-none-eabi/9.3.1/../../../../arm-none-eabi/lib/thumb/v7-m/nofp\libc_nano.a(lib_a-findfp.o)
 .ARM.attributes
                0x000000000000058a       0x2d c:/st/stm32cubeide_1.8.0/stm32cubeide/plugins/com.st.stm32cube.ide.mcu.externaltools.gnu-tools-for-stm32.9-2020-q2-update.win32_2.0.0.202105311346/tools/bin/../lib/gcc/arm-none-eabi/9.3.1/../../../../arm-none-eabi/lib/thumb/v7-m/nofp\libc_nano.a(lib_a-fwalk.o)
 .ARM.attributes
                0x00000000000005b7       0x2d c:/st/stm32cubeide_1.8.0/stm32cubeide/plugins/com.st.stm32cube.ide.mcu.externaltools.gnu-tools-for-stm32.9-2020-q2-update.win32_2.0.0.202105311346/tools/bin/../lib/gcc/arm-none-eabi/9.3.1/../../../../arm-none-eabi/lib/thumb/v7-m/nofp\libc_nano.a(lib_a-lock.o)
 .ARM.attributes
                0x00000000000005e4       0x2d c:/st/stm32cubeide_1.8.0/stm32cubeide/plugins/com.st.stm32cube.ide.mcu.externaltools.gnu-tools-for-stm32.9-2020-q2-update.win32_2.0.0.202105311346/tools/bin/../lib/gcc/arm-none-eabi/9.3.1/../../../../arm-none-eabi/lib/thumb/v7-m/nofp\libc_nano.a(lib_a-makebuf.o)
 .ARM.attributes
                0x0000000000000611       0x2d c:/st/stm32cubeide_1.8.0/stm32cubeide/plugins/com.st.stm32cube.ide.mcu.externaltools.gnu-tools-for-stm32.9-2020-q2-update.win32_2.0.0.202105311346/tools/bin/../lib/gcc/arm-none-eabi/9.3.1/../../../../arm-none-eabi/lib/thumb/v7-m/nofp\libc_nano.a(lib_a-mlock.o)
 .ARM.attributes
                0x000000000000063e       0x2d c:/st/stm32cubeide_1.8.0/stm32cubeide/plugins/com.st.stm32cube.ide.mcu.externaltools.gnu-tools-for-stm32.9-2020-q2-update.win32_2.0.0.202105311346/tools/bin/../lib/gcc/arm-none-eabi/9.3.1/../../../../arm-none-eabi/lib/thumb/v7-m/nofp\libc_nano.a(lib_a-reent.o)
 .ARM.attributes
                0x000000000000066b       0x2d c:/st/stm32cubeide_1.8.0/stm32cubeide/plugins/com.st.stm32cube.ide.mcu.externaltools.gnu-tools-for-stm32.9-2020-q2-update.win32_2.0.0.202105311346/tools/bin/../lib/gcc/arm-none-eabi/9.3.1/../../../../arm-none-eabi/lib/thumb/v7-m/nofp\libc_nano.a(lib_a-stdio.o)
 .ARM.attributes
                0x0000000000000698       0x2d c:/st/stm32cubeide_1.8.0/stm32cubeide/plugins/com.st.stm32cube.ide.mcu.externaltools.gnu-tools-for-stm32.9-2020-q2-update.win32_2.0.0.202105311346/tools/bin/../lib/gcc/arm-none-eabi/9.3.1/../../../../arm-none-eabi/lib/thumb/v7-m/nofp\libc_nano.a(lib_a-writer.o)
 .ARM.attributes
                0x00000000000006c5       0x2d c:/st/stm32cubeide_1.8.0/stm32cubeide/plugins/com.st.stm32cube.ide.mcu.externaltools.gnu-tools-for-stm32.9-2020-q2-update.win32_2.0.0.202105311346/tools/bin/../lib/gcc/arm-none-eabi/9.3.1/../../../../arm-none-eabi/lib/thumb/v7-m/nofp\libc_nano.a(lib_a-closer.o)
 .ARM.attributes
                0x00000000000006f2       0x2d c:/st/stm32cubeide_1.8.0/stm32cubeide/plugins/com.st.stm32cube.ide.mcu.externaltools.gnu-tools-for-stm32.9-2020-q2-update.win32_2.0.0.202105311346/tools/bin/../lib/gcc/arm-none-eabi/9.3.1/../../../../arm-none-eabi/lib/thumb/v7-m/nofp\libc_nano.a(lib_a-fstatr.o)
 .ARM.attributes
                0x000000000000071f       0x2d c:/st/stm32cubeide_1.8.0/stm32cubeide/plugins/com.st.stm32cube.ide.mcu.externaltools.gnu-tools-for-stm32.9-2020-q2-update.win32_2.0.0.202105311346/tools/bin/../lib/gcc/arm-none-eabi/9.3.1/../../../../arm-none-eabi/lib/thumb/v7-m/nofp\libc_nano.a(lib_a-isattyr.o)
 .ARM.attributes
                0x000000000000074c       0x2d c:/st/stm32cubeide_1.8.0/stm32cubeide/plugins/com.st.stm32cube.ide.mcu.externaltools.gnu-tools-for-stm32.9-2020-q2-update.win32_2.0.0.202105311346/tools/bin/../lib/gcc/arm-none-eabi/9.3.1/../../../../arm-none-eabi/lib/thumb/v7-m/nofp\libc_nano.a(lib_a-lseekr.o)
 .ARM.attributes
                0x0000000000000779       0x2d c:/st/stm32cubeide_1.8.0/stm32cubeide/plugins/com.st.stm32cube.ide.mcu.externaltools.gnu-tools-for-stm32.9-2020-q2-update.win32_2.0.0.202105311346/tools/bin/../lib/gcc/arm-none-eabi/9.3.1/../../../../arm-none-eabi/lib/thumb/v7-m/nofp\libc_nano.a(lib_a-readr.o)
 .ARM.attributes
                0x00000000000007a6       0x1d c:/st/stm32cubeide_1.8.0/stm32cubeide/plugins/com.st.stm32cube.ide.mcu.externaltools.gnu-tools-for-stm32.9-2020-q2-update.win32_2.0.0.202105311346/tools/bin/../lib/gcc/arm-none-eabi/9.3.1/thumb/v7-m/nofp\libgcc.a(_aeabi_uldivmod.o)
 .ARM.attributes
                0x00000000000007c3       0x2d c:/st/stm32cubeide_1.8.0/stm32cubeide/plugins/com.st.stm32cube.ide.mcu.externaltools.gnu-tools-for-stm32.9-2020-q2-update.win32_2.0.0.202105311346/tools/bin/../lib/gcc/arm-none-eabi/9.3.1/thumb/v7-m/nofp\libgcc.a(_udivmoddi4.o)
 .ARM.attributes
                0x00000000000007f0       0x1d c:/st/stm32cubeide_1.8.0/stm32cubeide/plugins/com.st.stm32cube.ide.mcu.externaltools.gnu-tools-for-stm32.9-2020-q2-update.win32_2.0.0.202105311346/tools/bin/../lib/gcc/arm-none-eabi/9.3.1/thumb/v7-m/nofp\libgcc.a(_dvmd_tls.o)
 .ARM.attributes
                0x000000000000080d       0x1d c:/st/stm32cubeide_1.8.0/stm32cubeide/plugins/com.st.stm32cube.ide.mcu.externaltools.gnu-tools-for-stm32.9-2020-q2-update.win32_2.0.0.202105311346/tools/bin/../lib/gcc/arm-none-eabi/9.3.1/thumb/v7-m/nofp/crtn.o
OUTPUT(SteeringWheel.elf elf32-littlearm)
LOAD linker stubs
LOAD c:/st/stm32cubeide_1.8.0/stm32cubeide/plugins/com.st.stm32cube.ide.mcu.externaltools.gnu-tools-for-stm32.9-2020-q2-update.win32_2.0.0.202105311346/tools/bin/../lib/gcc/arm-none-eabi/9.3.1/../../../../arm-none-eabi/lib/thumb/v7-m/nofp\libc.a
LOAD c:/st/stm32cubeide_1.8.0/stm32cubeide/plugins/com.st.stm32cube.ide.mcu.externaltools.gnu-tools-for-stm32.9-2020-q2-update.win32_2.0.0.202105311346/tools/bin/../lib/gcc/arm-none-eabi/9.3.1/../../../../arm-none-eabi/lib/thumb/v7-m/nofp\libm.a
LOAD c:/st/stm32cubeide_1.8.0/stm32cubeide/plugins/com.st.stm32cube.ide.mcu.externaltools.gnu-tools-for-stm32.9-2020-q2-update.win32_2.0.0.202105311346/tools/bin/../lib/gcc/arm-none-eabi/9.3.1/thumb/v7-m/nofp\libgcc.a

.debug_info     0x0000000000000000     0xcece
 .debug_info    0x0000000000000000     0x1967 ./Core/Src/GUI_Paint.o
 .debug_info    0x0000000000001967      0xddb ./Core/Src/MS_Screen.o
 .debug_info    0x0000000000002742      0xee2 ./Core/Src/Screen.o
 .debug_info    0x0000000000003624     0x10f1 ./Core/Src/ScreenConfig.o
 .debug_info    0x0000000000004715     0x1770 ./Core/Src/main.o
 .debug_info    0x0000000000005e85      0xa50 ./Core/Src/stm32f2xx_hal_msp.o
 .debug_info    0x00000000000068d5      0x222 ./Core/Src/stm32f2xx_it.o
 .debug_info    0x0000000000006af7      0xfa8 ./Core/Src/syscalls.o
 .debug_info    0x0000000000007a9f      0xa25 ./Core/Src/sysmem.o
 .debug_info    0x00000000000084c4      0x3e9 ./Core/Src/system_stm32f2xx.o
 .debug_info    0x00000000000088ad      0x232 ./Core/Src/fonts/font24.o
 .debug_info    0x0000000000008adf       0x22 ./Core/Startup/startup_stm32f207vgtx.o
 .debug_info    0x0000000000008b01      0xa1b ./Drivers/STM32F2xx_HAL_Driver/Src/stm32f2xx_hal.o
 .debug_info    0x000000000000951c      0xed7 ./Drivers/STM32F2xx_HAL_Driver/Src/stm32f2xx_hal_cortex.o
 .debug_info    0x000000000000a3f3      0x804 ./Drivers/STM32F2xx_HAL_Driver/Src/stm32f2xx_hal_gpio.o
 .debug_info    0x000000000000abf7      0xb27 ./Drivers/STM32F2xx_HAL_Driver/Src/stm32f2xx_hal_rcc.o
 .debug_info    0x000000000000b71e     0x17b0 ./Drivers/STM32F2xx_HAL_Driver/Src/stm32f2xx_hal_spi.o

.debug_abbrev   0x0000000000000000     0x2212
 .debug_abbrev  0x0000000000000000      0x2ce ./Core/Src/GUI_Paint.o
 .debug_abbrev  0x00000000000002ce      0x213 ./Core/Src/MS_Screen.o
 .debug_abbrev  0x00000000000004e1      0x2d5 ./Core/Src/Screen.o
 .debug_abbrev  0x00000000000007b6      0x269 ./Core/Src/ScreenConfig.o
 .debug_abbrev  0x0000000000000a1f      0x28e ./Core/Src/main.o
 .debug_abbrev  0x0000000000000cad      0x1ac ./Core/Src/stm32f2xx_hal_msp.o
 .debug_abbrev  0x0000000000000e59       0xd2 ./Core/Src/stm32f2xx_it.o
 .debug_abbrev  0x0000000000000f2b      0x286 ./Core/Src/syscalls.o
 .debug_abbrev  0x00000000000011b1      0x1bf ./Core/Src/sysmem.o
 .debug_abbrev  0x0000000000001370      0x145 ./Core/Src/system_stm32f2xx.o
 .debug_abbrev  0x00000000000014b5       0xc9 ./Core/Src/fonts/font24.o
 .debug_abbrev  0x000000000000157e       0x12 ./Core/Startup/startup_stm32f207vgtx.o
 .debug_abbrev  0x0000000000001590      0x25d ./Drivers/STM32F2xx_HAL_Driver/Src/stm32f2xx_hal.o
 .debug_abbrev  0x00000000000017ed      0x33c ./Drivers/STM32F2xx_HAL_Driver/Src/stm32f2xx_hal_cortex.o
 .debug_abbrev  0x0000000000001b29      0x1e8 ./Drivers/STM32F2xx_HAL_Driver/Src/stm32f2xx_hal_gpio.o
 .debug_abbrev  0x0000000000001d11      0x293 ./Drivers/STM32F2xx_HAL_Driver/Src/stm32f2xx_hal_rcc.o
 .debug_abbrev  0x0000000000001fa4      0x26e ./Drivers/STM32F2xx_HAL_Driver/Src/stm32f2xx_hal_spi.o

.debug_aranges  0x0000000000000000      0x888
 .debug_aranges
                0x0000000000000000       0xb8 ./Core/Src/GUI_Paint.o
 .debug_aranges
                0x00000000000000b8       0x50 ./Core/Src/MS_Screen.o
 .debug_aranges
                0x0000000000000108       0x88 ./Core/Src/Screen.o
 .debug_aranges
                0x0000000000000190       0x40 ./Core/Src/ScreenConfig.o
 .debug_aranges
                0x00000000000001d0       0x40 ./Core/Src/main.o
 .debug_aranges
                0x0000000000000210       0x30 ./Core/Src/stm32f2xx_hal_msp.o
 .debug_aranges
                0x0000000000000240       0x60 ./Core/Src/stm32f2xx_it.o
 .debug_aranges
                0x00000000000002a0       0xa8 ./Core/Src/syscalls.o
 .debug_aranges
                0x0000000000000348       0x20 ./Core/Src/sysmem.o
 .debug_aranges
                0x0000000000000368       0x28 ./Core/Src/system_stm32f2xx.o
 .debug_aranges
                0x0000000000000390       0x18 ./Core/Src/fonts/font24.o
 .debug_aranges
                0x00000000000003a8       0x28 ./Core/Startup/startup_stm32f207vgtx.o
 .debug_aranges
                0x00000000000003d0       0xf0 ./Drivers/STM32F2xx_HAL_Driver/Src/stm32f2xx_hal.o
 .debug_aranges
                0x00000000000004c0      0x118 ./Drivers/STM32F2xx_HAL_Driver/Src/stm32f2xx_hal_cortex.o
 .debug_aranges
                0x00000000000005d8       0x58 ./Drivers/STM32F2xx_HAL_Driver/Src/stm32f2xx_hal_gpio.o
 .debug_aranges
                0x0000000000000630       0x88 ./Drivers/STM32F2xx_HAL_Driver/Src/stm32f2xx_hal_rcc.o
 .debug_aranges
                0x00000000000006b8      0x1d0 ./Drivers/STM32F2xx_HAL_Driver/Src/stm32f2xx_hal_spi.o

.debug_ranges   0x0000000000000000      0x778
 .debug_ranges  0x0000000000000000       0xa8 ./Core/Src/GUI_Paint.o
 .debug_ranges  0x00000000000000a8       0x40 ./Core/Src/MS_Screen.o
 .debug_ranges  0x00000000000000e8       0x78 ./Core/Src/Screen.o
 .debug_ranges  0x0000000000000160       0x30 ./Core/Src/ScreenConfig.o
 .debug_ranges  0x0000000000000190       0x30 ./Core/Src/main.o
 .debug_ranges  0x00000000000001c0       0x20 ./Core/Src/stm32f2xx_hal_msp.o
 .debug_ranges  0x00000000000001e0       0x50 ./Core/Src/stm32f2xx_it.o
 .debug_ranges  0x0000000000000230       0x98 ./Core/Src/syscalls.o
 .debug_ranges  0x00000000000002c8       0x10 ./Core/Src/sysmem.o
 .debug_ranges  0x00000000000002d8       0x18 ./Core/Src/system_stm32f2xx.o
 .debug_ranges  0x00000000000002f0       0x20 ./Core/Startup/startup_stm32f207vgtx.o
 .debug_ranges  0x0000000000000310       0xe0 ./Drivers/STM32F2xx_HAL_Driver/Src/stm32f2xx_hal.o
 .debug_ranges  0x00000000000003f0      0x108 ./Drivers/STM32F2xx_HAL_Driver/Src/stm32f2xx_hal_cortex.o
 .debug_ranges  0x00000000000004f8       0x48 ./Drivers/STM32F2xx_HAL_Driver/Src/stm32f2xx_hal_gpio.o
 .debug_ranges  0x0000000000000540       0x78 ./Drivers/STM32F2xx_HAL_Driver/Src/stm32f2xx_hal_rcc.o
 .debug_ranges  0x00000000000005b8      0x1c0 ./Drivers/STM32F2xx_HAL_Driver/Src/stm32f2xx_hal_spi.o

.debug_macro    0x0000000000000000    0x20d07
 .debug_macro   0x0000000000000000      0x3d2 ./Core/Src/GUI_Paint.o
 .debug_macro   0x00000000000003d2      0xa9c ./Core/Src/GUI_Paint.o
 .debug_macro   0x0000000000000e6e      0x238 ./Core/Src/GUI_Paint.o
 .debug_macro   0x00000000000010a6       0x2e ./Core/Src/GUI_Paint.o
 .debug_macro   0x00000000000010d4       0x22 ./Core/Src/GUI_Paint.o
 .debug_macro   0x00000000000010f6       0x22 ./Core/Src/GUI_Paint.o
 .debug_macro   0x0000000000001118       0x8e ./Core/Src/GUI_Paint.o
 .debug_macro   0x00000000000011a6       0x51 ./Core/Src/GUI_Paint.o
 .debug_macro   0x00000000000011f7      0x103 ./Core/Src/GUI_Paint.o
 .debug_macro   0x00000000000012fa       0x6a ./Core/Src/GUI_Paint.o
 .debug_macro   0x0000000000001364      0x1df ./Core/Src/GUI_Paint.o
 .debug_macro   0x0000000000001543       0x1c ./Core/Src/GUI_Paint.o
 .debug_macro   0x000000000000155f       0x22 ./Core/Src/GUI_Paint.o
 .debug_macro   0x0000000000001581       0xc3 ./Core/Src/GUI_Paint.o
 .debug_macro   0x0000000000001644      0xe49 ./Core/Src/GUI_Paint.o
 .debug_macro   0x000000000000248d      0x11f ./Core/Src/GUI_Paint.o
 .debug_macro   0x00000000000025ac    0x14fe1 ./Core/Src/GUI_Paint.o
 .debug_macro   0x000000000001758d       0x43 ./Core/Src/GUI_Paint.o
 .debug_macro   0x00000000000175d0     0x358e ./Core/Src/GUI_Paint.o
 .debug_macro   0x000000000001ab5e      0x174 ./Core/Src/GUI_Paint.o
 .debug_macro   0x000000000001acd2       0x55 ./Core/Src/GUI_Paint.o
 .debug_macro   0x000000000001ad27     0x1057 ./Core/Src/GUI_Paint.o
 .debug_macro   0x000000000001bd7e      0x153 ./Core/Src/GUI_Paint.o
 .debug_macro   0x000000000001bed1      0x170 ./Core/Src/GUI_Paint.o
 .debug_macro   0x000000000001c041      0x116 ./Core/Src/GUI_Paint.o
 .debug_macro   0x000000000001c157      0x108 ./Core/Src/GUI_Paint.o
 .debug_macro   0x000000000001c25f       0xa5 ./Core/Src/GUI_Paint.o
 .debug_macro   0x000000000001c304      0x16a ./Core/Src/GUI_Paint.o
 .debug_macro   0x000000000001c46e      0x287 ./Core/Src/GUI_Paint.o
 .debug_macro   0x000000000001c6f5       0x5f ./Core/Src/GUI_Paint.o
 .debug_macro   0x000000000001c754      0x236 ./Core/Src/GUI_Paint.o
 .debug_macro   0x000000000001c98a      0x126 ./Core/Src/GUI_Paint.o
 .debug_macro   0x000000000001cab0      0x216 ./Core/Src/GUI_Paint.o
 .debug_macro   0x000000000001ccc6       0x2e ./Core/Src/GUI_Paint.o
 .debug_macro   0x000000000001ccf4      0x113 ./Core/Src/GUI_Paint.o
 .debug_macro   0x000000000001ce07       0x22 ./Core/Src/GUI_Paint.o
 .debug_macro   0x000000000001ce29       0x82 ./Core/Src/GUI_Paint.o
 .debug_macro   0x000000000001ceab      0x225 ./Core/Src/GUI_Paint.o
 .debug_macro   0x000000000001d0d0      0x12d ./Core/Src/GUI_Paint.o
 .debug_macro   0x000000000001d1fd       0x4c ./Core/Src/GUI_Paint.o
 .debug_macro   0x000000000001d249       0x52 ./Core/Src/GUI_Paint.o
 .debug_macro   0x000000000001d29b       0x18 ./Core/Src/GUI_Paint.o
 .debug_macro   0x000000000001d2b3       0x3c ./Core/Src/GUI_Paint.o
 .debug_macro   0x000000000001d2ef       0x34 ./Core/Src/GUI_Paint.o
 .debug_macro   0x000000000001d323       0x16 ./Core/Src/GUI_Paint.o
 .debug_macro   0x000000000001d339       0x35 ./Core/Src/GUI_Paint.o
 .debug_macro   0x000000000001d36e      0x333 ./Core/Src/GUI_Paint.o
 .debug_macro   0x000000000001d6a1       0x10 ./Core/Src/GUI_Paint.o
 .debug_macro   0x000000000001d6b1       0x16 ./Core/Src/GUI_Paint.o
 .debug_macro   0x000000000001d6c7       0x43 ./Core/Src/GUI_Paint.o
 .debug_macro   0x000000000001d70a       0x34 ./Core/Src/GUI_Paint.o
 .debug_macro   0x000000000001d73e       0x10 ./Core/Src/GUI_Paint.o
 .debug_macro   0x000000000001d74e       0x58 ./Core/Src/GUI_Paint.o
 .debug_macro   0x000000000001d7a6       0x71 ./Core/Src/GUI_Paint.o
 .debug_macro   0x000000000001d817       0x1c ./Core/Src/GUI_Paint.o
 .debug_macro   0x000000000001d833      0x12a ./Core/Src/GUI_Paint.o
 .debug_macro   0x000000000001d95d       0x10 ./Core/Src/GUI_Paint.o
 .debug_macro   0x000000000001d96d       0x1c ./Core/Src/GUI_Paint.o
 .debug_macro   0x000000000001d989       0x52 ./Core/Src/GUI_Paint.o
 .debug_macro   0x000000000001d9db       0x22 ./Core/Src/GUI_Paint.o
 .debug_macro   0x000000000001d9fd       0x10 ./Core/Src/GUI_Paint.o
 .debug_macro   0x000000000001da0d       0x40 ./Core/Src/GUI_Paint.o
 .debug_macro   0x000000000001da4d       0xd5 ./Core/Src/GUI_Paint.o
 .debug_macro   0x000000000001db22       0x1c ./Core/Src/GUI_Paint.o
 .debug_macro   0x000000000001db3e       0x3d ./Core/Src/GUI_Paint.o
 .debug_macro   0x000000000001db7b       0x16 ./Core/Src/GUI_Paint.o
 .debug_macro   0x000000000001db91      0x145 ./Core/Src/GUI_Paint.o
 .debug_macro   0x000000000001dcd6       0x1c ./Core/Src/GUI_Paint.o
 .debug_macro   0x000000000001dcf2       0x1c ./Core/Src/GUI_Paint.o
 .debug_macro   0x000000000001dd0e       0x76 ./Core/Src/GUI_Paint.o
 .debug_macro   0x000000000001dd84       0x16 ./Core/Src/GUI_Paint.o
 .debug_macro   0x000000000001dd9a       0x16 ./Core/Src/GUI_Paint.o
 .debug_macro   0x000000000001ddb0       0x16 ./Core/Src/GUI_Paint.o
 .debug_macro   0x000000000001ddc6       0x29 ./Core/Src/GUI_Paint.o
 .debug_macro   0x000000000001ddef       0x16 ./Core/Src/GUI_Paint.o
 .debug_macro   0x000000000001de05       0x20 ./Core/Src/GUI_Paint.o
 .debug_macro   0x000000000001de25      0x1a9 ./Core/Src/GUI_Paint.o
 .debug_macro   0x000000000001dfce      0x3b8 ./Core/Src/MS_Screen.o
 .debug_macro   0x000000000001e386       0x10 ./Core/Src/MS_Screen.o
 .debug_macro   0x000000000001e396       0x2e ./Core/Src/MS_Screen.o
 .debug_macro   0x000000000001e3c4      0x342 ./Core/Src/Screen.o
 .debug_macro   0x000000000001e706      0x32a ./Core/Src/ScreenConfig.o
 .debug_macro   0x000000000001ea30      0x3b3 ./Core/Src/main.o
 .debug_macro   0x000000000001ede3      0x1c2 ./Core/Src/stm32f2xx_hal_msp.o
 .debug_macro   0x000000000001efa5      0x1cc ./Core/Src/stm32f2xx_it.o
 .debug_macro   0x000000000001f171      0x24c ./Core/Src/syscalls.o
 .debug_macro   0x000000000001f3bd       0x4c ./Core/Src/syscalls.o
 .debug_macro   0x000000000001f409       0x94 ./Core/Src/syscalls.o
 .debug_macro   0x000000000001f49d       0x57 ./Core/Src/syscalls.o
 .debug_macro   0x000000000001f4f4      0x339 ./Core/Src/syscalls.o
 .debug_macro   0x000000000001f82d       0x10 ./Core/Src/syscalls.o
 .debug_macro   0x000000000001f83d       0x10 ./Core/Src/syscalls.o
 .debug_macro   0x000000000001f84d       0x10 ./Core/Src/syscalls.o
 .debug_macro   0x000000000001f85d       0x35 ./Core/Src/syscalls.o
 .debug_macro   0x000000000001f892      0x12c ./Core/Src/syscalls.o
 .debug_macro   0x000000000001f9be       0x10 ./Core/Src/syscalls.o
 .debug_macro   0x000000000001f9ce      0x241 ./Core/Src/syscalls.o
 .debug_macro   0x000000000001fc0f       0x1c ./Core/Src/syscalls.o
 .debug_macro   0x000000000001fc2b       0x10 ./Core/Src/syscalls.o
 .debug_macro   0x000000000001fc3b      0x189 ./Core/Src/syscalls.o
 .debug_macro   0x000000000001fdc4       0x16 ./Core/Src/syscalls.o
 .debug_macro   0x000000000001fdda       0xce ./Core/Src/syscalls.o
 .debug_macro   0x000000000001fea8       0xff ./Core/Src/sysmem.o
 .debug_macro   0x000000000001ffa7      0x23b ./Core/Src/sysmem.o
 .debug_macro   0x00000000000201e2      0x1b3 ./Core/Src/system_stm32f2xx.o
 .debug_macro   0x0000000000020395       0x6c ./Core/Src/fonts/font24.o
 .debug_macro   0x0000000000020401      0x201 ./Drivers/STM32F2xx_HAL_Driver/Src/stm32f2xx_hal.o
 .debug_macro   0x0000000000020602      0x1b3 ./Drivers/STM32F2xx_HAL_Driver/Src/stm32f2xx_hal_cortex.o
 .debug_macro   0x00000000000207b5      0x1ba ./Drivers/STM32F2xx_HAL_Driver/Src/stm32f2xx_hal_gpio.o
 .debug_macro   0x000000000002096f      0x1dd ./Drivers/STM32F2xx_HAL_Driver/Src/stm32f2xx_hal_rcc.o
 .debug_macro   0x0000000000020b4c      0x1bb ./Drivers/STM32F2xx_HAL_Driver/Src/stm32f2xx_hal_spi.o

.debug_line     0x0000000000000000     0xb0e9
 .debug_line    0x0000000000000000     0x1710 ./Core/Src/GUI_Paint.o
 .debug_line    0x0000000000001710      0x96e ./Core/Src/MS_Screen.o
 .debug_line    0x000000000000207e      0xdba ./Core/Src/Screen.o
 .debug_line    0x0000000000002e38      0x8c4 ./Core/Src/ScreenConfig.o
 .debug_line    0x00000000000036fc      0x9e1 ./Core/Src/main.o
 .debug_line    0x00000000000040dd      0x6c0 ./Core/Src/stm32f2xx_hal_msp.o
 .debug_line    0x000000000000479d      0x736 ./Core/Src/stm32f2xx_it.o
 .debug_line    0x0000000000004ed3      0x802 ./Core/Src/syscalls.o
 .debug_line    0x00000000000056d5      0x4f8 ./Core/Src/sysmem.o
 .debug_line    0x0000000000005bcd      0x6f0 ./Core/Src/system_stm32f2xx.o
 .debug_line    0x00000000000062bd      0x391 ./Core/Src/fonts/font24.o
 .debug_line    0x000000000000664e       0x88 ./Core/Startup/startup_stm32f207vgtx.o
 .debug_line    0x00000000000066d6      0x987 ./Drivers/STM32F2xx_HAL_Driver/Src/stm32f2xx_hal.o
 .debug_line    0x000000000000705d      0xc0a ./Drivers/STM32F2xx_HAL_Driver/Src/stm32f2xx_hal_cortex.o
 .debug_line    0x0000000000007c67      0xad7 ./Drivers/STM32F2xx_HAL_Driver/Src/stm32f2xx_hal_gpio.o
 .debug_line    0x000000000000873e      0xe0d ./Drivers/STM32F2xx_HAL_Driver/Src/stm32f2xx_hal_rcc.o
 .debug_line    0x000000000000954b     0x1b9e ./Drivers/STM32F2xx_HAL_Driver/Src/stm32f2xx_hal_spi.o

.debug_str      0x0000000000000000    0xbc3b1
 .debug_str     0x0000000000000000    0xb89ea ./Core/Src/GUI_Paint.o
                                      0xb8dc5 (size before relaxing)
 .debug_str     0x00000000000b89ea      0x170 ./Core/Src/MS_Screen.o
                                      0xb81e0 (size before relaxing)
 .debug_str     0x00000000000b8b5a      0x1a7 ./Core/Src/Screen.o
                                      0xb7f11 (size before relaxing)
 .debug_str     0x00000000000b8d01      0x466 ./Core/Src/ScreenConfig.o
                                      0xb81b4 (size before relaxing)
 .debug_str     0x00000000000b9167      0x2cc ./Core/Src/main.o
                                      0xb8892 (size before relaxing)
 .debug_str     0x00000000000b9433       0x53 ./Core/Src/stm32f2xx_hal_msp.o
                                      0xb418b (size before relaxing)
 .debug_str     0x00000000000b9486       0xbd ./Core/Src/stm32f2xx_it.o
                                      0xb3c4e (size before relaxing)
 .debug_str     0x00000000000b9543     0x166e ./Core/Src/syscalls.o
                                       0x8ea3 (size before relaxing)
 .debug_str     0x00000000000babb1       0x6b ./Core/Src/sysmem.o
                                       0x6276 (size before relaxing)
 .debug_str     0x00000000000bac1c       0x5b ./Core/Src/system_stm32f2xx.o
                                      0xb3be8 (size before relaxing)
 .debug_str     0x00000000000bac77       0x28 ./Core/Src/fonts/font24.o
                                       0x3d9a (size before relaxing)
 .debug_str     0x00000000000bac9f       0x36 ./Core/Startup/startup_stm32f207vgtx.o
                                         0x8a (size before relaxing)
 .debug_str     0x00000000000bacd5      0x9b7 ./Drivers/STM32F2xx_HAL_Driver/Src/stm32f2xx_hal.o
                                      0xb4680 (size before relaxing)
 .debug_str     0x00000000000bb68c      0x3ed ./Drivers/STM32F2xx_HAL_Driver/Src/stm32f2xx_hal_cortex.o
                                      0xb4513 (size before relaxing)
 .debug_str     0x00000000000bba79      0x15d ./Drivers/STM32F2xx_HAL_Driver/Src/stm32f2xx_hal_gpio.o
                                      0xb3dd2 (size before relaxing)
 .debug_str     0x00000000000bbbd6      0x282 ./Drivers/STM32F2xx_HAL_Driver/Src/stm32f2xx_hal_rcc.o
                                      0xb4068 (size before relaxing)
 .debug_str     0x00000000000bbe58      0x559 ./Drivers/STM32F2xx_HAL_Driver/Src/stm32f2xx_hal_spi.o
                                      0xb44ba (size before relaxing)

.comment        0x0000000000000000       0x53
 .comment       0x0000000000000000       0x53 ./Core/Src/GUI_Paint.o
                                         0x54 (size before relaxing)
 .comment       0x0000000000000053       0x54 ./Core/Src/MS_Screen.o
 .comment       0x0000000000000053       0x54 ./Core/Src/Screen.o
 .comment       0x0000000000000053       0x54 ./Core/Src/ScreenConfig.o
 .comment       0x0000000000000053       0x54 ./Core/Src/main.o
 .comment       0x0000000000000053       0x54 ./Core/Src/stm32f2xx_hal_msp.o
 .comment       0x0000000000000053       0x54 ./Core/Src/stm32f2xx_it.o
 .comment       0x0000000000000053       0x54 ./Core/Src/syscalls.o
 .comment       0x0000000000000053       0x54 ./Core/Src/sysmem.o
 .comment       0x0000000000000053       0x54 ./Core/Src/system_stm32f2xx.o
 .comment       0x0000000000000053       0x54 ./Core/Src/fonts/font24.o
 .comment       0x0000000000000053       0x54 ./Drivers/STM32F2xx_HAL_Driver/Src/stm32f2xx_hal.o
 .comment       0x0000000000000053       0x54 ./Drivers/STM32F2xx_HAL_Driver/Src/stm32f2xx_hal_cortex.o
 .comment       0x0000000000000053       0x54 ./Drivers/STM32F2xx_HAL_Driver/Src/stm32f2xx_hal_gpio.o
 .comment       0x0000000000000053       0x54 ./Drivers/STM32F2xx_HAL_Driver/Src/stm32f2xx_hal_rcc.o
 .comment       0x0000000000000053       0x54 ./Drivers/STM32F2xx_HAL_Driver/Src/stm32f2xx_hal_spi.o

.debug_frame    0x0000000000000000     0x2708
 .debug_frame   0x0000000000000000      0x320 ./Core/Src/GUI_Paint.o
 .debug_frame   0x0000000000000320      0x100 ./Core/Src/MS_Screen.o
 .debug_frame   0x0000000000000420      0x1ec ./Core/Src/Screen.o
 .debug_frame   0x000000000000060c       0xb4 ./Core/Src/ScreenConfig.o
 .debug_frame   0x00000000000006c0       0xac ./Core/Src/main.o
 .debug_frame   0x000000000000076c       0x80 ./Core/Src/stm32f2xx_hal_msp.o
 .debug_frame   0x00000000000007ec      0x104 ./Core/Src/stm32f2xx_it.o
 .debug_frame   0x00000000000008f0      0x2ac ./Core/Src/syscalls.o
 .debug_frame   0x0000000000000b9c       0x34 ./Core/Src/sysmem.o
 .debug_frame   0x0000000000000bd0       0x58 ./Core/Src/system_stm32f2xx.o
 .debug_frame   0x0000000000000c28      0x384 ./Drivers/STM32F2xx_HAL_Driver/Src/stm32f2xx_hal.o
 .debug_frame   0x0000000000000fac      0x498 ./Drivers/STM32F2xx_HAL_Driver/Src/stm32f2xx_hal_cortex.o
 .debug_frame   0x0000000000001444      0x14c ./Drivers/STM32F2xx_HAL_Driver/Src/stm32f2xx_hal_gpio.o
 .debug_frame   0x0000000000001590      0x200 ./Drivers/STM32F2xx_HAL_Driver/Src/stm32f2xx_hal_rcc.o
 .debug_frame   0x0000000000001790      0x820 ./Drivers/STM32F2xx_HAL_Driver/Src/stm32f2xx_hal_spi.o
 .debug_frame   0x0000000000001fb0       0x20 c:/st/stm32cubeide_1.8.0/stm32cubeide/plugins/com.st.stm32cube.ide.mcu.externaltools.gnu-tools-for-stm32.9-2020-q2-update.win32_2.0.0.202105311346/tools/bin/../lib/gcc/arm-none-eabi/9.3.1/../../../../arm-none-eabi/lib/thumb/v7-m/nofp\libc_nano.a(lib_a-errno.o)
 .debug_frame   0x0000000000001fd0       0x2c c:/st/stm32cubeide_1.8.0/stm32cubeide/plugins/com.st.stm32cube.ide.mcu.externaltools.gnu-tools-for-stm32.9-2020-q2-update.win32_2.0.0.202105311346/tools/bin/../lib/gcc/arm-none-eabi/9.3.1/../../../../arm-none-eabi/lib/thumb/v7-m/nofp\libc_nano.a(lib_a-init.o)
 .debug_frame   0x0000000000001ffc       0x30 c:/st/stm32cubeide_1.8.0/stm32cubeide/plugins/com.st.stm32cube.ide.mcu.externaltools.gnu-tools-for-stm32.9-2020-q2-update.win32_2.0.0.202105311346/tools/bin/../lib/gcc/arm-none-eabi/9.3.1/../../../../arm-none-eabi/lib/thumb/v7-m/nofp\libc_nano.a(lib_a-malloc.o)
 .debug_frame   0x000000000000202c       0x20 c:/st/stm32cubeide_1.8.0/stm32cubeide/plugins/com.st.stm32cube.ide.mcu.externaltools.gnu-tools-for-stm32.9-2020-q2-update.win32_2.0.0.202105311346/tools/bin/../lib/gcc/arm-none-eabi/9.3.1/../../../../arm-none-eabi/lib/thumb/v7-m/nofp\libc_nano.a(lib_a-memset.o)
 .debug_frame   0x000000000000204c       0x38 c:/st/stm32cubeide_1.8.0/stm32cubeide/plugins/com.st.stm32cube.ide.mcu.externaltools.gnu-tools-for-stm32.9-2020-q2-update.win32_2.0.0.202105311346/tools/bin/../lib/gcc/arm-none-eabi/9.3.1/../../../../arm-none-eabi/lib/thumb/v7-m/nofp\libc_nano.a(lib_a-nano-freer.o)
 .debug_frame   0x0000000000002084       0x30 c:/st/stm32cubeide_1.8.0/stm32cubeide/plugins/com.st.stm32cube.ide.mcu.externaltools.gnu-tools-for-stm32.9-2020-q2-update.win32_2.0.0.202105311346/tools/bin/../lib/gcc/arm-none-eabi/9.3.1/../../../../arm-none-eabi/lib/thumb/v7-m/nofp\libc_nano.a(lib_a-nano-mallocr.o)
 .debug_frame   0x00000000000020b4       0x3c c:/st/stm32cubeide_1.8.0/stm32cubeide/plugins/com.st.stm32cube.ide.mcu.externaltools.gnu-tools-for-stm32.9-2020-q2-update.win32_2.0.0.202105311346/tools/bin/../lib/gcc/arm-none-eabi/9.3.1/../../../../arm-none-eabi/lib/thumb/v7-m/nofp\libc_nano.a(lib_a-puts.o)
 .debug_frame   0x00000000000020f0       0x2c c:/st/stm32cubeide_1.8.0/stm32cubeide/plugins/com.st.stm32cube.ide.mcu.externaltools.gnu-tools-for-stm32.9-2020-q2-update.win32_2.0.0.202105311346/tools/bin/../lib/gcc/arm-none-eabi/9.3.1/../../../../arm-none-eabi/lib/thumb/v7-m/nofp\libc_nano.a(lib_a-sbrkr.o)
 .debug_frame   0x000000000000211c       0x40 c:/st/stm32cubeide_1.8.0/stm32cubeide/plugins/com.st.stm32cube.ide.mcu.externaltools.gnu-tools-for-stm32.9-2020-q2-update.win32_2.0.0.202105311346/tools/bin/../lib/gcc/arm-none-eabi/9.3.1/../../../../arm-none-eabi/lib/thumb/v7-m/nofp\libc_nano.a(lib_a-wbuf.o)
 .debug_frame   0x000000000000215c       0x2c c:/st/stm32cubeide_1.8.0/stm32cubeide/plugins/com.st.stm32cube.ide.mcu.externaltools.gnu-tools-for-stm32.9-2020-q2-update.win32_2.0.0.202105311346/tools/bin/../lib/gcc/arm-none-eabi/9.3.1/../../../../arm-none-eabi/lib/thumb/v7-m/nofp\libc_nano.a(lib_a-wsetup.o)
 .debug_frame   0x0000000000002188       0x5c c:/st/stm32cubeide_1.8.0/stm32cubeide/plugins/com.st.stm32cube.ide.mcu.externaltools.gnu-tools-for-stm32.9-2020-q2-update.win32_2.0.0.202105311346/tools/bin/../lib/gcc/arm-none-eabi/9.3.1/../../../../arm-none-eabi/lib/thumb/v7-m/nofp\libc_nano.a(lib_a-fflush.o)
 .debug_frame   0x00000000000021e4      0x14c c:/st/stm32cubeide_1.8.0/stm32cubeide/plugins/com.st.stm32cube.ide.mcu.externaltools.gnu-tools-for-stm32.9-2020-q2-update.win32_2.0.0.202105311346/tools/bin/../lib/gcc/arm-none-eabi/9.3.1/../../../../arm-none-eabi/lib/thumb/v7-m/nofp\libc_nano.a(lib_a-findfp.o)
 .debug_frame   0x0000000000002330       0x54 c:/st/stm32cubeide_1.8.0/stm32cubeide/plugins/com.st.stm32cube.ide.mcu.externaltools.gnu-tools-for-stm32.9-2020-q2-update.win32_2.0.0.202105311346/tools/bin/../lib/gcc/arm-none-eabi/9.3.1/../../../../arm-none-eabi/lib/thumb/v7-m/nofp\libc_nano.a(lib_a-fwalk.o)
 .debug_frame   0x0000000000002384       0xb0 c:/st/stm32cubeide_1.8.0/stm32cubeide/plugins/com.st.stm32cube.ide.mcu.externaltools.gnu-tools-for-stm32.9-2020-q2-update.win32_2.0.0.202105311346/tools/bin/../lib/gcc/arm-none-eabi/9.3.1/../../../../arm-none-eabi/lib/thumb/v7-m/nofp\libc_nano.a(lib_a-lock.o)
 .debug_frame   0x0000000000002434       0x58 c:/st/stm32cubeide_1.8.0/stm32cubeide/plugins/com.st.stm32cube.ide.mcu.externaltools.gnu-tools-for-stm32.9-2020-q2-update.win32_2.0.0.202105311346/tools/bin/../lib/gcc/arm-none-eabi/9.3.1/../../../../arm-none-eabi/lib/thumb/v7-m/nofp\libc_nano.a(lib_a-makebuf.o)
 .debug_frame   0x000000000000248c       0x30 c:/st/stm32cubeide_1.8.0/stm32cubeide/plugins/com.st.stm32cube.ide.mcu.externaltools.gnu-tools-for-stm32.9-2020-q2-update.win32_2.0.0.202105311346/tools/bin/../lib/gcc/arm-none-eabi/9.3.1/../../../../arm-none-eabi/lib/thumb/v7-m/nofp\libc_nano.a(lib_a-mlock.o)
 .debug_frame   0x00000000000024bc       0x5c c:/st/stm32cubeide_1.8.0/stm32cubeide/plugins/com.st.stm32cube.ide.mcu.externaltools.gnu-tools-for-stm32.9-2020-q2-update.win32_2.0.0.202105311346/tools/bin/../lib/gcc/arm-none-eabi/9.3.1/../../../../arm-none-eabi/lib/thumb/v7-m/nofp\libc_nano.a(lib_a-reent.o)
 .debug_frame   0x0000000000002518       0x88 c:/st/stm32cubeide_1.8.0/stm32cubeide/plugins/com.st.stm32cube.ide.mcu.externaltools.gnu-tools-for-stm32.9-2020-q2-update.win32_2.0.0.202105311346/tools/bin/../lib/gcc/arm-none-eabi/9.3.1/../../../../arm-none-eabi/lib/thumb/v7-m/nofp\libc_nano.a(lib_a-stdio.o)
 .debug_frame   0x00000000000025a0       0x2c c:/st/stm32cubeide_1.8.0/stm32cubeide/plugins/com.st.stm32cube.ide.mcu.externaltools.gnu-tools-for-stm32.9-2020-q2-update.win32_2.0.0.202105311346/tools/bin/../lib/gcc/arm-none-eabi/9.3.1/../../../../arm-none-eabi/lib/thumb/v7-m/nofp\libc_nano.a(lib_a-writer.o)
 .debug_frame   0x00000000000025cc       0x2c c:/st/stm32cubeide_1.8.0/stm32cubeide/plugins/com.st.stm32cube.ide.mcu.externaltools.gnu-tools-for-stm32.9-2020-q2-update.win32_2.0.0.202105311346/tools/bin/../lib/gcc/arm-none-eabi/9.3.1/../../../../arm-none-eabi/lib/thumb/v7-m/nofp\libc_nano.a(lib_a-closer.o)
 .debug_frame   0x00000000000025f8       0x2c c:/st/stm32cubeide_1.8.0/stm32cubeide/plugins/com.st.stm32cube.ide.mcu.externaltools.gnu-tools-for-stm32.9-2020-q2-update.win32_2.0.0.202105311346/tools/bin/../lib/gcc/arm-none-eabi/9.3.1/../../../../arm-none-eabi/lib/thumb/v7-m/nofp\libc_nano.a(lib_a-fstatr.o)
 .debug_frame   0x0000000000002624       0x2c c:/st/stm32cubeide_1.8.0/stm32cubeide/plugins/com.st.stm32cube.ide.mcu.externaltools.gnu-tools-for-stm32.9-2020-q2-update.win32_2.0.0.202105311346/tools/bin/../lib/gcc/arm-none-eabi/9.3.1/../../../../arm-none-eabi/lib/thumb/v7-m/nofp\libc_nano.a(lib_a-isattyr.o)
 .debug_frame   0x0000000000002650       0x2c c:/st/stm32cubeide_1.8.0/stm32cubeide/plugins/com.st.stm32cube.ide.mcu.externaltools.gnu-tools-for-stm32.9-2020-q2-update.win32_2.0.0.202105311346/tools/bin/../lib/gcc/arm-none-eabi/9.3.1/../../../../arm-none-eabi/lib/thumb/v7-m/nofp\libc_nano.a(lib_a-lseekr.o)
 .debug_frame   0x000000000000267c       0x2c c:/st/stm32cubeide_1.8.0/stm32cubeide/plugins/com.st.stm32cube.ide.mcu.externaltools.gnu-tools-for-stm32.9-2020-q2-update.win32_2.0.0.202105311346/tools/bin/../lib/gcc/arm-none-eabi/9.3.1/../../../../arm-none-eabi/lib/thumb/v7-m/nofp\libc_nano.a(lib_a-readr.o)
 .debug_frame   0x00000000000026a8       0x2c c:/st/stm32cubeide_1.8.0/stm32cubeide/plugins/com.st.stm32cube.ide.mcu.externaltools.gnu-tools-for-stm32.9-2020-q2-update.win32_2.0.0.202105311346/tools/bin/../lib/gcc/arm-none-eabi/9.3.1/thumb/v7-m/nofp\libgcc.a(_aeabi_uldivmod.o)